Archive member included to satisfy reference by file (symbol)

/Applications/STM32CubeIDE.app/Contents/Eclipse/plugins/com.st.stm32cube.ide.mcu.externaltools.gnu-tools-for-stm32.12.3.rel1.macos64_1.0.200.202406191456/tools/bin/../lib/gcc/arm-none-eabi/12.3.1/../../../../arm-none-eabi/lib/thumb/v7e-m+fp/hard/libm.a(libm_a-w_atan2.o)
                              ./Core/Src/calculate.o (atan2)
/Applications/STM32CubeIDE.app/Contents/Eclipse/plugins/com.st.stm32cube.ide.mcu.externaltools.gnu-tools-for-stm32.12.3.rel1.macos64_1.0.200.202406191456/tools/bin/../lib/gcc/arm-none-eabi/12.3.1/../../../../arm-none-eabi/lib/thumb/v7e-m+fp/hard/libm.a(libm_a-e_atan2.o)
                              /Applications/STM32CubeIDE.app/Contents/Eclipse/plugins/com.st.stm32cube.ide.mcu.externaltools.gnu-tools-for-stm32.12.3.rel1.macos64_1.0.200.202406191456/tools/bin/../lib/gcc/arm-none-eabi/12.3.1/../../../../arm-none-eabi/lib/thumb/v7e-m+fp/hard/libm.a(libm_a-w_atan2.o) (__ieee754_atan2)
/Applications/STM32CubeIDE.app/Contents/Eclipse/plugins/com.st.stm32cube.ide.mcu.externaltools.gnu-tools-for-stm32.12.3.rel1.macos64_1.0.200.202406191456/tools/bin/../lib/gcc/arm-none-eabi/12.3.1/../../../../arm-none-eabi/lib/thumb/v7e-m+fp/hard/libm.a(libm_a-w_sqrt.o)
                              ./Core/Src/calculate.o (sqrt)
/Applications/STM32CubeIDE.app/Contents/Eclipse/plugins/com.st.stm32cube.ide.mcu.externaltools.gnu-tools-for-stm32.12.3.rel1.macos64_1.0.200.202406191456/tools/bin/../lib/gcc/arm-none-eabi/12.3.1/../../../../arm-none-eabi/lib/thumb/v7e-m+fp/hard/libm.a(libm_a-s_atan.o)
                              /Applications/STM32CubeIDE.app/Contents/Eclipse/plugins/com.st.stm32cube.ide.mcu.externaltools.gnu-tools-for-stm32.12.3.rel1.macos64_1.0.200.202406191456/tools/bin/../lib/gcc/arm-none-eabi/12.3.1/../../../../arm-none-eabi/lib/thumb/v7e-m+fp/hard/libm.a(libm_a-e_atan2.o) (atan)
/Applications/STM32CubeIDE.app/Contents/Eclipse/plugins/com.st.stm32cube.ide.mcu.externaltools.gnu-tools-for-stm32.12.3.rel1.macos64_1.0.200.202406191456/tools/bin/../lib/gcc/arm-none-eabi/12.3.1/../../../../arm-none-eabi/lib/thumb/v7e-m+fp/hard/libm.a(libm_a-s_cos.o)
                              ./Core/Src/calculate.o (cos)
/Applications/STM32CubeIDE.app/Contents/Eclipse/plugins/com.st.stm32cube.ide.mcu.externaltools.gnu-tools-for-stm32.12.3.rel1.macos64_1.0.200.202406191456/tools/bin/../lib/gcc/arm-none-eabi/12.3.1/../../../../arm-none-eabi/lib/thumb/v7e-m+fp/hard/libm.a(libm_a-s_fabs.o)
                              /Applications/STM32CubeIDE.app/Contents/Eclipse/plugins/com.st.stm32cube.ide.mcu.externaltools.gnu-tools-for-stm32.12.3.rel1.macos64_1.0.200.202406191456/tools/bin/../lib/gcc/arm-none-eabi/12.3.1/../../../../arm-none-eabi/lib/thumb/v7e-m+fp/hard/libm.a(libm_a-e_atan2.o) (fabs)
/Applications/STM32CubeIDE.app/Contents/Eclipse/plugins/com.st.stm32cube.ide.mcu.externaltools.gnu-tools-for-stm32.12.3.rel1.macos64_1.0.200.202406191456/tools/bin/../lib/gcc/arm-none-eabi/12.3.1/../../../../arm-none-eabi/lib/thumb/v7e-m+fp/hard/libm.a(libm_a-s_sin.o)
                              ./Core/Src/calculate.o (sin)
/Applications/STM32CubeIDE.app/Contents/Eclipse/plugins/com.st.stm32cube.ide.mcu.externaltools.gnu-tools-for-stm32.12.3.rel1.macos64_1.0.200.202406191456/tools/bin/../lib/gcc/arm-none-eabi/12.3.1/../../../../arm-none-eabi/lib/thumb/v7e-m+fp/hard/libm.a(libm_a-e_sqrt.o)
                              /Applications/STM32CubeIDE.app/Contents/Eclipse/plugins/com.st.stm32cube.ide.mcu.externaltools.gnu-tools-for-stm32.12.3.rel1.macos64_1.0.200.202406191456/tools/bin/../lib/gcc/arm-none-eabi/12.3.1/../../../../arm-none-eabi/lib/thumb/v7e-m+fp/hard/libm.a(libm_a-w_sqrt.o) (__ieee754_sqrt)
/Applications/STM32CubeIDE.app/Contents/Eclipse/plugins/com.st.stm32cube.ide.mcu.externaltools.gnu-tools-for-stm32.12.3.rel1.macos64_1.0.200.202406191456/tools/bin/../lib/gcc/arm-none-eabi/12.3.1/../../../../arm-none-eabi/lib/thumb/v7e-m+fp/hard/libm.a(libm_a-e_rem_pio2.o)
                              /Applications/STM32CubeIDE.app/Contents/Eclipse/plugins/com.st.stm32cube.ide.mcu.externaltools.gnu-tools-for-stm32.12.3.rel1.macos64_1.0.200.202406191456/tools/bin/../lib/gcc/arm-none-eabi/12.3.1/../../../../arm-none-eabi/lib/thumb/v7e-m+fp/hard/libm.a(libm_a-s_cos.o) (__ieee754_rem_pio2)
/Applications/STM32CubeIDE.app/Contents/Eclipse/plugins/com.st.stm32cube.ide.mcu.externaltools.gnu-tools-for-stm32.12.3.rel1.macos64_1.0.200.202406191456/tools/bin/../lib/gcc/arm-none-eabi/12.3.1/../../../../arm-none-eabi/lib/thumb/v7e-m+fp/hard/libm.a(libm_a-k_rem_pio2.o)
                              /Applications/STM32CubeIDE.app/Contents/Eclipse/plugins/com.st.stm32cube.ide.mcu.externaltools.gnu-tools-for-stm32.12.3.rel1.macos64_1.0.200.202406191456/tools/bin/../lib/gcc/arm-none-eabi/12.3.1/../../../../arm-none-eabi/lib/thumb/v7e-m+fp/hard/libm.a(libm_a-e_rem_pio2.o) (__kernel_rem_pio2)
[...]
Memory Configuration

Name             Origin             Length             Attributes
RAM              0x20000000         0x00010000         xrw
RAM2             0x10000000         0x00004000         xrw
FLASH            0x08000000         0x00040000         xr
*default*        0x00000000         0xffffffff

Linker script and memory map

LOAD /Applications/STM32CubeIDE.app/Contents/Eclipse/plugins/com.st.stm32cube.ide.mcu.externaltools.gnu-tools-for-stm32.12.3.rel1.macos64_1.0.200.202406191456/tools/bin/../lib/gcc/arm-none-eabi/12.3.1/thumb/v7e-m+fp/hard/crti.o
LOAD /Applications/STM32CubeIDE.app/Contents/Eclipse/plugins/com.st.stm32cube.ide.mcu.externaltools.gnu-tools-for-stm32.12.3.rel1.macos64_1.0.200.202406191456/tools/bin/../lib/gcc/arm-none-eabi/12.3.1/thumb/v7e-m+fp/hard/crtbegin.o
LOAD /Applications/STM32CubeIDE.app/Contents/Eclipse/plugins/com.st.stm32cube.ide.mcu.externaltools.gnu-tools-for-stm32.12.3.rel1.macos64_1.0.200.202406191456/tools/bin/../lib/gcc/arm-none-eabi/12.3.1/../../../../arm-none-eabi/lib/thumb/v7e-m+fp/hard/crt0.o
LOAD ./Core/Src/MAX_M8C.o
LOAD ./Core/Src/calculate.o
LOAD ./Core/Src/encoder.o
LOAD ./Core/Src/freertos.o
LOAD ./Core/Src/main.o
LOAD ./Core/Src/self_gps.o
LOAD ./Core/Src/servo.o
LOAD ./Core/Src/stepper.o
LOAD ./Core/Src/stm32l4xx_hal_msp.o
LOAD ./Core/Src/stm32l4xx_hal_timebase_tim.o
LOAD ./Core/Src/stm32l4xx_it.o
LOAD ./Core/Src/syscalls.o
LOAD ./Core/Src/sysmem.o
LOAD ./Core/Src/system_stm32l4xx.o
LOAD ./Core/Src/target_gps.o
LOAD ./Core/Startup/startup_stm32l433cctx.o
LOAD ./Drivers/STM32L4xx_HAL_Driver/Src/stm32l4xx_hal.o
LOAD ./Drivers/STM32L4xx_HAL_Driver/Src/stm32l4xx_hal_cortex.o
LOAD ./Drivers/STM32L4xx_HAL_Driver/Src/stm32l4xx_hal_dma.o
LOAD ./Drivers/STM32L4xx_HAL_Driver/Src/stm32l4xx_hal_dma_ex.o
LOAD ./Drivers/STM32L4xx_HAL_Driver/Src/stm32l4xx_hal_exti.o
LOAD ./Drivers/STM32L4xx_HAL_Driver/Src/stm32l4xx_hal_flash.o
LOAD ./Drivers/STM32L4xx_HAL_Driver/Src/stm32l4xx_hal_flash_ex.o
LOAD ./Drivers/STM32L4xx_HAL_Driver/Src/stm32l4xx_hal_flash_ramfunc.o
LOAD ./Drivers/STM32L4xx_HAL_Driver/Src/stm32l4xx_hal_gpio.o
LOAD ./Drivers/STM32L4xx_HAL_Driver/Src/stm32l4xx_hal_i2c.o
LOAD ./Drivers/STM32L4xx_HAL_Driver/Src/stm32l4xx_hal_i2c_ex.o
LOAD ./Drivers/STM32L4xx_HAL_Driver/Src/stm32l4xx_hal_pwr.o
LOAD ./Drivers/STM32L4xx_HAL_Driver/Src/stm32l4xx_hal_pwr_ex.o
LOAD ./Drivers/STM32L4xx_HAL_Driver/Src/stm32l4xx_hal_rcc.o
LOAD ./Drivers/STM32L4xx_HAL_Driver/Src/stm32l4xx_hal_rcc_ex.o
LOAD ./Drivers/STM32L4xx_HAL_Driver/Src/stm32l4xx_hal_tim.o
LOAD ./Drivers/STM32L4xx_HAL_Driver/Src/stm32l4xx_hal_tim_ex.o
LOAD ./Drivers/STM32L4xx_HAL_Driver/Src/stm32l4xx_hal_uart.o
LOAD ./Drivers/STM32L4xx_HAL_Driver/Src/stm32l4xx_hal_uart_ex.o
LOAD ./Middlewares/Third_Party/FreeRTOS/Source/CMSIS_RTOS_V2/cmsis_os2.o
LOAD ./Middlewares/Third_Party/FreeRTOS/Source/croutine.o
LOAD ./Middlewares/Third_Party/FreeRTOS/Source/event_groups.o
LOAD ./Middlewares/Third_Party/FreeRTOS/Source/list.o
LOAD ./Middlewares/Third_Party/FreeRTOS/Source/queue.o
LOAD ./Middlewares/Third_Party/FreeRTOS/Source/stream_buffer.o
LOAD ./Middlewares/Third_Party/FreeRTOS/Source/tasks.o
LOAD ./Middlewares/Third_Party/FreeRTOS/Source/timers.o
LOAD ./Middlewares/Third_Party/FreeRTOS/Source/portable/GCC/ARM_CM4F/port.o
LOAD ./Middlewares/Third_Party/FreeRTOS/Source/portable/MemMang/heap_4.o
START GROUP
LOAD /Applications/STM32CubeIDE.app/Contents/Eclipse/plugins/com.st.stm32cube.ide.mcu.externaltools.gnu-tools-for-stm32.12.3.rel1.macos64_1.0.200.202406191456/tools/bin/../lib/gcc/arm-none-eabi/12.3.1/../../../../arm-none-eabi/lib/thumb/v7e-m+fp/hard/libstdc++_nano.a
LOAD /Applications/STM32CubeIDE.app/Contents/Eclipse/plugins/com.st.stm32cube.ide.mcu.externaltools.gnu-tools-for-stm32.12.3.rel1.macos64_1.0.200.202406191456/tools/bin/../lib/gcc/arm-none-eabi/12.3.1/../../../../arm-none-eabi/lib/thumb/v7e-m+fp/hard/libsupc++_nano.a
END GROUP
LOAD /Applications/STM32CubeIDE.app/Contents/Eclipse/plugins/com.st.stm32cube.ide.mcu.externaltools.gnu-tools-for-stm32.12.3.rel1.macos64_1.0.200.202406191456/tools/bin/../lib/gcc/arm-none-eabi/12.3.1/../../../../arm-none-eabi/lib/thumb/v7e-m+fp/hard/libstdc++_nano.a
LOAD /Applications/STM32CubeIDE.app/Contents/Eclipse/plugins/com.st.stm32cube.ide.mcu.externaltools.gnu-tools-for-stm32.12.3.rel1.macos64_1.0.200.202406191456/tools/bin/../lib/gcc/arm-none-eabi/12.3.1/../../../../arm-none-eabi/lib/thumb/v7e-m+fp/hard/libm.a
LOAD /Applications/STM32CubeIDE.app/Contents/Eclipse/plugins/com.st.stm32cube.ide.mcu.externaltools.gnu-tools-for-stm32.12.3.rel1.macos64_1.0.200.202406191456/tools/bin/../lib/gcc/arm-none-eabi/12.3.1/../../../../arm-none-eabi/lib/thumb/v7e-m+fp/hard/libc_nano.a
START GROUP
LOAD /Applications/STM32CubeIDE.app/Contents/Eclipse/plugins/com.st.stm32cube.ide.mcu.externaltools.gnu-tools-for-stm32.12.3.rel1.macos64_1.0.200.202406191456/tools/bin/../lib/gcc/arm-none-eabi/12.3.1/thumb/v7e-m+fp/hard/libgcc.a
LOAD /Applications/STM32CubeIDE.app/Contents/Eclipse/plugins/com.st.stm32cube.ide.mcu.externaltools.gnu-tools-for-stm32.12.3.rel1.macos64_1.0.200.202406191456/tools/bin/../lib/gcc/arm-none-eabi/12.3.1/../../../../arm-none-eabi/lib/thumb/v7e-m+fp/hard/libc_nano.a
END GROUP
START GROUP
LOAD /Applications/STM32CubeIDE.app/Contents/Eclipse/plugins/com.st.stm32cube.ide.mcu.externaltools.gnu-tools-for-stm32.12.3.rel1.macos64_1.0.200.202406191456/tools/bin/../lib/gcc/arm-none-eabi/12.3.1/thumb/v7e-m+fp/hard/libgcc.a
LOAD /Applications/STM32CubeIDE.app/Contents/Eclipse/plugins/com.st.stm32cube.ide.mcu.externaltools.gnu-tools-for-stm32.12.3.rel1.macos64_1.0.200.202406191456/tools/bin/../lib/gcc/arm-none-eabi/12.3.1/../../../../arm-none-eabi/lib/thumb/v7e-m+fp/hard/libc_nano.a
LOAD /Applications/STM32CubeIDE.app/Contents/Eclipse/plugins/com.st.stm32cube.ide.mcu.externaltools.gnu-tools-for-stm32.12.3.rel1.macos64_1.0.200.202406191456/tools/bin/../lib/gcc/arm-none-eabi/12.3.1/../../../../arm-none-eabi/lib/thumb/v7e-m+fp/hard/libnosys.a
END GROUP
START GROUP
LOAD /Applications/STM32CubeIDE.app/Contents/Eclipse/plugins/com.st.stm32cube.ide.mcu.externaltools.gnu-tools-for-stm32.12.3.rel1.macos64_1.0.200.202406191456/tools/bin/../lib/gcc/arm-none-eabi/12.3.1/thumb/v7e-m+fp/hard/libgcc.a
LOAD /Applications/STM32CubeIDE.app/Contents/Eclipse/plugins/com.st.stm32cube.ide.mcu.externaltools.gnu-tools-for-stm32.12.3.rel1.macos64_1.0.200.202406191456/tools/bin/../lib/gcc/arm-none-eabi/12.3.1/../../../../arm-none-eabi/lib/thumb/v7e-m+fp/hard/libc_nano.a
LOAD /Applications/STM32CubeIDE.app/Contents/Eclipse/plugins/com.st.stm32cube.ide.mcu.externaltools.gnu-tools-for-stm32.12.3.rel1.macos64_1.0.200.202406191456/tools/bin/../lib/gcc/arm-none-eabi/12.3.1/../../../../arm-none-eabi/lib/thumb/v7e-m+fp/hard/libnosys.a
END GROUP
LOAD /Applications/STM32CubeIDE.app/Contents/Eclipse/plugins/com.st.stm32cube.ide.mcu.externaltools.gnu-tools-for-stm32.12.3.rel1.macos64_1.0.200.202406191456/tools/bin/../lib/gcc/arm-none-eabi/12.3.1/thumb/v7e-m+fp/hard/crtend.o
LOAD /Applications/STM32CubeIDE.app/Contents/Eclipse/plugins/com.st.stm32cube.ide.mcu.externaltools.gnu-tools-for-stm32.12.3.rel1.macos64_1.0.200.202406191456/tools/bin/../lib/gcc/arm-none-eabi/12.3.1/thumb/v7e-m+fp/hard/crtn.o
                0x20010000                        _estack = (ORIGIN (RAM) + LENGTH (RAM))
                0x00000200                        _Min_Heap_Size = 0x200
                0x00000400                        _Min_Stack_Size = 0x400

.isr_vector     0x08000000      0x18c
                0x08000000                        . = ALIGN (0x4)
 *(.isr_vector)
 .isr_vector    0x08000000      0x18c ./Core/Startup/startup_stm32l433cctx.o
                0x08000000                g_pfnVectors
                0x0800018c                        . = ALIGN (0x4)

.text           0x08000190     0xaf1c
                0x08000190                        . = ALIGN (0x4)
 *(.text)
 .text          0x08000190       0x40 /Applications/STM32CubeIDE.app/Contents/Eclipse/plugins/com.st.stm32cube.ide.mcu.externaltools.gnu-tools-for-stm32.12.3.rel1.macos64_1.0.200.202406191456/tools/bin/../lib/gcc/arm-none-eabi/12.3.1/thumb/v7e-m+fp/hard/crtbegin.o
 .text          0x080001d0      0x378 /Applications/STM32CubeIDE.app/Contents/Eclipse/plugins/com.st.stm32cube.ide.mcu.externaltools.gnu-tools-for-stm32.12.3.rel1.macos64_1.0.200.202406191456/tools/bin/../lib/gcc/arm-none-eabi/12.3.1/thumb/v7e-m+fp/hard/libgcc.a(_arm_addsubdf3.o)
                0x080001d0                __aeabi_drsub
                0x080001d8                __subdf3
                0x080001d8                __aeabi_dsub
                0x080001dc                __aeabi_dadd
                0x080001dc                __adddf3
                0x08000454                __aeabi_ui2d
                0x08000454                __floatunsidf
                0x08000474                __floatsidf
                0x08000474                __aeabi_i2d
                0x08000498                __extendsfdf2
                0x08000498                __aeabi_f2d
                0x080004dc                __aeabi_ul2d
                0x080004dc                __floatundidf
                0x080004ec                __aeabi_l2d
                0x080004ec                __floatdidf
 .text          0x08000548      0x424 /Applications/STM32CubeIDE.app/Contents/Eclipse/plugins/com.st.stm32cube.ide.mcu.externaltools.gnu-tools-for-stm32.12.3.rel1.macos64_1.0.200.202406191456/tools/bin/../lib/gcc/arm-none-eabi/12.3.1/thumb/v7e-m+fp/hard/libgcc.a(_arm_muldivdf3.o)
                0x08000548                __aeabi_dmul
                0x08000548                __muldf3
                0x0800079c                __aeabi_ddiv
                0x0800079c                __divdf3
 .text          0x0800096c      0x110 /Applications/STM32CubeIDE.app/Contents/Eclipse/plugins/com.st.stm32cube.ide.mcu.externaltools.gnu-tools-for-stm32.12.3.rel1.macos64_1.0.200.202406191456/tools/bin/../lib/gcc/arm-none-eabi/12.3.1/thumb/v7e-m+fp/hard/libgcc.a(_arm_cmpdf2.o)
                0x0800096c                __gedf2
                0x0800096c                __gtdf2
                0x08000974                __ledf2
                0x08000974                __ltdf2
                0x0800097c                __cmpdf2
                0x0800097c                __eqdf2
                0x0800097c                __nedf2
                0x080009f8                __aeabi_cdrcmple
                0x08000a08                __aeabi_cdcmple
                0x08000a08                __aeabi_cdcmpeq
                0x08000a18                __aeabi_dcmpeq
                0x08000a2c                __aeabi_dcmplt
                0x08000a40                __aeabi_dcmple
                0x08000a54                __aeabi_dcmpge
                0x08000a68                __aeabi_dcmpgt
 .text          0x08000a7c       0x2c /Applications/STM32CubeIDE.app/Contents/Eclipse/plugins/com.st.stm32cube.ide.mcu.externaltools.gnu-tools-for-stm32.12.3.rel1.macos64_1.0.200.202406191456/tools/bin/../lib/gcc/arm-none-eabi/12.3.1/thumb/v7e-m+fp/hard/libgcc.a(_arm_unorddf2.o)
                0x08000a7c                __aeabi_dcmpun
                0x08000a7c                __unorddf2
 .text          0x08000aa8       0x50 /Applications/STM32CubeIDE.app/Contents/Eclipse/plugins/com.st.stm32cube.ide.mcu.externaltools.gnu-tools-for-stm32.12.3.rel1.macos64_1.0.200.202406191456/tools/bin/../lib/gcc/arm-none-eabi/12.3.1/thumb/v7e-m+fp/hard/libgcc.a(_arm_fixdfsi.o)
                0x08000aa8                __fixdfsi
                0x08000aa8                __aeabi_d2iz
 .text          0x08000af8       0x30 /Applications/STM32CubeIDE.app/Contents/Eclipse/plugins/com.st.stm32cube.ide.mcu.externaltools.gnu-tools-for-stm32.12.3.rel1.macos64_1.0.200.202406191456/tools/bin/../lib/gcc/arm-none-eabi/12.3.1/thumb/v7e-m+fp/hard/libgcc.a(_aeabi_uldivmod.o)
                0x08000af8                __aeabi_uldivmod
 .text          0x08000b28      0x2bc /Applications/STM32CubeIDE.app/Contents/Eclipse/plugins/com.st.stm32cube.ide.mcu.externaltools.gnu-tools-for-stm32.12.3.rel1.macos64_1.0.200.202406191456/tools/bin/../lib/gcc/arm-none-eabi/12.3.1/thumb/v7e-m+fp/hard/libgcc.a(_udivmoddi4.o)
                0x08000b28                __udivmoddi4
 .text          0x08000de4        0x4 /Applications/STM32CubeIDE.app/Contents/Eclipse/plugins/com.st.stm32cube.ide.mcu.externaltools.gnu-tools-for-stm32.12.3.rel1.macos64_1.0.200.202406191456/tools/bin/../lib/gcc/arm-none-eabi/12.3.1/thumb/v7e-m+fp/hard/libgcc.a(_dvmd_tls.o)
                0x08000de4                __aeabi_ldiv0
                0x08000de4                __aeabi_idiv0
 *(.text*)
 .text.max_m8c_init
                0x08000de8       0x36 ./Core/Src/MAX_M8C.o
                0x08000de8                max_m8c_init
 .text.max_m8c_request_nav_pvt
                0x08000e1e       0x3c ./Core/Src/MAX_M8C.o
                0x08000e1e                max_m8c_request_nav_pvt
 .text.max_m8c_available
                0x08000e5a       0x1c ./Core/Src/MAX_M8C.o
                0x08000e5a                max_m8c_available
 .text.max_m8c_read_nav_pvt
                0x08000e76       0x76 ./Core/Src/MAX_M8C.o
                0x08000e76                max_m8c_read_nav_pvt
 .text.max_m8c_calc_checksum
                0x08000eec       0x62 ./Core/Src/MAX_M8C.o
                0x08000eec                max_m8c_calc_checksum
 .text.max_m8c_i2c_transmit
                0x08000f4e       0xd0 ./Core/Src/MAX_M8C.o
                0x08000f4e                max_m8c_i2c_transmit
 .text.max_m8c_i2c_read_data
                0x0800101e       0xf8 ./Core/Src/MAX_M8C.o
                0x0800101e                max_m8c_i2c_read_data
 .text.max_m8c_i2c_read_avail
                0x08001116       0xb0 ./Core/Src/MAX_M8C.o
                0x08001116                max_m8c_i2c_read_avail
 *fill*         0x080011c6        0x2 
 .text.calculate_update
                0x080011c8      0x434 ./Core/Src/calculate.o
                0x080011c8                calculate_update
 .text.encoder_init
                0x080015fc        0xe ./Core/Src/encoder.o
                0x080015fc                encoder_init
 .text.encoder_update
                0x0800160a       0x3c ./Core/Src/encoder.o
                0x0800160a                encoder_update
 *fill*         0x08001646        0x2 
 .text.main     0x08001648      0x188 ./Core/Src/main.o
                0x08001648                main
 .text.SystemClock_Config
                0x080017d0       0x8c ./Core/Src/main.o
                0x080017d0                SystemClock_Config
 .text.MX_I2C1_Init
                0x0800185c       0x80 ./Core/Src/main.o
 .text.MX_TIM2_Init
                0x080018dc       0xec ./Core/Src/main.o
 .text.MX_USART1_UART_Init
                0x080019c8       0x60 ./Core/Src/main.o
 .text.MX_GPIO_Init
                0x08001a28       0xc4 ./Core/Src/main.o
 .text.task_entry_SelfGps
                0x08001aec       0x28 ./Core/Src/main.o
                0x08001aec                task_entry_SelfGps
 .text.task_entry_TargetGps
                0x08001b14       0x20 ./Core/Src/main.o
                0x08001b14                task_entry_TargetGps
 .text.task_entry_Calculate
                0x08001b34       0x22 ./Core/Src/main.o
                0x08001b34                task_entry_Calculate
 .text.task_entry_Encoder
                0x08001b56       0x20 ./Core/Src/main.o
                0x08001b56                task_entry_Encoder
 .text.task_entry_Stepper
                0x08001b76       0x26 ./Core/Src/main.o
                0x08001b76                task_entry_Stepper
 .text.task_entry_Servo
                0x08001b9c       0x28 ./Core/Src/main.o
                0x08001b9c                task_entry_Servo
 .text.HAL_TIM_PeriodElapsedCallback
                0x08001bc4       0x24 ./Core/Src/main.o
                0x08001bc4                HAL_TIM_PeriodElapsedCallback
 .text.Error_Handler
                0x08001be8        0xc ./Core/Src/main.o
                0x08001be8                Error_Handler
 .text.self_gps_init
                0x08001bf4       0x1c ./Core/Src/self_gps.o
                0x08001bf4                self_gps_init
 .text.self_gps_update
                0x08001c10       0xdc ./Core/Src/self_gps.o
                0x08001c10                self_gps_update
 .text.servo_init
                0x08001cec       0x1c ./Core/Src/servo.o
                0x08001cec                servo_init
 .text.servo_update
                0x08001d08       0x32 ./Core/Src/servo.o
                0x08001d08                servo_update
 *fill*         0x08001d3a        0x2 
 .text.stepper_init
                0x08001d3c       0x34 ./Core/Src/stepper.o
                0x08001d3c                stepper_init
 .text.stepper_update
                0x08001d70      0x11c ./Core/Src/stepper.o
                0x08001d70                stepper_update
 .text.HAL_MspInit
                0x08001e8c       0x50 ./Core/Src/stm32l4xx_hal_msp.o
                0x08001e8c                HAL_MspInit
 .text.HAL_I2C_MspInit
                0x08001edc       0xb4 ./Core/Src/stm32l4xx_hal_msp.o
                0x08001edc                HAL_I2C_MspInit
 .text.HAL_TIM_Base_MspInit
                0x08001f90       0x3c ./Core/Src/stm32l4xx_hal_msp.o
                0x08001f90                HAL_TIM_Base_MspInit
 .text.HAL_TIM_MspPostInit
                0x08001fcc       0x68 ./Core/Src/stm32l4xx_hal_msp.o
                0x08001fcc                HAL_TIM_MspPostInit
 .text.HAL_UART_MspInit
                0x08002034       0xb4 ./Core/Src/stm32l4xx_hal_msp.o
                0x08002034                HAL_UART_MspInit
 .text.HAL_InitTick
                0x080020e8       0xf4 ./Core/Src/stm32l4xx_hal_timebase_tim.o
                0x080020e8                HAL_InitTick
 .text.NMI_Handler
                0x080021dc        0x8 ./Core/Src/stm32l4xx_it.o
                0x080021dc                NMI_Handler
 .text.HardFault_Handler
                0x080021e4        0x8 ./Core/Src/stm32l4xx_it.o
                0x080021e4                HardFault_Handler
 .text.MemManage_Handler
                0x080021ec        0x8 ./Core/Src/stm32l4xx_it.o
                0x080021ec                MemManage_Handler
 .text.BusFault_Handler
                0x080021f4        0x8 ./Core/Src/stm32l4xx_it.o
                0x080021f4                BusFault_Handler
 .text.UsageFault_Handler
                0x080021fc        0x8 ./Core/Src/stm32l4xx_it.o
                0x080021fc                UsageFault_Handler
 .text.DebugMon_Handler
                0x08002204        0xe ./Core/Src/stm32l4xx_it.o
                0x08002204                DebugMon_Handler
 *fill*         0x08002212        0x2 
 .text.TIM6_DAC_IRQHandler
                0x08002214       0x14 ./Core/Src/stm32l4xx_it.o
                0x08002214                TIM6_DAC_IRQHandler
 .text.SystemInit
                0x08002228       0x24 ./Core/Src/system_stm32l4xx.o
                0x08002228                SystemInit
 .text.target_gps_init
                0x0800224c        0xe ./Core/Src/target_gps.o
                0x0800224c                target_gps_init
 .text.target_gps_update
                0x0800225a       0x74 ./Core/Src/target_gps.o
                0x0800225a                target_gps_update
 *fill*         0x080022ce        0x2 
 .text.Reset_Handler
                0x080022d0       0x50 ./Core/Startup/startup_stm32l433cctx.o
                0x080022d0                Reset_Handler
 .text.Default_Handler
                0x08002320        0x2 ./Core/Startup/startup_stm32l433cctx.o
                0x08002320                TIM1_BRK_TIM15_IRQHandler
                0x08002320                EXTI2_IRQHandler
                0x08002320                TIM1_CC_IRQHandler
                0x08002320                TSC_IRQHandler
                0x08002320                TAMP_STAMP_IRQHandler
                0x08002320                EXTI3_IRQHandler
                0x08002320                LPTIM2_IRQHandler
                0x08002320                I2C3_ER_IRQHandler
                0x08002320                EXTI0_IRQHandler
                0x08002320                I2C2_EV_IRQHandler
                0x08002320                CAN1_RX0_IRQHandler
                0x08002320                FPU_IRQHandler
                0x08002320                TIM1_UP_TIM16_IRQHandler
                0x08002320                SPI1_IRQHandler
                0x08002320                DMA2_Channel2_IRQHandler
                0x08002320                DMA1_Channel4_IRQHandler
                0x08002320                ADC1_IRQHandler
                0x08002320                USART3_IRQHandler
                0x08002320                DMA1_Channel7_IRQHandler
                0x08002320                CAN1_RX1_IRQHandler
                0x08002320                LCD_IRQHandler
                0x08002320                DMA2_Channel1_IRQHandler
                0x08002320                QUADSPI_IRQHandler
                0x08002320                I2C1_EV_IRQHandler
                0x08002320                DMA1_Channel6_IRQHandler
                0x08002320                DMA2_Channel4_IRQHandler
                0x08002320                RCC_IRQHandler
                0x08002320                TIM1_TRG_COM_IRQHandler
                0x08002320                DMA1_Channel1_IRQHandler
                0x08002320                Default_Handler
                0x08002320                DMA2_Channel7_IRQHandler
                0x08002320                EXTI15_10_IRQHandler
                0x08002320                TIM7_IRQHandler
                0x08002320                SDMMC1_IRQHandler
                0x08002320                I2C3_EV_IRQHandler
                0x08002320                USB_IRQHandler
                0x08002320                EXTI9_5_IRQHandler
                0x08002320                RTC_WKUP_IRQHandler
                0x08002320                PVD_PVM_IRQHandler
                0x08002320                SPI2_IRQHandler
                0x08002320                CAN1_TX_IRQHandler
                0x08002320                DMA2_Channel5_IRQHandler
                0x08002320                CRS_IRQHandler
                0x08002320                DMA1_Channel5_IRQHandler
                0x08002320                EXTI4_IRQHandler
                0x08002320                RNG_IRQHandler
                0x08002320                DMA1_Channel3_IRQHandler
                0x08002320                COMP_IRQHandler
                0x08002320                WWDG_IRQHandler
                0x08002320                LPUART1_IRQHandler
                0x08002320                DMA2_Channel6_IRQHandler
                0x08002320                TIM2_IRQHandler
                0x08002320                EXTI1_IRQHandler
                0x08002320                USART2_IRQHandler
                0x08002320                I2C2_ER_IRQHandler
                0x08002320                DMA1_Channel2_IRQHandler
                0x08002320                CAN1_SCE_IRQHandler
                0x08002320                FLASH_IRQHandler
                0x08002320                USART1_IRQHandler
                0x08002320                SPI3_IRQHandler
                0x08002320                I2C1_ER_IRQHandler
                0x08002320                SWPMI1_IRQHandler
                0x08002320                LPTIM1_IRQHandler
                0x08002320                SAI1_IRQHandler
                0x08002320                DMA2_Channel3_IRQHandler
                0x08002320                RTC_Alarm_IRQHandler
 .text.HAL_Init
                0x08002322       0x30 ./Drivers/STM32L4xx_HAL_Driver/Src/stm32l4xx_hal.o
                0x08002322                HAL_Init
 *fill*         0x08002352        0x2 
 .text.HAL_IncTick
                0x08002354       0x28 ./Drivers/STM32L4xx_HAL_Driver/Src/stm32l4xx_hal.o
                0x08002354                HAL_IncTick
 .text.HAL_GetTick
                0x0800237c       0x18 ./Drivers/STM32L4xx_HAL_Driver/Src/stm32l4xx_hal.o
                0x0800237c                HAL_GetTick
 .text.HAL_Delay
                0x08002394       0x48 ./Drivers/STM32L4xx_HAL_Driver/Src/stm32l4xx_hal.o
                0x08002394                HAL_Delay
 .text.__NVIC_SetPriorityGrouping
                0x080023dc       0x48 ./Drivers/STM32L4xx_HAL_Driver/Src/stm32l4xx_hal_cortex.o
 .text.__NVIC_GetPriorityGrouping
                0x08002424       0x1c ./Drivers/STM32L4xx_HAL_Driver/Src/stm32l4xx_hal_cortex.o
 .text.__NVIC_EnableIRQ
                0x08002440       0x3c ./Drivers/STM32L4xx_HAL_Driver/Src/stm32l4xx_hal_cortex.o
 .text.__NVIC_SetPriority
                0x0800247c       0x54 ./Drivers/STM32L4xx_HAL_Driver/Src/stm32l4xx_hal_cortex.o
 .text.NVIC_EncodePriority
                0x080024d0       0x66 ./Drivers/STM32L4xx_HAL_Driver/Src/stm32l4xx_hal_cortex.o
 .text.HAL_NVIC_SetPriorityGrouping
                0x08002536       0x16 ./Drivers/STM32L4xx_HAL_Driver/Src/stm32l4xx_hal_cortex.o
                0x08002536                HAL_NVIC_SetPriorityGrouping
 .text.HAL_NVIC_SetPriority
                0x0800254c       0x38 ./Drivers/STM32L4xx_HAL_Driver/Src/stm32l4xx_hal_cortex.o
                0x0800254c                HAL_NVIC_SetPriority
 .text.HAL_NVIC_EnableIRQ
                0x08002584       0x1c ./Drivers/STM32L4xx_HAL_Driver/Src/stm32l4xx_hal_cortex.o
                0x08002584                HAL_NVIC_EnableIRQ
 .text.HAL_GPIO_Init
                0x080025a0      0x2f4 ./Drivers/STM32L4xx_HAL_Driver/Src/stm32l4xx_hal_gpio.o
                0x080025a0                HAL_GPIO_Init
 .text.HAL_GPIO_WritePin
                0x08002894       0x30 ./Drivers/STM32L4xx_HAL_Driver/Src/stm32l4xx_hal_gpio.o
                0x08002894                HAL_GPIO_WritePin
 .text.HAL_I2C_Init
                0x080028c4      0x136 ./Drivers/STM32L4xx_HAL_Driver/Src/stm32l4xx_hal_i2c.o
                0x080028c4                HAL_I2C_Init
 *fill*         0x080029fa        0x2 
 .text.HAL_I2C_Master_Transmit
                0x080029fc      0x230 ./Drivers/STM32L4xx_HAL_Driver/Src/stm32l4xx_hal_i2c.o
                0x080029fc                HAL_I2C_Master_Transmit
 .text.HAL_I2C_Master_Receive
                0x08002c2c      0x1ec ./Drivers/STM32L4xx_HAL_Driver/Src/stm32l4xx_hal_i2c.o
                0x08002c2c                HAL_I2C_Master_Receive
 .text.I2C_Flush_TXDR
                0x08002e18       0x48 ./Drivers/STM32L4xx_HAL_Driver/Src/stm32l4xx_hal_i2c.o
 .text.I2C_WaitOnFlagUntilTimeout
                0x08002e60       0xb2 ./Drivers/STM32L4xx_HAL_Driver/Src/stm32l4xx_hal_i2c.o
 .text.I2C_WaitOnTXISFlagUntilTimeout
                0x08002f12       0x8e ./Drivers/STM32L4xx_HAL_Driver/Src/stm32l4xx_hal_i2c.o
 .text.I2C_WaitOnSTOPFlagUntilTimeout
                0x08002fa0       0x86 ./Drivers/STM32L4xx_HAL_Driver/Src/stm32l4xx_hal_i2c.o
 *fill*         0x08003026        0x2 
 .text.I2C_WaitOnRXNEFlagUntilTimeout
                0x08003028      0x118 ./Drivers/STM32L4xx_HAL_Driver/Src/stm32l4xx_hal_i2c.o
 .text.I2C_IsErrorOccurred
                0x08003140      0x1c0 ./Drivers/STM32L4xx_HAL_Driver/Src/stm32l4xx_hal_i2c.o
 .text.I2C_TransferConfig
                0x08003300       0x64 ./Drivers/STM32L4xx_HAL_Driver/Src/stm32l4xx_hal_i2c.o
 .text.HAL_I2CEx_ConfigAnalogFilter
                0x08003364       0x96 ./Drivers/STM32L4xx_HAL_Driver/Src/stm32l4xx_hal_i2c_ex.o
                0x08003364                HAL_I2CEx_ConfigAnalogFilter
 .text.HAL_I2CEx_ConfigDigitalFilter
                0x080033fa       0x98 ./Drivers/STM32L4xx_HAL_Driver/Src/stm32l4xx_hal_i2c_ex.o
                0x080033fa                HAL_I2CEx_ConfigDigitalFilter
 *fill*         0x08003492        0x2 
 .text.HAL_PWREx_GetVoltageRange
                0x08003494       0x1c ./Drivers/STM32L4xx_HAL_Driver/Src/stm32l4xx_hal_pwr_ex.o
                0x08003494                HAL_PWREx_GetVoltageRange
 .text.HAL_PWREx_ControlVoltageScaling
                0x080034b0       0xac ./Drivers/STM32L4xx_HAL_Driver/Src/stm32l4xx_hal_pwr_ex.o
                0x080034b0                HAL_PWREx_ControlVoltageScaling
 .text.HAL_RCC_OscConfig
                0x0800355c      0x828 ./Drivers/STM32L4xx_HAL_Driver/Src/stm32l4xx_hal_rcc.o
                0x0800355c                HAL_RCC_OscConfig
 .text.HAL_RCC_ClockConfig
                0x08003d84      0x200 ./Drivers/STM32L4xx_HAL_Driver/Src/stm32l4xx_hal_rcc.o
                0x08003d84                HAL_RCC_ClockConfig
 .text.HAL_RCC_GetSysClockFreq
                0x08003f84      0x118 ./Drivers/STM32L4xx_HAL_Driver/Src/stm32l4xx_hal_rcc.o
                0x08003f84                HAL_RCC_GetSysClockFreq
 .text.HAL_RCC_GetHCLKFreq
                0x0800409c       0x18 ./Drivers/STM32L4xx_HAL_Driver/Src/stm32l4xx_hal_rcc.o
                0x0800409c                HAL_RCC_GetHCLKFreq
 .text.HAL_RCC_GetPCLK1Freq
                0x080040b4       0x2c ./Drivers/STM32L4xx_HAL_Driver/Src/stm32l4xx_hal_rcc.o
                0x080040b4                HAL_RCC_GetPCLK1Freq
 .text.HAL_RCC_GetPCLK2Freq
                0x080040e0       0x2c ./Drivers/STM32L4xx_HAL_Driver/Src/stm32l4xx_hal_rcc.o
                0x080040e0                HAL_RCC_GetPCLK2Freq
 .text.HAL_RCC_GetClockConfig
                0x0800410c       0x64 ./Drivers/STM32L4xx_HAL_Driver/Src/stm32l4xx_hal_rcc.o
                0x0800410c                HAL_RCC_GetClockConfig
 .text.RCC_SetFlashLatencyFromMSIRange
                0x08004170       0xc0 ./Drivers/STM32L4xx_HAL_Driver/Src/stm32l4xx_hal_rcc.o
 .text.HAL_RCCEx_PeriphCLKConfig
                0x08004230      0x494 ./Drivers/STM32L4xx_HAL_Driver/Src/stm32l4xx_hal_rcc_ex.o
                0x08004230                HAL_RCCEx_PeriphCLKConfig
 .text.RCCEx_PLLSAI1_Config
                0x080046c4      0x1e4 ./Drivers/STM32L4xx_HAL_Driver/Src/stm32l4xx_hal_rcc_ex.o
 .text.HAL_TIM_Base_Init
                0x080048a8       0xae ./Drivers/STM32L4xx_HAL_Driver/Src/stm32l4xx_hal_tim.o
                0x080048a8                HAL_TIM_Base_Init
 *fill*         0x08004956        0x2 
 .text.HAL_TIM_Base_Start_IT
                0x08004958       0xa8 ./Drivers/STM32L4xx_HAL_Driver/Src/stm32l4xx_hal_tim.o
                0x08004958                HAL_TIM_Base_Start_IT
 .text.HAL_TIM_PWM_Init
                0x08004a00       0xae ./Drivers/STM32L4xx_HAL_Driver/Src/stm32l4xx_hal_tim.o
                0x08004a00                HAL_TIM_PWM_Init
 .text.HAL_TIM_PWM_MspInit
                0x08004aae       0x14 ./Drivers/STM32L4xx_HAL_Driver/Src/stm32l4xx_hal_tim.o
                0x08004aae                HAL_TIM_PWM_MspInit
 .text.HAL_TIM_IRQHandler
                0x08004ac2      0x20e ./Drivers/STM32L4xx_HAL_Driver/Src/stm32l4xx_hal_tim.o
                0x08004ac2                HAL_TIM_IRQHandler
 .text.HAL_TIM_PWM_ConfigChannel
                0x08004cd0      0x228 ./Drivers/STM32L4xx_HAL_Driver/Src/stm32l4xx_hal_tim.o
                0x08004cd0                HAL_TIM_PWM_ConfigChannel
 .text.HAL_TIM_ConfigClockSource
                0x08004ef8      0x192 ./Drivers/STM32L4xx_HAL_Driver/Src/stm32l4xx_hal_tim.o
                0x08004ef8                HAL_TIM_ConfigClockSource
 .text.HAL_TIM_OC_DelayElapsedCallback
                0x0800508a       0x14 ./Drivers/STM32L4xx_HAL_Driver/Src/stm32l4xx_hal_tim.o
                0x0800508a                HAL_TIM_OC_DelayElapsedCallback
 .text.HAL_TIM_IC_CaptureCallback
                0x0800509e       0x14 ./Drivers/STM32L4xx_HAL_Driver/Src/stm32l4xx_hal_tim.o
                0x0800509e                HAL_TIM_IC_CaptureCallback
 .text.HAL_TIM_PWM_PulseFinishedCallback
                0x080050b2       0x14 ./Drivers/STM32L4xx_HAL_Driver/Src/stm32l4xx_hal_tim.o
                0x080050b2                HAL_TIM_PWM_PulseFinishedCallback
 .text.HAL_TIM_TriggerCallback
                0x080050c6       0x14 ./Drivers/STM32L4xx_HAL_Driver/Src/stm32l4xx_hal_tim.o
                0x080050c6                HAL_TIM_TriggerCallback
 *fill*         0x080050da        0x2 
 .text.TIM_Base_SetConfig
                0x080050dc       0xe0 ./Drivers/STM32L4xx_HAL_Driver/Src/stm32l4xx_hal_tim.o
                0x080050dc                TIM_Base_SetConfig
 .text.TIM_OC1_SetConfig
                0x080051bc       0xf8 ./Drivers/STM32L4xx_HAL_Driver/Src/stm32l4xx_hal_tim.o
 .text.TIM_OC2_SetConfig
                0x080052b4       0xf4 ./Drivers/STM32L4xx_HAL_Driver/Src/stm32l4xx_hal_tim.o
                0x080052b4                TIM_OC2_SetConfig
 .text.TIM_OC3_SetConfig
                0x080053a8       0xf0 ./Drivers/STM32L4xx_HAL_Driver/Src/stm32l4xx_hal_tim.o
 .text.TIM_OC4_SetConfig
                0x08005498       0xbc ./Drivers/STM32L4xx_HAL_Driver/Src/stm32l4xx_hal_tim.o
 .text.TIM_OC5_SetConfig
                0x08005554       0xb0 ./Drivers/STM32L4xx_HAL_Driver/Src/stm32l4xx_hal_tim.o
 .text.TIM_OC6_SetConfig
                0x08005604       0xb4 ./Drivers/STM32L4xx_HAL_Driver/Src/stm32l4xx_hal_tim.o
 .text.TIM_TI1_ConfigInputStage
                0x080056b8       0x5e ./Drivers/STM32L4xx_HAL_Driver/Src/stm32l4xx_hal_tim.o
 .text.TIM_TI2_ConfigInputStage
                0x08005716       0x60 ./Drivers/STM32L4xx_HAL_Driver/Src/stm32l4xx_hal_tim.o
 .text.TIM_ITRx_SetConfig
                0x08005776       0x36 ./Drivers/STM32L4xx_HAL_Driver/Src/stm32l4xx_hal_tim.o
 .text.TIM_ETR_SetConfig
                0x080057ac       0x40 ./Drivers/STM32L4xx_HAL_Driver/Src/stm32l4xx_hal_tim.o
                0x080057ac                TIM_ETR_SetConfig
 .text.HAL_TIMEx_MasterConfigSynchronization
                0x080057ec       0xcc ./Drivers/STM32L4xx_HAL_Driver/Src/stm32l4xx_hal_tim_ex.o
                0x080057ec                HAL_TIMEx_MasterConfigSynchronization
 .text.HAL_TIMEx_CommutCallback
                0x080058b8       0x14 ./Drivers/STM32L4xx_HAL_Driver/Src/stm32l4xx_hal_tim_ex.o
                0x080058b8                HAL_TIMEx_CommutCallback
 .text.HAL_TIMEx_BreakCallback
                0x080058cc       0x14 ./Drivers/STM32L4xx_HAL_Driver/Src/stm32l4xx_hal_tim_ex.o
                0x080058cc                HAL_TIMEx_BreakCallback
 .text.HAL_TIMEx_Break2Callback
                0x080058e0       0x14 ./Drivers/STM32L4xx_HAL_Driver/Src/stm32l4xx_hal_tim_ex.o
                0x080058e0                HAL_TIMEx_Break2Callback
 .text.HAL_UART_Init
                0x080058f4       0x9c ./Drivers/STM32L4xx_HAL_Driver/Src/stm32l4xx_hal_uart.o
                0x080058f4                HAL_UART_Init
 .text.UART_SetConfig
                0x08005990      0x4b4 ./Drivers/STM32L4xx_HAL_Driver/Src/stm32l4xx_hal_uart.o
                0x08005990                UART_SetConfig
 .text.UART_AdvFeatureConfig
                0x08005e44      0x144 ./Drivers/STM32L4xx_HAL_Driver/Src/stm32l4xx_hal_uart.o
                0x08005e44                UART_AdvFeatureConfig
 .text.UART_CheckIdleState
                0x08005f88      0x150 ./Drivers/STM32L4xx_HAL_Driver/Src/stm32l4xx_hal_uart.o
                0x08005f88                UART_CheckIdleState
 .text.UART_WaitOnFlagUntilTimeout
                0x080060d8       0xda ./Drivers/STM32L4xx_HAL_Driver/Src/stm32l4xx_hal_uart.o
                0x080060d8                UART_WaitOnFlagUntilTimeout
 .text.UART_EndRxTransfer
                0x080061b2       0xc8 ./Drivers/STM32L4xx_HAL_Driver/Src/stm32l4xx_hal_uart.o
 *fill*         0x0800627a        0x2 
 .text.__NVIC_SetPriority
                0x0800627c       0x54 ./Middlewares/Third_Party/FreeRTOS/Source/CMSIS_RTOS_V2/cmsis_os2.o
 .text.SysTick_Handler
                0x080062d0       0x20 ./Middlewares/Third_Party/FreeRTOS/Source/CMSIS_RTOS_V2/cmsis_os2.o
                0x080062d0                SysTick_Handler
 .text.SVC_Setup
                0x080062f0       0x12 ./Middlewares/Third_Party/FreeRTOS/Source/CMSIS_RTOS_V2/cmsis_os2.o
 *fill*         0x08006302        0x2 
 .text.osKernelInitialize
                0x08006304       0x48 ./Middlewares/Third_Party/FreeRTOS/Source/CMSIS_RTOS_V2/cmsis_os2.o
                0x08006304                osKernelInitialize
 .text.osKernelStart
                0x0800634c       0x4c ./Middlewares/Third_Party/FreeRTOS/Source/CMSIS_RTOS_V2/cmsis_os2.o
                0x0800634c                osKernelStart
 .text.osThreadNew
                0x08006398      0x124 ./Middlewares/Third_Party/FreeRTOS/Source/CMSIS_RTOS_V2/cmsis_os2.o
                0x08006398                osThreadNew
 .text.osDelay  0x080064bc       0x36 ./Middlewares/Third_Party/FreeRTOS/Source/CMSIS_RTOS_V2/cmsis_os2.o
                0x080064bc                osDelay
 .text.osMutexNew
                0x080064f2      0x10c ./Middlewares/Third_Party/FreeRTOS/Source/CMSIS_RTOS_V2/cmsis_os2.o
                0x080064f2                osMutexNew
 .text.osMutexAcquire
                0x080065fe       0x96 ./Middlewares/Third_Party/FreeRTOS/Source/CMSIS_RTOS_V2/cmsis_os2.o
                0x080065fe                osMutexAcquire
 .text.osMutexRelease
                0x08006694       0x7a ./Middlewares/Third_Party/FreeRTOS/Source/CMSIS_RTOS_V2/cmsis_os2.o
                0x08006694                osMutexRelease
 *fill*         0x0800670e        0x2 
 .text.vApplicationGetIdleTaskMemory
                0x08006710       0x34 ./Middlewares/Third_Party/FreeRTOS/Source/CMSIS_RTOS_V2/cmsis_os2.o
                0x08006710                vApplicationGetIdleTaskMemory
 .text.vApplicationGetTimerTaskMemory
                0x08006744       0x34 ./Middlewares/Third_Party/FreeRTOS/Source/CMSIS_RTOS_V2/cmsis_os2.o
                0x08006744                vApplicationGetTimerTaskMemory
 .text.vListInitialise
                0x08006778       0x40 ./Middlewares/Third_Party/FreeRTOS/Source/list.o
                0x08006778                vListInitialise
 .text.vListInitialiseItem
                0x080067b8       0x1a ./Middlewares/Third_Party/FreeRTOS/Source/list.o
                0x080067b8                vListInitialiseItem
 .text.vListInsertEnd
                0x080067d2       0x48 ./Middlewares/Third_Party/FreeRTOS/Source/list.o
                0x080067d2                vListInsertEnd
 .text.vListInsert
                0x0800681a       0x72 ./Middlewares/Third_Party/FreeRTOS/Source/list.o
                0x0800681a                vListInsert
 .text.uxListRemove
                0x0800688c       0x54 ./Middlewares/Third_Party/FreeRTOS/Source/list.o
                0x0800688c                uxListRemove
 .text.xQueueGenericReset
                0x080068e0       0xd4 ./Middlewares/Third_Party/FreeRTOS/Source/queue.o
                0x080068e0                xQueueGenericReset
 .text.xQueueGenericCreateStatic
                0x080069b4       0xfa ./Middlewares/Third_Party/FreeRTOS/Source/queue.o
                0x080069b4                xQueueGenericCreateStatic
 .text.xQueueGenericCreate
                0x08006aae       0x76 ./Middlewares/Third_Party/FreeRTOS/Source/queue.o
                0x08006aae                xQueueGenericCreate
 .text.prvInitialiseNewQueue
                0x08006b24       0x46 ./Middlewares/Third_Party/FreeRTOS/Source/queue.o
 .text.prvInitialiseMutex
                0x08006b6a       0x34 ./Middlewares/Third_Party/FreeRTOS/Source/queue.o
 .text.xQueueCreateMutex
                0x08006b9e       0x30 ./Middlewares/Third_Party/FreeRTOS/Source/queue.o
                0x08006b9e                xQueueCreateMutex
 .text.xQueueCreateMutexStatic
                0x08006bce       0x36 ./Middlewares/Third_Party/FreeRTOS/Source/queue.o
                0x08006bce                xQueueCreateMutexStatic
 .text.xQueueGiveMutexRecursive
                0x08006c04       0x6a ./Middlewares/Third_Party/FreeRTOS/Source/queue.o
                0x08006c04                xQueueGiveMutexRecursive
 .text.xQueueTakeMutexRecursive
                0x08006c6e       0x6e ./Middlewares/Third_Party/FreeRTOS/Source/queue.o
                0x08006c6e                xQueueTakeMutexRecursive
 .text.xQueueGenericSend
                0x08006cdc      0x204 ./Middlewares/Third_Party/FreeRTOS/Source/queue.o
                0x08006cdc                xQueueGenericSend
 .text.xQueueGenericSendFromISR
                0x08006ee0      0x13c ./Middlewares/Third_Party/FreeRTOS/Source/queue.o
                0x08006ee0                xQueueGenericSendFromISR
 .text.xQueueReceive
                0x0800701c      0x1c4 ./Middlewares/Third_Party/FreeRTOS/Source/queue.o
                0x0800701c                xQueueReceive
 .text.xQueueSemaphoreTake
                0x080071e0      0x220 ./Middlewares/Third_Party/FreeRTOS/Source/queue.o
                0x080071e0                xQueueSemaphoreTake
 .text.prvGetDisinheritPriorityAfterTimeout
                0x08007400       0x30 ./Middlewares/Third_Party/FreeRTOS/Source/queue.o
 .text.prvCopyDataToQueue
                0x08007430       0xd4 ./Middlewares/Third_Party/FreeRTOS/Source/queue.o
 .text.prvCopyDataFromQueue
                0x08007504       0x4c ./Middlewares/Third_Party/FreeRTOS/Source/queue.o
 .text.prvUnlockQueue
                0x08007550       0xa4 ./Middlewares/Third_Party/FreeRTOS/Source/queue.o
 .text.prvIsQueueEmpty
                0x080075f4       0x2c ./Middlewares/Third_Party/FreeRTOS/Source/queue.o
 .text.prvIsQueueFull
                0x08007620       0x30 ./Middlewares/Third_Party/FreeRTOS/Source/queue.o
 .text.vQueueAddToRegistry
                0x08007650       0x54 ./Middlewares/Third_Party/FreeRTOS/Source/queue.o
                0x08007650                vQueueAddToRegistry
 .text.vQueueWaitForMessageRestricted
                0x080076a4       0x68 ./Middlewares/Third_Party/FreeRTOS/Source/queue.o
                0x080076a4                vQueueWaitForMessageRestricted
 .text.xTaskCreateStatic
                0x0800770c       0xc0 ./Middlewares/Third_Party/FreeRTOS/Source/tasks.o
                0x0800770c                xTaskCreateStatic
 .text.xTaskCreate
                0x080077cc       0x8a ./Middlewares/Third_Party/FreeRTOS/Source/tasks.o
                0x080077cc                xTaskCreate
 *fill*         0x08007856        0x2 
 .text.prvInitialiseNewTask
                0x08007858      0x150 ./Middlewares/Third_Party/FreeRTOS/Source/tasks.o
 .text.prvAddNewTaskToReadyList
                0x080079a8       0xe0 ./Middlewares/Third_Party/FreeRTOS/Source/tasks.o
 .text.vTaskDelay
                0x08007a88       0x6c ./Middlewares/Third_Party/FreeRTOS/Source/tasks.o
                0x08007a88                vTaskDelay
 .text.vTaskStartScheduler
                0x08007af4       0xe0 ./Middlewares/Third_Party/FreeRTOS/Source/tasks.o
                0x08007af4                vTaskStartScheduler
 .text.vTaskSuspendAll
                0x08007bd4       0x1c ./Middlewares/Third_Party/FreeRTOS/Source/tasks.o
                0x08007bd4                vTaskSuspendAll
 .text.xTaskResumeAll
                0x08007bf0      0x13c ./Middlewares/Third_Party/FreeRTOS/Source/tasks.o
                0x08007bf0                xTaskResumeAll
 .text.xTaskGetTickCount
                0x08007d2c       0x20 ./Middlewares/Third_Party/FreeRTOS/Source/tasks.o
                0x08007d2c                xTaskGetTickCount
 .text.xTaskIncrementTick
                0x08007d4c      0x174 ./Middlewares/Third_Party/FreeRTOS/Source/tasks.o
                0x08007d4c                xTaskIncrementTick
 .text.vTaskSwitchContext
                0x08007ec0       0xcc ./Middlewares/Third_Party/FreeRTOS/Source/tasks.o
                0x08007ec0                vTaskSwitchContext
 .text.vTaskPlaceOnEventList
                0x08007f8c       0x4c ./Middlewares/Third_Party/FreeRTOS/Source/tasks.o
                0x08007f8c                vTaskPlaceOnEventList
 .text.vTaskPlaceOnEventListRestricted
                0x08007fd8       0x58 ./Middlewares/Third_Party/FreeRTOS/Source/tasks.o
                0x08007fd8                vTaskPlaceOnEventListRestricted
 .text.xTaskRemoveFromEventList
                0x08008030       0xc8 ./Middlewares/Third_Party/FreeRTOS/Source/tasks.o
                0x08008030                xTaskRemoveFromEventList
 .text.vTaskInternalSetTimeOutState
                0x080080f8       0x2c ./Middlewares/Third_Party/FreeRTOS/Source/tasks.o
                0x080080f8                vTaskInternalSetTimeOutState
 .text.xTaskCheckForTimeOut
                0x08008124       0xc8 ./Middlewares/Third_Party/FreeRTOS/Source/tasks.o
                0x08008124                xTaskCheckForTimeOut
 .text.vTaskMissedYield
                0x080081ec       0x18 ./Middlewares/Third_Party/FreeRTOS/Source/tasks.o
                0x080081ec                vTaskMissedYield
 .text.prvIdleTask
                0x08008204       0x30 ./Middlewares/Third_Party/FreeRTOS/Source/tasks.o
 .text.prvInitialiseTaskLists
                0x08008234       0x80 ./Middlewares/Third_Party/FreeRTOS/Source/tasks.o
 .text.prvCheckTasksWaitingTermination
                0x080082b4       0x5c ./Middlewares/Third_Party/FreeRTOS/Source/tasks.o
 .text.prvDeleteTCB
                0x08008310       0x6a ./Middlewares/Third_Party/FreeRTOS/Source/tasks.o
 *fill*         0x0800837a        0x2 
 .text.prvResetNextTaskUnblockTime
                0x0800837c       0x40 ./Middlewares/Third_Party/FreeRTOS/Source/tasks.o
 .text.xTaskGetCurrentTaskHandle
                0x080083bc       0x20 ./Middlewares/Third_Party/FreeRTOS/Source/tasks.o
                0x080083bc                xTaskGetCurrentTaskHandle
 .text.xTaskGetSchedulerState
                0x080083dc       0x3c ./Middlewares/Third_Party/FreeRTOS/Source/tasks.o
                0x080083dc                xTaskGetSchedulerState
 .text.xTaskPriorityInherit
                0x08008418       0xd0 ./Middlewares/Third_Party/FreeRTOS/Source/tasks.o
                0x08008418                xTaskPriorityInherit
 .text.xTaskPriorityDisinherit
                0x080084e8       0xe0 ./Middlewares/Third_Party/FreeRTOS/Source/tasks.o
                0x080084e8                xTaskPriorityDisinherit
 .text.vTaskPriorityDisinheritAfterTimeout
                0x080085c8      0x108 ./Middlewares/Third_Party/FreeRTOS/Source/tasks.o
                0x080085c8                vTaskPriorityDisinheritAfterTimeout
 .text.pvTaskIncrementMutexHeldCount
                0x080086d0       0x28 ./Middlewares/Third_Party/FreeRTOS/Source/tasks.o
                0x080086d0                pvTaskIncrementMutexHeldCount
 .text.prvAddCurrentTaskToDelayedList
                0x080086f8       0xa8 ./Middlewares/Third_Party/FreeRTOS/Source/tasks.o
 .text.xTimerCreateTimerTask
                0x080087a0       0x94 ./Middlewares/Third_Party/FreeRTOS/Source/timers.o
                0x080087a0                xTimerCreateTimerTask
 .text.xTimerGenericCommand
                0x08008834       0x9c ./Middlewares/Third_Party/FreeRTOS/Source/timers.o
                0x08008834                xTimerGenericCommand
 .text.prvProcessExpiredTimer
                0x080088d0       0x9c ./Middlewares/Third_Party/FreeRTOS/Source/timers.o
 .text.prvTimerTask
                0x0800896c       0x26 ./Middlewares/Third_Party/FreeRTOS/Source/timers.o
 *fill*         0x08008992        0x2 
 .text.prvProcessTimerOrBlockTask
                0x08008994       0x9c ./Middlewares/Third_Party/FreeRTOS/Source/timers.o
 .text.prvGetNextExpireTime
                0x08008a30       0x48 ./Middlewares/Third_Party/FreeRTOS/Source/timers.o
 .text.prvSampleTimeNow
                0x08008a78       0x40 ./Middlewares/Third_Party/FreeRTOS/Source/timers.o
 .text.prvInsertTimerInActiveList
                0x08008ab8       0x84 ./Middlewares/Third_Party/FreeRTOS/Source/timers.o
 .text.prvProcessReceivedCommands
                0x08008b3c      0x1cc ./Middlewares/Third_Party/FreeRTOS/Source/timers.o
 .text.prvSwitchTimerLists
                0x08008d08       0xcc ./Middlewares/Third_Party/FreeRTOS/Source/timers.o
 .text.prvCheckForValidListAndQueue
                0x08008dd4       0x80 ./Middlewares/Third_Party/FreeRTOS/Source/timers.o
 .text.pxPortInitialiseStack
                0x08008e54       0x68 ./Middlewares/Third_Party/FreeRTOS/Source/portable/GCC/ARM_CM4F/port.o
                0x08008e54                pxPortInitialiseStack
 .text.prvTaskExitError
                0x08008ebc       0x5c ./Middlewares/Third_Party/FreeRTOS/Source/portable/GCC/ARM_CM4F/port.o
 *fill*         0x08008f18        0x8 
 .text.SVC_Handler
                0x08008f20       0x28 ./Middlewares/Third_Party/FreeRTOS/Source/portable/GCC/ARM_CM4F/port.o
                0x08008f20                SVC_Handler
 .text.prvPortStartFirstTask
                0x08008f48       0x28 ./Middlewares/Third_Party/FreeRTOS/Source/portable/GCC/ARM_CM4F/port.o
 .text.xPortStartScheduler
                0x08008f70      0x148 ./Middlewares/Third_Party/FreeRTOS/Source/portable/GCC/ARM_CM4F/port.o
                0x08008f70                xPortStartScheduler
 .text.vPortEnterCritical
                0x080090b8       0x64 ./Middlewares/Third_Party/FreeRTOS/Source/portable/GCC/ARM_CM4F/port.o
                0x080090b8                vPortEnterCritical
 .text.vPortExitCritical
                0x0800911c       0x54 ./Middlewares/Third_Party/FreeRTOS/Source/portable/GCC/ARM_CM4F/port.o
                0x0800911c                vPortExitCritical
 .text.PendSV_Handler
                0x08009170       0x68 ./Middlewares/Third_Party/FreeRTOS/Source/portable/GCC/ARM_CM4F/port.o
                0x08009170                PendSV_Handler
 .text.xPortSysTickHandler
                0x080091d8       0x44 ./Middlewares/Third_Party/FreeRTOS/Source/portable/GCC/ARM_CM4F/port.o
                0x080091d8                xPortSysTickHandler
 .text.vPortSetupTimerInterrupt
                0x0800921c       0x48 ./Middlewares/Third_Party/FreeRTOS/Source/portable/GCC/ARM_CM4F/port.o
                0x0800921c                vPortSetupTimerInterrupt
 .text.vPortEnableVFP
                0x08009264       0x14 ./Middlewares/Third_Party/FreeRTOS/Source/portable/GCC/ARM_CM4F/port.o
 .text.vPortValidateInterruptPriority
                0x08009278       0x84 ./Middlewares/Third_Party/FreeRTOS/Source/portable/GCC/ARM_CM4F/port.o
                0x08009278                vPortValidateInterruptPriority
 .text.pvPortMalloc
                0x080092fc      0x19c ./Middlewares/Third_Party/FreeRTOS/Source/portable/MemMang/heap_4.o
                0x080092fc                pvPortMalloc
 .text.vPortFree
                0x08009498       0xc8 ./Middlewares/Third_Party/FreeRTOS/Source/portable/MemMang/heap_4.o
                0x08009498                vPortFree
 .text.prvHeapInit
                0x08009560       0xc4 ./Middlewares/Third_Party/FreeRTOS/Source/portable/MemMang/heap_4.o
 .text.prvInsertBlockIntoFreeList
                0x08009624       0xb4 ./Middlewares/Third_Party/FreeRTOS/Source/portable/MemMang/heap_4.o
 .text.atan2    0x080096d8        0x4 /Applications/STM32CubeIDE.app/Contents/Eclipse/plugins/com.st.stm32cube.ide.mcu.externaltools.gnu-tools-for-stm32.12.3.rel1.macos64_1.0.200.202406191456/tools/bin/../lib/gcc/arm-none-eabi/12.3.1/../../../../arm-none-eabi/lib/thumb/v7e-m+fp/hard/libm.a(libm_a-w_atan2.o)
                0x080096d8                atan2
 *fill*         0x080096dc        0x4 
 .text.__ieee754_atan2
                0x080096e0      0x18c /Applications/STM32CubeIDE.app/Contents/Eclipse/plugins/com.st.stm32cube.ide.mcu.externaltools.gnu-tools-for-stm32.12.3.rel1.macos64_1.0.200.202406191456/tools/bin/../lib/gcc/arm-none-eabi/12.3.1/../../../../arm-none-eabi/lib/thumb/v7e-m+fp/hard/libm.a(libm_a-e_atan2.o)
                0x080096e0                __ieee754_atan2
 .text.sqrt     0x0800986c       0x58 /Applications/STM32CubeIDE.app/Contents/Eclipse/plugins/com.st.stm32cube.ide.mcu.externaltools.gnu-tools-for-stm32.12.3.rel1.macos64_1.0.200.202406191456/tools/bin/../lib/gcc/arm-none-eabi/12.3.1/../../../../arm-none-eabi/lib/thumb/v7e-m+fp/hard/libm.a(libm_a-w_sqrt.o)
                0x0800986c                sqrt
 *fill*         0x080098c4        0x4 
 .text.atan     0x080098c8      0x330 /Applications/STM32CubeIDE.app/Contents/Eclipse/plugins/com.st.stm32cube.ide.mcu.externaltools.gnu-tools-for-stm32.12.3.rel1.macos64_1.0.200.202406191456/tools/bin/../lib/gcc/arm-none-eabi/12.3.1/../../../../arm-none-eabi/lib/thumb/v7e-m+fp/hard/libm.a(libm_a-s_atan.o)
                0x080098c8                atan
 .text.cos      0x08009bf8       0xa8 /Applications/STM32CubeIDE.app/Contents/Eclipse/plugins/com.st.stm32cube.ide.mcu.externaltools.gnu-tools-for-stm32.12.3.rel1.macos64_1.0.200.202406191456/tools/bin/../lib/gcc/arm-none-eabi/12.3.1/../../../../arm-none-eabi/lib/thumb/v7e-m+fp/hard/libm.a(libm_a-s_cos.o)
                0x08009bf8                cos
 .text.fabs     0x08009ca0       0x10 /Applications/STM32CubeIDE.app/Contents/Eclipse/plugins/com.st.stm32cube.ide.mcu.externaltools.gnu-tools-for-stm32.12.3.rel1.macos64_1.0.200.202406191456/tools/bin/../lib/gcc/arm-none-eabi/12.3.1/../../../../arm-none-eabi/lib/thumb/v7e-m+fp/hard/libm.a(libm_a-s_fabs.o)
                0x08009ca0                fabs
 .text.sin      0x08009cb0       0xa8 /Applications/STM32CubeIDE.app/Contents/Eclipse/plugins/com.st.stm32cube.ide.mcu.externaltools.gnu-tools-for-stm32.12.3.rel1.macos64_1.0.200.202406191456/tools/bin/../lib/gcc/arm-none-eabi/12.3.1/../../../../arm-none-eabi/lib/thumb/v7e-m+fp/hard/libm.a(libm_a-s_sin.o)
                0x08009cb0                sin
 .text.__ieee754_sqrt
                0x08009d58      0x1b4 /Applications/STM32CubeIDE.app/Contents/Eclipse/plugins/com.st.stm32cube.ide.mcu.externaltools.gnu-tools-for-stm32.12.3.rel1.macos64_1.0.200.202406191456/tools/bin/../lib/gcc/arm-none-eabi/12.3.1/../../../../arm-none-eabi/lib/thumb/v7e-m+fp/hard/libm.a(libm_a-e_sqrt.o)
                0x08009d58                __ieee754_sqrt
 *fill*         0x08009f0c        0x4 
 .text.__ieee754_rem_pio2
                0x08009f10      0x3f8 /Applications/STM32CubeIDE.app/Contents/Eclipse/plugins/com.st.stm32cube.ide.mcu.externaltools.gnu-tools-for-stm32.12.3.rel1.macos64_1.0.200.202406191456/tools/bin/../lib/gcc/arm-none-eabi/12.3.1/../../../../arm-none-eabi/lib/thumb/v7e-m+fp/hard/libm.a(libm_a-e_rem_pio2.o)
                0x08009f10                __ieee754_rem_pio2
 .text.__kernel_rem_pio2
                0x0800a308      0x6b0 /Applications/STM32CubeIDE.app/Contents/Eclipse/plugins/com.st.stm32cube.ide.mcu.externaltools.gnu-tools-for-stm32.12.3.rel1.macos64_1.0.200.202406191456/tools/bin/../lib/gcc/arm-none-eabi/12.3.1/../../../../arm-none-eabi/lib/thumb/v7e-m+fp/hard/libm.a(libm_a-k_rem_pio2.o)
                0x0800a308                __kernel_rem_pio2
 .text.__kernel_cos
                0x0800a9b8      0x18c /Applications/STM32CubeIDE.app/Contents/Eclipse/plugins/com.st.stm32cube.ide.mcu.externaltools.gnu-tools-for-stm32.12.3.rel1.macos64_1.0.200.202406191456/tools/bin/../lib/gcc/arm-none-eabi/12.3.1/../../../../arm-none-eabi/lib/thumb/v7e-m+fp/hard/libm.a(libm_a-k_cos.o)
                0x0800a9b8                __kernel_cos
 *fill*         0x0800ab44        0x4 
 .text.__kernel_sin
                0x0800ab48      0x174 /Applications/STM32CubeIDE.app/Contents/Eclipse/plugins/com.st.stm32cube.ide.mcu.externaltools.gnu-tools-for-stm32.12.3.rel1.macos64_1.0.200.202406191456/tools/bin/../lib/gcc/arm-none-eabi/12.3.1/../../../../arm-none-eabi/lib/thumb/v7e-m+fp/hard/libm.a(libm_a-k_sin.o)
                0x0800ab48                __kernel_sin
 *fill*         0x0800acbc        0x4 
 .text.scalbn   0x0800acc0       0xfc /Applications/STM32CubeIDE.app/Contents/Eclipse/plugins/com.st.stm32cube.ide.mcu.externaltools.gnu-tools-for-stm32.12.3.rel1.macos64_1.0.200.202406191456/tools/bin/../lib/gcc/arm-none-eabi/12.3.1/../../../../arm-none-eabi/lib/thumb/v7e-m+fp/hard/libm.a(libm_a-s_scalbn.o)
                0x0800acc0                scalbn
 *fill*         0x0800adbc        0x4 
 .text.floor    0x0800adc0       0xf8 /Applications/STM32CubeIDE.app/Contents/Eclipse/plugins/com.st.stm32cube.ide.mcu.externaltools.gnu-tools-for-stm32.12.3.rel1.macos64_1.0.200.202406191456/tools/bin/../lib/gcc/arm-none-eabi/12.3.1/../../../../arm-none-eabi/lib/thumb/v7e-m+fp/hard/libm.a(libm_a-s_floor.o)
                0x0800adc0                floor
 .text.memset   0x0800aeb8       0x10 /Applications/STM32CubeIDE.app/Contents/Eclipse/plugins/com.st.stm32cube.ide.mcu.externaltools.gnu-tools-for-stm32.12.3.rel1.macos64_1.0.200.202406191456/tools/bin/../lib/gcc/arm-none-eabi/12.3.1/../../../../arm-none-eabi/lib/thumb/v7e-m+fp/hard/libc_nano.a(libc_a-memset.o)
                0x0800aeb8                memset
 .text._reclaim_reent
                0x0800aec8       0xac /Applications/STM32CubeIDE.app/Contents/Eclipse/plugins/com.st.stm32cube.ide.mcu.externaltools.gnu-tools-for-stm32.12.3.rel1.macos64_1.0.200.202406191456/tools/bin/../lib/gcc/arm-none-eabi/12.3.1/../../../../arm-none-eabi/lib/thumb/v7e-m+fp/hard/libc_nano.a(libc_a-reent.o)
                0x0800aec8                _reclaim_reent
 .text.__errno  0x0800af74        0xc /Applications/STM32CubeIDE.app/Contents/Eclipse/plugins/com.st.stm32cube.ide.mcu.externaltools.gnu-tools-for-stm32.12.3.rel1.macos64_1.0.200.202406191456/tools/bin/../lib/gcc/arm-none-eabi/12.3.1/../../../../arm-none-eabi/lib/thumb/v7e-m+fp/hard/libc_nano.a(libc_a-errno.o)
                0x0800af74                __errno
 .text.__libc_init_array
                0x0800af80       0x48 /Applications/STM32CubeIDE.app/Contents/Eclipse/plugins/com.st.stm32cube.ide.mcu.externaltools.gnu-tools-for-stm32.12.3.rel1.macos64_1.0.200.202406191456/tools/bin/../lib/gcc/arm-none-eabi/12.3.1/../../../../arm-none-eabi/lib/thumb/v7e-m+fp/hard/libc_nano.a(libc_a-init.o)
                0x0800af80                __libc_init_array
 .text.__retarget_lock_acquire_recursive
                0x0800afc8        0x2 /Applications/STM32CubeIDE.app/Contents/Eclipse/plugins/com.st.stm32cube.ide.mcu.externaltools.gnu-tools-for-stm32.12.3.rel1.macos64_1.0.200.202406191456/tools/bin/../lib/gcc/arm-none-eabi/12.3.1/../../../../arm-none-eabi/lib/thumb/v7e-m+fp/hard/libc_nano.a(libc_a-lock.o)
                0x0800afc8                __retarget_lock_acquire_recursive
 .text.__retarget_lock_release_recursive
                0x0800afca        0x2 /Applications/STM32CubeIDE.app/Contents/Eclipse/plugins/com.st.stm32cube.ide.mcu.externaltools.gnu-tools-for-stm32.12.3.rel1.macos64_1.0.200.202406191456/tools/bin/../lib/gcc/arm-none-eabi/12.3.1/../../../../arm-none-eabi/lib/thumb/v7e-m+fp/hard/libc_nano.a(libc_a-lock.o)
                0x0800afca                __retarget_lock_release_recursive
 .text.memcpy   0x0800afcc       0x1c /Applications/STM32CubeIDE.app/Contents/Eclipse/plugins/com.st.stm32cube.ide.mcu.externaltools.gnu-tools-for-stm32.12.3.rel1.macos64_1.0.200.202406191456/tools/bin/../lib/gcc/arm-none-eabi/12.3.1/../../../../arm-none-eabi/lib/thumb/v7e-m+fp/hard/libc_nano.a(libc_a-memcpy-stub.o)
                0x0800afcc                memcpy
 .text._free_r  0x0800afe8       0x94 /Applications/STM32CubeIDE.app/Contents/Eclipse/plugins/com.st.stm32cube.ide.mcu.externaltools.gnu-tools-for-stm32.12.3.rel1.macos64_1.0.200.202406191456/tools/bin/../lib/gcc/arm-none-eabi/12.3.1/../../../../arm-none-eabi/lib/thumb/v7e-m+fp/hard/libc_nano.a(libc_a-freer.o)
                0x0800afe8                _free_r
 .text.__malloc_lock
                0x0800b07c        0xc /Applications/STM32CubeIDE.app/Contents/Eclipse/plugins/com.st.stm32cube.ide.mcu.externaltools.gnu-tools-for-stm32.12.3.rel1.macos64_1.0.200.202406191456/tools/bin/../lib/gcc/arm-none-eabi/12.3.1/../../../../arm-none-eabi/lib/thumb/v7e-m+fp/hard/libc_nano.a(libc_a-mlock.o)
                0x0800b07c                __malloc_lock
 .text.__malloc_unlock
                0x0800b088        0xc /Applications/STM32CubeIDE.app/Contents/Eclipse/plugins/com.st.stm32cube.ide.mcu.externaltools.gnu-tools-for-stm32.12.3.rel1.macos64_1.0.200.202406191456/tools/bin/../lib/gcc/arm-none-eabi/12.3.1/../../../../arm-none-eabi/lib/thumb/v7e-m+fp/hard/libc_nano.a(libc_a-mlock.o)
                0x0800b088                __malloc_unlock
 *(.glue_7)
 .glue_7        0x0800b094        0x0 linker stubs
 *(.glue_7t)
 .glue_7t       0x0800b094        0x0 linker stubs
 *(.eh_frame)
 .eh_frame      0x0800b094        0x0 /Applications/STM32CubeIDE.app/Contents/Eclipse/plugins/com.st.stm32cube.ide.mcu.externaltools.gnu-tools-for-stm32.12.3.rel1.macos64_1.0.200.202406191456/tools/bin/../lib/gcc/arm-none-eabi/12.3.1/thumb/v7e-m+fp/hard/crtbegin.o
 *(.init)
 .init          0x0800b094        0x4 /Applications/STM32CubeIDE.app/Contents/Eclipse/plugins/com.st.stm32cube.ide.mcu.externaltools.gnu-tools-for-stm32.12.3.rel1.macos64_1.0.200.202406191456/tools/bin/../lib/gcc/arm-none-eabi/12.3.1/thumb/v7e-m+fp/hard/crti.o
                0x0800b094                _init
 .init          0x0800b098        0x8 /Applications/STM32CubeIDE.app/Contents/Eclipse/plugins/com.st.stm32cube.ide.mcu.externaltools.gnu-tools-for-stm32.12.3.rel1.macos64_1.0.200.202406191456/tools/bin/../lib/gcc/arm-none-eabi/12.3.1/thumb/v7e-m+fp/hard/crtn.o
 *(.fini)
 .fini          0x0800b0a0        0x4 /Applications/STM32CubeIDE.app/Contents/Eclipse/plugins/com.st.stm32cube.ide.mcu.externaltools.gnu-tools-for-stm32.12.3.rel1.macos64_1.0.200.202406191456/tools/bin/../lib/gcc/arm-none-eabi/12.3.1/thumb/v7e-m+fp/hard/crti.o
                0x0800b0a0                _fini
 .fini          0x0800b0a4        0x8 /Applications/STM32CubeIDE.app/Contents/Eclipse/plugins/com.st.stm32cube.ide.mcu.externaltools.gnu-tools-for-stm32.12.3.rel1.macos64_1.0.200.202406191456/tools/bin/../lib/gcc/arm-none-eabi/12.3.1/thumb/v7e-m+fp/hard/crtn.o
                0x0800b0ac                        . = ALIGN (0x4)
                0x0800b0ac                        _etext = .

.vfp11_veneer   0x0800b0ac        0x0
 .vfp11_veneer  0x0800b0ac        0x0 linker stubs

.v4_bx          0x0800b0ac        0x0
 .v4_bx         0x0800b0ac        0x0 linker stubs

.iplt           0x0800b0ac        0x0
 .iplt          0x0800b0ac        0x0 /Applications/STM32CubeIDE.app/Contents/Eclipse/plugins/com.st.stm32cube.ide.mcu.externaltools.gnu-tools-for-stm32.12.3.rel1.macos64_1.0.200.202406191456/tools/bin/../lib/gcc/arm-none-eabi/12.3.1/thumb/v7e-m+fp/hard/crtbegin.o

.rodata         0x0800b0b0      0x468
                0x0800b0b0                        . = ALIGN (0x4)
 *(.rodata)
 .rodata        0x0800b0b0       0xa1 ./Core/Src/main.o
 *fill*         0x0800b151        0x3 
 .rodata        0x0800b154        0x5 ./Middlewares/Third_Party/FreeRTOS/Source/tasks.o
 *fill*         0x0800b159        0x3 
 .rodata        0x0800b15c        0xd ./Middlewares/Third_Party/FreeRTOS/Source/timers.o
 *(.rodata*)
 *fill*         0x0800b169        0x3 
 .rodata.task_SelfGps_attributes
                0x0800b16c       0x24 ./Core/Src/main.o
                0x0800b16c                task_SelfGps_attributes
 .rodata.task_TargetGps_attributes
                0x0800b190       0x24 ./Core/Src/main.o
                0x0800b190                task_TargetGps_attributes
 .rodata.task_Calculate_attributes
                0x0800b1b4       0x24 ./Core/Src/main.o
                0x0800b1b4                task_Calculate_attributes
 .rodata.task_Encoder_attributes
                0x0800b1d8       0x24 ./Core/Src/main.o
                0x0800b1d8                task_Encoder_attributes
 .rodata.task_Stepper_attributes
                0x0800b1fc       0x24 ./Core/Src/main.o
                0x0800b1fc                task_Stepper_attributes
 .rodata.task_Servo_attributes
                0x0800b220       0x24 ./Core/Src/main.o
                0x0800b220                task_Servo_attributes
 .rodata.uartMutex_attributes
                0x0800b244       0x10 ./Core/Src/main.o
                0x0800b244                uartMutex_attributes
 .rodata.gpsDataMutex_attributes
                0x0800b254       0x10 ./Core/Src/main.o
                0x0800b254                gpsDataMutex_attributes
 .rodata.targetPositionMutex_attributes
                0x0800b264       0x10 ./Core/Src/main.o
                0x0800b264                targetPositionMutex_attributes
 .rodata.encoderPositionMutex_attributes
                0x0800b274       0x10 ./Core/Src/main.o
                0x0800b274                encoderPositionMutex_attributes
 .rodata.AHBPrescTable
                0x0800b284       0x10 ./Core/Src/system_stm32l4xx.o
                0x0800b284                AHBPrescTable
 .rodata.APBPrescTable
                0x0800b294        0x8 ./Core/Src/system_stm32l4xx.o
                0x0800b294                APBPrescTable
 .rodata.MSIRangeTable
                0x0800b29c       0x30 ./Core/Src/system_stm32l4xx.o
                0x0800b29c                MSIRangeTable
 *fill*         0x0800b2cc        0x4 
 .rodata.CSWTCH.9
                0x0800b2d0       0x18 /Applications/STM32CubeIDE.app/Contents/Eclipse/plugins/com.st.stm32cube.ide.mcu.externaltools.gnu-tools-for-stm32.12.3.rel1.macos64_1.0.200.202406191456/tools/bin/../lib/gcc/arm-none-eabi/12.3.1/../../../../arm-none-eabi/lib/thumb/v7e-m+fp/hard/libm.a(libm_a-e_atan2.o)
 .rodata.CSWTCH.8
                0x0800b2e8       0x18 /Applications/STM32CubeIDE.app/Contents/Eclipse/plugins/com.st.stm32cube.ide.mcu.externaltools.gnu-tools-for-stm32.12.3.rel1.macos64_1.0.200.202406191456/tools/bin/../lib/gcc/arm-none-eabi/12.3.1/../../../../arm-none-eabi/lib/thumb/v7e-m+fp/hard/libm.a(libm_a-e_atan2.o)
 .rodata.atanlo
                0x0800b300       0x20 /Applications/STM32CubeIDE.app/Contents/Eclipse/plugins/com.st.stm32cube.ide.mcu.externaltools.gnu-tools-for-stm32.12.3.rel1.macos64_1.0.200.202406191456/tools/bin/../lib/gcc/arm-none-eabi/12.3.1/../../../../arm-none-eabi/lib/thumb/v7e-m+fp/hard/libm.a(libm_a-s_atan.o)
 .rodata.atanhi
                0x0800b320       0x20 /Applications/STM32CubeIDE.app/Contents/Eclipse/plugins/com.st.stm32cube.ide.mcu.externaltools.gnu-tools-for-stm32.12.3.rel1.macos64_1.0.200.202406191456/tools/bin/../lib/gcc/arm-none-eabi/12.3.1/../../../../arm-none-eabi/lib/thumb/v7e-m+fp/hard/libm.a(libm_a-s_atan.o)
 .rodata.npio2_hw
                0x0800b340       0x80 /Applications/STM32CubeIDE.app/Contents/Eclipse/plugins/com.st.stm32cube.ide.mcu.externaltools.gnu-tools-for-stm32.12.3.rel1.macos64_1.0.200.202406191456/tools/bin/../lib/gcc/arm-none-eabi/12.3.1/../../../../arm-none-eabi/lib/thumb/v7e-m+fp/hard/libm.a(libm_a-e_rem_pio2.o)
 .rodata.two_over_pi
                0x0800b3c0      0x108 /Applications/STM32CubeIDE.app/Contents/Eclipse/plugins/com.st.stm32cube.ide.mcu.externaltools.gnu-tools-for-stm32.12.3.rel1.macos64_1.0.200.202406191456/tools/bin/../lib/gcc/arm-none-eabi/12.3.1/../../../../arm-none-eabi/lib/thumb/v7e-m+fp/hard/libm.a(libm_a-e_rem_pio2.o)
 .rodata.PIo2   0x0800b4c8       0x40 /Applications/STM32CubeIDE.app/Contents/Eclipse/plugins/com.st.stm32cube.ide.mcu.externaltools.gnu-tools-for-stm32.12.3.rel1.macos64_1.0.200.202406191456/tools/bin/../lib/gcc/arm-none-eabi/12.3.1/../../../../arm-none-eabi/lib/thumb/v7e-m+fp/hard/libm.a(libm_a-k_rem_pio2.o)
 .rodata.init_jk
                0x0800b508       0x10 /Applications/STM32CubeIDE.app/Contents/Eclipse/plugins/com.st.stm32cube.ide.mcu.externaltools.gnu-tools-for-stm32.12.3.rel1.macos64_1.0.200.202406191456/tools/bin/../lib/gcc/arm-none-eabi/12.3.1/../../../../arm-none-eabi/lib/thumb/v7e-m+fp/hard/libm.a(libm_a-k_rem_pio2.o)
                0x0800b518                        . = ALIGN (0x4)

.ARM.extab      0x0800b518        0x0
                0x0800b518                        . = ALIGN (0x4)
 *(.ARM.extab* .gnu.linkonce.armextab.*)
                0x0800b518                        . = ALIGN (0x4)

.ARM            0x0800b518        0x8
                0x0800b518                        . = ALIGN (0x4)
                0x0800b518                        __exidx_start = .
 *(.ARM.exidx*)
 .ARM.exidx     0x0800b518        0x8 /Applications/STM32CubeIDE.app/Contents/Eclipse/plugins/com.st.stm32cube.ide.mcu.externaltools.gnu-tools-for-stm32.12.3.rel1.macos64_1.0.200.202406191456/tools/bin/../lib/gcc/arm-none-eabi/12.3.1/thumb/v7e-m+fp/hard/libgcc.a(_udivmoddi4.o)
                0x0800b520                        __exidx_end = .
                0x0800b520                        . = ALIGN (0x4)

.preinit_array  0x0800b520        0x0
                0x0800b520                        . = ALIGN (0x4)
                0x0800b520                        PROVIDE (__preinit_array_start = .)
 *(.preinit_array*)
                0x0800b520                        PROVIDE (__preinit_array_end = .)
                0x0800b520                        . = ALIGN (0x4)

.init_array     0x0800b520        0x4
                0x0800b520                        . = ALIGN (0x4)
                0x0800b520                        PROVIDE (__init_array_start = .)
 *(SORT_BY_NAME(.init_array.*))
 *(.init_array*)
 .init_array    0x0800b520        0x4 /Applications/STM32CubeIDE.app/Contents/Eclipse/plugins/com.st.stm32cube.ide.mcu.externaltools.gnu-tools-for-stm32.12.3.rel1.macos64_1.0.200.202406191456/tools/bin/../lib/gcc/arm-none-eabi/12.3.1/thumb/v7e-m+fp/hard/crtbegin.o
                0x0800b524                        PROVIDE (__init_array_end = .)
                0x0800b524                        . = ALIGN (0x4)

.fini_array     0x0800b524        0x4
                0x0800b524                        . = ALIGN (0x4)
                [!provide]                        PROVIDE (__fini_array_start = .)
 *(SORT_BY_NAME(.fini_array.*))
 *(.fini_array*)
 .fini_array    0x0800b524        0x4 /Applications/STM32CubeIDE.app/Contents/Eclipse/plugins/com.st.stm32cube.ide.mcu.externaltools.gnu-tools-for-stm32.12.3.rel1.macos64_1.0.200.202406191456/tools/bin/../lib/gcc/arm-none-eabi/12.3.1/thumb/v7e-m+fp/hard/crtbegin.o
                [!provide]                        PROVIDE (__fini_array_end = .)
                0x0800b528                        . = ALIGN (0x4)
                0x0800b528                        _sidata = LOADADDR (.data)

.rel.dyn        0x0800b528        0x0
 .rel.iplt      0x0800b528        0x0 /Applications/STM32CubeIDE.app/Contents/Eclipse/plugins/com.st.stm32cube.ide.mcu.externaltools.gnu-tools-for-stm32.12.3.rel1.macos64_1.0.200.202406191456/tools/bin/../lib/gcc/arm-none-eabi/12.3.1/thumb/v7e-m+fp/hard/crtbegin.o

.data           0x20000000       0x70 load address 0x0800b528
                0x20000000                        . = ALIGN (0x4)
                0x20000000                        _sdata = .
 *(.data)
 *(.data*)
 .data.SystemCoreClock
                0x20000000        0x4 ./Core/Src/system_stm32l4xx.o
                0x20000000                SystemCoreClock
 .data.uwTickPrio
                0x20000004        0x4 ./Drivers/STM32L4xx_HAL_Driver/Src/stm32l4xx_hal.o
                0x20000004                uwTickPrio
 .data.uwTickFreq
                0x20000008        0x1 ./Drivers/STM32L4xx_HAL_Driver/Src/stm32l4xx_hal.o
                0x20000008                uwTickFreq
 *fill*         0x20000009        0x3 
 .data.uxCriticalNesting
                0x2000000c        0x4 ./Middlewares/Third_Party/FreeRTOS/Source/portable/GCC/ARM_CM4F/port.o
 .data.tiny     0x20000010        0x8 /Applications/STM32CubeIDE.app/Contents/Eclipse/plugins/com.st.stm32cube.ide.mcu.externaltools.gnu-tools-for-stm32.12.3.rel1.macos64_1.0.200.202406191456/tools/bin/../lib/gcc/arm-none-eabi/12.3.1/../../../../arm-none-eabi/lib/thumb/v7e-m+fp/hard/libm.a(libm_a-e_sqrt.o)
 .data.one      0x20000018        0x8 /Applications/STM32CubeIDE.app/Contents/Eclipse/plugins/com.st.stm32cube.ide.mcu.externaltools.gnu-tools-for-stm32.12.3.rel1.macos64_1.0.200.202406191456/tools/bin/../lib/gcc/arm-none-eabi/12.3.1/../../../../arm-none-eabi/lib/thumb/v7e-m+fp/hard/libm.a(libm_a-e_sqrt.o)
 .data._impure_ptr
                0x20000020        0x4 /Applications/STM32CubeIDE.app/Contents/Eclipse/plugins/com.st.stm32cube.ide.mcu.externaltools.gnu-tools-for-stm32.12.3.rel1.macos64_1.0.200.202406191456/tools/bin/../lib/gcc/arm-none-eabi/12.3.1/../../../../arm-none-eabi/lib/thumb/v7e-m+fp/hard/libc_nano.a(libc_a-impure.o)
                0x20000020                _impure_ptr
 .data._impure_data
                0x20000024       0x4c /Applications/STM32CubeIDE.app/Contents/Eclipse/plugins/com.st.stm32cube.ide.mcu.externaltools.gnu-tools-for-stm32.12.3.rel1.macos64_1.0.200.202406191456/tools/bin/../lib/gcc/arm-none-eabi/12.3.1/../../../../arm-none-eabi/lib/thumb/v7e-m+fp/hard/libc_nano.a(libc_a-impure.o)
                0x20000024                _impure_data
 *(.RamFunc)
 *(.RamFunc*)
                0x20000070                        . = ALIGN (0x4)
                0x20000070                        _edata = .

.igot.plt       0x20000070        0x0 load address 0x0800b598
 .igot.plt      0x20000070        0x0 /Applications/STM32CubeIDE.app/Contents/Eclipse/plugins/com.st.stm32cube.ide.mcu.externaltools.gnu-tools-for-stm32.12.3.rel1.macos64_1.0.200.202406191456/tools/bin/../lib/gcc/arm-none-eabi/12.3.1/thumb/v7e-m+fp/hard/crtbegin.o
                0x20000070                        . = ALIGN (0x4)

.bss            0x20000070     0x6d30 load address 0x0800b598
                0x20000070                        _sbss = .
                0x20000070                        __bss_start__ = _sbss
 *(.bss)
 .bss           0x20000070       0x1c /Applications/STM32CubeIDE.app/Contents/Eclipse/plugins/com.st.stm32cube.ide.mcu.externaltools.gnu-tools-for-stm32.12.3.rel1.macos64_1.0.200.202406191456/tools/bin/../lib/gcc/arm-none-eabi/12.3.1/thumb/v7e-m+fp/hard/crtbegin.o
 *(.bss*)
 .bss.hi2c1     0x2000008c       0x54 ./Core/Src/main.o
                0x2000008c                hi2c1
 .bss.htim2     0x200000e0       0x4c ./Core/Src/main.o
                0x200000e0                htim2
 .bss.huart1    0x2000012c       0x88 ./Core/Src/main.o
                0x2000012c                huart1
 .bss.task_SelfGpsHandle
                0x200001b4        0x4 ./Core/Src/main.o
                0x200001b4                task_SelfGpsHandle
 .bss.task1Buffer
                0x200001b8      0x800 ./Core/Src/main.o
                0x200001b8                task1Buffer
 .bss.task1ControlBlock
                0x200009b8       0xa8 ./Core/Src/main.o
                0x200009b8                task1ControlBlock
 .bss.task_TargetGpsHandle
                0x20000a60        0x4 ./Core/Src/main.o
                0x20000a60                task_TargetGpsHandle
 .bss.task2Buffer
                0x20000a64      0x800 ./Core/Src/main.o
                0x20000a64                task2Buffer
 .bss.task2ControlBlock
                0x20001264       0xa8 ./Core/Src/main.o
                0x20001264                task2ControlBlock
 .bss.task_CalculateHandle
                0x2000130c        0x4 ./Core/Src/main.o
                0x2000130c                task_CalculateHandle
 .bss.task_CalculateBuffer
                0x20001310      0x800 ./Core/Src/main.o
                0x20001310                task_CalculateBuffer
 .bss.task_CalculateControlBlock
                0x20001b10       0xa8 ./Core/Src/main.o
                0x20001b10                task_CalculateControlBlock
 .bss.task_EncoderHandle
                0x20001bb8        0x4 ./Core/Src/main.o
                0x20001bb8                task_EncoderHandle
 .bss.task_EncoderBuffer
                0x20001bbc      0x800 ./Core/Src/main.o
                0x20001bbc                task_EncoderBuffer
 .bss.task_EncoderControlBlock
                0x200023bc       0xa8 ./Core/Src/main.o
                0x200023bc                task_EncoderControlBlock
 .bss.task_StepperHandle
                0x20002464        0x4 ./Core/Src/main.o
                0x20002464                task_StepperHandle
 .bss.task_StepperBuffer
                0x20002468      0x800 ./Core/Src/main.o
                0x20002468                task_StepperBuffer
 .bss.task_StepperControlBlock
                0x20002c68       0xa8 ./Core/Src/main.o
                0x20002c68                task_StepperControlBlock
 .bss.task_ServoHandle
                0x20002d10        0x4 ./Core/Src/main.o
                0x20002d10                task_ServoHandle
 .bss.task_ServoBuffer
                0x20002d14      0x800 ./Core/Src/main.o
                0x20002d14                task_ServoBuffer
 .bss.task_ServoControlBlock
                0x20003514       0xa8 ./Core/Src/main.o
                0x20003514                task_ServoControlBlock
 .bss.uartMutexHandle
                0x200035bc        0x4 ./Core/Src/main.o
                0x200035bc                uartMutexHandle
 .bss.uartMutexControlBlock
                0x200035c0       0x50 ./Core/Src/main.o
                0x200035c0                uartMutexControlBlock
 .bss.gpsDataMutexHandle
                0x20003610        0x4 ./Core/Src/main.o
                0x20003610                gpsDataMutexHandle
 .bss.gpsDataMutexControlBlock
                0x20003614       0x50 ./Core/Src/main.o
                0x20003614                gpsDataMutexControlBlock
 .bss.targetPositionMutexHandle
                0x20003664        0x4 ./Core/Src/main.o
                0x20003664                targetPositionMutexHandle
 .bss.targetPositionMutexControlBlock
                0x20003668       0x50 ./Core/Src/main.o
                0x20003668                targetPositionMutexControlBlock
 .bss.encoderPositionMutexHandle
                0x200036b8        0x4 ./Core/Src/main.o
                0x200036b8                encoderPositionMutexHandle
 .bss.encoderPositionMutexControlBlock
                0x200036bc       0x50 ./Core/Src/main.o
                0x200036bc                encoderPositionMutexControlBlock
 *fill*         0x2000370c        0x4 
 .bss.current_angle
                0x20003710        0x8 ./Core/Src/stepper.o
 .bss.htim6     0x20003718       0x4c ./Core/Src/stm32l4xx_hal_timebase_tim.o
                0x20003718                htim6
 .bss.uwTick    0x20003764        0x4 ./Drivers/STM32L4xx_HAL_Driver/Src/stm32l4xx_hal.o
                0x20003764                uwTick
 .bss.KernelState
                0x20003768        0x4 ./Middlewares/Third_Party/FreeRTOS/Source/CMSIS_RTOS_V2/cmsis_os2.o
 .bss.Idle_TCB.3
                0x2000376c       0xa8 ./Middlewares/Third_Party/FreeRTOS/Source/CMSIS_RTOS_V2/cmsis_os2.o
 .bss.Idle_Stack.2
                0x20003814      0x200 ./Middlewares/Third_Party/FreeRTOS/Source/CMSIS_RTOS_V2/cmsis_os2.o
 .bss.Timer_TCB.1
                0x20003a14       0xa8 ./Middlewares/Third_Party/FreeRTOS/Source/CMSIS_RTOS_V2/cmsis_os2.o
 .bss.Timer_Stack.0
                0x20003abc      0x400 ./Middlewares/Third_Party/FreeRTOS/Source/CMSIS_RTOS_V2/cmsis_os2.o
 .bss.xQueueRegistry
                0x20003ebc       0x40 ./Middlewares/Third_Party/FreeRTOS/Source/queue.o
                0x20003ebc                xQueueRegistry
 .bss.pxCurrentTCB
                0x20003efc        0x4 ./Middlewares/Third_Party/FreeRTOS/Source/tasks.o
                0x20003efc                pxCurrentTCB
 .bss.pxReadyTasksLists
                0x20003f00      0x460 ./Middlewares/Third_Party/FreeRTOS/Source/tasks.o
 .bss.xDelayedTaskList1
                0x20004360       0x14 ./Middlewares/Third_Party/FreeRTOS/Source/tasks.o
 .bss.xDelayedTaskList2
                0x20004374       0x14 ./Middlewares/Third_Party/FreeRTOS/Source/tasks.o
 .bss.pxDelayedTaskList
                0x20004388        0x4 ./Middlewares/Third_Party/FreeRTOS/Source/tasks.o
 .bss.pxOverflowDelayedTaskList
                0x2000438c        0x4 ./Middlewares/Third_Party/FreeRTOS/Source/tasks.o
 .bss.xPendingReadyList
                0x20004390       0x14 ./Middlewares/Third_Party/FreeRTOS/Source/tasks.o
 .bss.xTasksWaitingTermination
                0x200043a4       0x14 ./Middlewares/Third_Party/FreeRTOS/Source/tasks.o
 .bss.uxDeletedTasksWaitingCleanUp
                0x200043b8        0x4 ./Middlewares/Third_Party/FreeRTOS/Source/tasks.o
 .bss.xSuspendedTaskList
                0x200043bc       0x14 ./Middlewares/Third_Party/FreeRTOS/Source/tasks.o
 .bss.uxCurrentNumberOfTasks
                0x200043d0        0x4 ./Middlewares/Third_Party/FreeRTOS/Source/tasks.o
 .bss.xTickCount
                0x200043d4        0x4 ./Middlewares/Third_Party/FreeRTOS/Source/tasks.o
 .bss.uxTopReadyPriority
                0x200043d8        0x4 ./Middlewares/Third_Party/FreeRTOS/Source/tasks.o
 .bss.xSchedulerRunning
                0x200043dc        0x4 ./Middlewares/Third_Party/FreeRTOS/Source/tasks.o
 .bss.xPendedTicks
                0x200043e0        0x4 ./Middlewares/Third_Party/FreeRTOS/Source/tasks.o
 .bss.xYieldPending
                0x200043e4        0x4 ./Middlewares/Third_Party/FreeRTOS/Source/tasks.o
 .bss.xNumOfOverflows
                0x200043e8        0x4 ./Middlewares/Third_Party/FreeRTOS/Source/tasks.o
 .bss.uxTaskNumber
                0x200043ec        0x4 ./Middlewares/Third_Party/FreeRTOS/Source/tasks.o
 .bss.xNextTaskUnblockTime
                0x200043f0        0x4 ./Middlewares/Third_Party/FreeRTOS/Source/tasks.o
 .bss.xIdleTaskHandle
                0x200043f4        0x4 ./Middlewares/Third_Party/FreeRTOS/Source/tasks.o
 .bss.uxSchedulerSuspended
                0x200043f8        0x4 ./Middlewares/Third_Party/FreeRTOS/Source/tasks.o
 .bss.xActiveTimerList1
                0x200043fc       0x14 ./Middlewares/Third_Party/FreeRTOS/Source/timers.o
 .bss.xActiveTimerList2
                0x20004410       0x14 ./Middlewares/Third_Party/FreeRTOS/Source/timers.o
 .bss.pxCurrentTimerList
                0x20004424        0x4 ./Middlewares/Third_Party/FreeRTOS/Source/timers.o
 .bss.pxOverflowTimerList
                0x20004428        0x4 ./Middlewares/Third_Party/FreeRTOS/Source/timers.o
 .bss.xTimerQueue
                0x2000442c        0x4 ./Middlewares/Third_Party/FreeRTOS/Source/timers.o
 .bss.xTimerTaskHandle
                0x20004430        0x4 ./Middlewares/Third_Party/FreeRTOS/Source/timers.o
 .bss.xLastTime.2
                0x20004434        0x4 ./Middlewares/Third_Party/FreeRTOS/Source/timers.o
 .bss.ucStaticTimerQueueStorage.1
                0x20004438       0xa0 ./Middlewares/Third_Party/FreeRTOS/Source/timers.o
 .bss.xStaticTimerQueue.0
                0x200044d8       0x50 ./Middlewares/Third_Party/FreeRTOS/Source/timers.o
 .bss.ucMaxSysCallPriority
                0x20004528        0x1 ./Middlewares/Third_Party/FreeRTOS/Source/portable/GCC/ARM_CM4F/port.o
 *fill*         0x20004529        0x3 
 .bss.ulMaxPRIGROUPValue
                0x2000452c        0x4 ./Middlewares/Third_Party/FreeRTOS/Source/portable/GCC/ARM_CM4F/port.o
 .bss.ucHeap    0x20004530     0x2710 ./Middlewares/Third_Party/FreeRTOS/Source/portable/MemMang/heap_4.o
 .bss.xStart    0x20006c40        0x8 ./Middlewares/Third_Party/FreeRTOS/Source/portable/MemMang/heap_4.o
 .bss.pxEnd     0x20006c48        0x4 ./Middlewares/Third_Party/FreeRTOS/Source/portable/MemMang/heap_4.o
 .bss.xFreeBytesRemaining
                0x20006c4c        0x4 ./Middlewares/Third_Party/FreeRTOS/Source/portable/MemMang/heap_4.o
 .bss.xMinimumEverFreeBytesRemaining
                0x20006c50        0x4 ./Middlewares/Third_Party/FreeRTOS/Source/portable/MemMang/heap_4.o
 .bss.xNumberOfSuccessfulAllocations
                0x20006c54        0x4 ./Middlewares/Third_Party/FreeRTOS/Source/portable/MemMang/heap_4.o
 .bss.xNumberOfSuccessfulFrees
                0x20006c58        0x4 ./Middlewares/Third_Party/FreeRTOS/Source/portable/MemMang/heap_4.o
 .bss.xBlockAllocatedBit
                0x20006c5c        0x4 ./Middlewares/Third_Party/FreeRTOS/Source/portable/MemMang/heap_4.o
 .bss.__sf      0x20006c60      0x138 /Applications/STM32CubeIDE.app/Contents/Eclipse/plugins/com.st.stm32cube.ide.mcu.externaltools.gnu-tools-for-stm32.12.3.rel1.macos64_1.0.200.202406191456/tools/bin/../lib/gcc/arm-none-eabi/12.3.1/../../../../arm-none-eabi/lib/thumb/v7e-m+fp/hard/libc_nano.a(libc_a-findfp.o)
                0x20006c60                __sf
 .bss.__lock___malloc_recursive_mutex
                0x20006d98        0x1 /Applications/STM32CubeIDE.app/Contents/Eclipse/plugins/com.st.stm32cube.ide.mcu.externaltools.gnu-tools-for-stm32.12.3.rel1.macos64_1.0.200.202406191456/tools/bin/../lib/gcc/arm-none-eabi/12.3.1/../../../../arm-none-eabi/lib/thumb/v7e-m+fp/hard/libc_nano.a(libc_a-lock.o)
                0x20006d98                __lock___malloc_recursive_mutex
 *fill*         0x20006d99        0x3 
 .bss.__malloc_free_list
                0x20006d9c        0x4 /Applications/STM32CubeIDE.app/Contents/Eclipse/plugins/com.st.stm32cube.ide.mcu.externaltools.gnu-tools-for-stm32.12.3.rel1.macos64_1.0.200.202406191456/tools/bin/../lib/gcc/arm-none-eabi/12.3.1/../../../../arm-none-eabi/lib/thumb/v7e-m+fp/hard/libc_nano.a(libc_a-mallocr.o)
                0x20006d9c                __malloc_free_list
 *(COMMON)
                0x20006da0                        . = ALIGN (0x4)
                0x20006da0                        _ebss = .
                0x20006da0                        __bss_end__ = _ebss

._user_heap_stack
                0x20006da0      0x600 load address 0x0800b598
                0x20006da0                        . = ALIGN (0x8)
                [!provide]                        PROVIDE (end = .)
                0x20006da0                        PROVIDE (_end = .)
                0x20006fa0                        . = (. + _Min_Heap_Size)
 *fill*         0x20006da0      0x200 
                0x200073a0                        . = (. + _Min_Stack_Size)
 *fill*         0x20006fa0      0x400 
                0x200073a0                        . = ALIGN (0x8)

/DISCARD/
 libc.a(*)
 libm.a(*)
 libgcc.a(*)

.ARM.attributes
                0x00000000       0x30
 *(.ARM.attributes)
 .ARM.attributes
                0x00000000       0x22 /Applications/STM32CubeIDE.app/Contents/Eclipse/plugins/com.st.stm32cube.ide.mcu.externaltools.gnu-tools-for-stm32.12.3.rel1.macos64_1.0.200.202406191456/tools/bin/../lib/gcc/arm-none-eabi/12.3.1/thumb/v7e-m+fp/hard/crti.o
 .ARM.attributes
                0x00000022       0x34 /Applications/STM32CubeIDE.app/Contents/Eclipse/plugins/com.st.stm32cube.ide.mcu.externaltools.gnu-tools-for-stm32.12.3.rel1.macos64_1.0.200.202406191456/tools/bin/../lib/gcc/arm-none-eabi/12.3.1/thumb/v7e-m+fp/hard/crtbegin.o
 .ARM.attributes
                0x00000056       0x34 ./Core/Src/MAX_M8C.o
 .ARM.attributes
                0x0000008a       0x34 ./Core/Src/calculate.o
 .ARM.attributes
                0x000000be       0x34 ./Core/Src/encoder.o
 .ARM.attributes
                0x000000f2       0x34 ./Core/Src/main.o
 .ARM.attributes
                0x00000126       0x34 ./Core/Src/self_gps.o
 .ARM.attributes
                0x0000015a       0x34 ./Core/Src/servo.o
 .ARM.attributes
                0x0000018e       0x34 ./Core/Src/stepper.o
 .ARM.attributes
                0x000001c2       0x34 ./Core/Src/stm32l4xx_hal_msp.o
 .ARM.attributes
                0x000001f6       0x34 ./Core/Src/stm32l4xx_hal_timebase_tim.o
 .ARM.attributes
                0x0000022a       0x34 ./Core/Src/stm32l4xx_it.o
 .ARM.attributes
                0x0000025e       0x34 ./Core/Src/system_stm32l4xx.o
 .ARM.attributes
                0x00000292       0x34 ./Core/Src/target_gps.o
 .ARM.attributes
                0x000002c6       0x21 ./Core/Startup/startup_stm32l433cctx.o
 .ARM.attributes
                0x000002e7       0x34 ./Drivers/STM32L4xx_HAL_Driver/Src/stm32l4xx_hal.o
 .ARM.attributes
                0x0000031b       0x34 ./Drivers/STM32L4xx_HAL_Driver/Src/stm32l4xx_hal_cortex.o
 .ARM.attributes
                0x0000034f       0x34 ./Drivers/STM32L4xx_HAL_Driver/Src/stm32l4xx_hal_gpio.o
 .ARM.attributes
                0x00000383       0x34 ./Drivers/STM32L4xx_HAL_Driver/Src/stm32l4xx_hal_i2c.o
 .ARM.attributes
                0x000003b7       0x34 ./Drivers/STM32L4xx_HAL_Driver/Src/stm32l4xx_hal_i2c_ex.o
 .ARM.attributes
                0x000003eb       0x34 ./Drivers/STM32L4xx_HAL_Driver/Src/stm32l4xx_hal_pwr_ex.o
 .ARM.attributes
                0x0000041f       0x34 ./Drivers/STM32L4xx_HAL_Driver/Src/stm32l4xx_hal_rcc.o
 .ARM.attributes
                0x00000453       0x34 ./Drivers/STM32L4xx_HAL_Driver/Src/stm32l4xx_hal_rcc_ex.o
 .ARM.attributes
                0x00000487       0x34 ./Drivers/STM32L4xx_HAL_Driver/Src/stm32l4xx_hal_tim.o
 .ARM.attributes
                0x000004bb       0x34 ./Drivers/STM32L4xx_HAL_Driver/Src/stm32l4xx_hal_tim_ex.o
 .ARM.attributes
                0x000004ef       0x34 ./Drivers/STM32L4xx_HAL_Driver/Src/stm32l4xx_hal_uart.o
 .ARM.attributes
                0x00000523       0x34 ./Middlewares/Third_Party/FreeRTOS/Source/CMSIS_RTOS_V2/cmsis_os2.o
 .ARM.attributes
                0x00000557       0x34 ./Middlewares/Third_Party/FreeRTOS/Source/list.o
 .ARM.attributes
                0x0000058b       0x34 ./Middlewares/Third_Party/FreeRTOS/Source/queue.o
 .ARM.attributes
                0x000005bf       0x34 ./Middlewares/Third_Party/FreeRTOS/Source/tasks.o
 .ARM.attributes
                0x000005f3       0x34 ./Middlewares/Third_Party/FreeRTOS/Source/timers.o
 .ARM.attributes
                0x00000627       0x34 ./Middlewares/Third_Party/FreeRTOS/Source/portable/GCC/ARM_CM4F/port.o
 .ARM.attributes
                0x0000065b       0x34 ./Middlewares/Third_Party/FreeRTOS/Source/portable/MemMang/heap_4.o
 .ARM.attributes
                0x0000068f       0x34 /Applications/STM32CubeIDE.app/Contents/Eclipse/plugins/com.st.stm32cube.ide.mcu.externaltools.gnu-tools-for-stm32.12.3.rel1.macos64_1.0.200.202406191456/tools/bin/../lib/gcc/arm-none-eabi/12.3.1/../../../../arm-none-eabi/lib/thumb/v7e-m+fp/hard/libm.a(libm_a-w_atan2.o)
 .ARM.attributes
                0x000006c3       0x34 /Applications/STM32CubeIDE.app/Contents/Eclipse/plugins/com.st.stm32cube.ide.mcu.externaltools.gnu-tools-for-stm32.12.3.rel1.macos64_1.0.200.202406191456/tools/bin/../lib/gcc/arm-none-eabi/12.3.1/../../../../arm-none-eabi/lib/thumb/v7e-m+fp/hard/libm.a(libm_a-e_atan2.o)
 .ARM.attributes
                0x000006f7       0x34 /Applications/STM32CubeIDE.app/Contents/Eclipse/plugins/com.st.stm32cube.ide.mcu.externaltools.gnu-tools-for-stm32.12.3.rel1.macos64_1.0.200.202406191456/tools/bin/../lib/gcc/arm-none-eabi/12.3.1/../../../../arm-none-eabi/lib/thumb/v7e-m+fp/hard/libm.a(libm_a-w_sqrt.o)
 .ARM.attributes
                0x0000072b       0x34 /Applications/STM32CubeIDE.app/Contents/Eclipse/plugins/com.st.stm32cube.ide.mcu.externaltools.gnu-tools-for-stm32.12.3.rel1.macos64_1.0.200.202406191456/tools/bin/../lib/gcc/arm-none-eabi/12.3.1/../../../../arm-none-eabi/lib/thumb/v7e-m+fp/hard/libm.a(libm_a-s_atan.o)
 .ARM.attributes
                0x0000075f       0x34 /Applications/STM32CubeIDE.app/Contents/Eclipse/plugins/com.st.stm32cube.ide.mcu.externaltools.gnu-tools-for-stm32.12.3.rel1.macos64_1.0.200.202406191456/tools/bin/../lib/gcc/arm-none-eabi/12.3.1/../../../../arm-none-eabi/lib/thumb/v7e-m+fp/hard/libm.a(libm_a-s_cos.o)
 .ARM.attributes
                0x00000793       0x34 /Applications/STM32CubeIDE.app/Contents/Eclipse/plugins/com.st.stm32cube.ide.mcu.externaltools.gnu-tools-for-stm32.12.3.rel1.macos64_1.0.200.202406191456/tools/bin/../lib/gcc/arm-none-eabi/12.3.1/../../../../arm-none-eabi/lib/thumb/v7e-m+fp/hard/libm.a(libm_a-s_fabs.o)
 .ARM.attributes
                0x000007c7       0x34 /Applications/STM32CubeIDE.app/Contents/Eclipse/plugins/com.st.stm32cube.ide.mcu.externaltools.gnu-tools-for-stm32.12.3.rel1.macos64_1.0.200.202406191456/tools/bin/../lib/gcc/arm-none-eabi/12.3.1/../../../../arm-none-eabi/lib/thumb/v7e-m+fp/hard/libm.a(libm_a-s_sin.o)
 .ARM.attributes
                0x000007fb       0x34 /Applications/STM32CubeIDE.app/Contents/Eclipse/plugins/com.st.stm32cube.ide.mcu.externaltools.gnu-tools-for-stm32.12.3.rel1.macos64_1.0.200.202406191456/tools/bin/../lib/gcc/arm-none-eabi/12.3.1/../../../../arm-none-eabi/lib/thumb/v7e-m+fp/hard/libm.a(libm_a-e_sqrt.o)
 .ARM.attributes
                0x0000082f       0x34 /Applications/STM32CubeIDE.app/Contents/Eclipse/plugins/com.st.stm32cube.ide.mcu.externaltools.gnu-tools-for-stm32.12.3.rel1.macos64_1.0.200.202406191456/tools/bin/../lib/gcc/arm-none-eabi/12.3.1/../../../../arm-none-eabi/lib/thumb/v7e-m+fp/hard/libm.a(libm_a-e_rem_pio2.o)
 .ARM.attributes
                0x00000863       0x34 /Applications/STM32CubeIDE.app/Contents/Eclipse/plugins/com.st.stm32cube.ide.mcu.externaltools.gnu-tools-for-stm32.12.3.rel1.macos64_1.0.200.202406191456/tools/bin/../lib/gcc/arm-none-eabi/12.3.1/../../../../arm-none-eabi/lib/thumb/v7e-m+fp/hard/libm.a(libm_a-k_rem_pio2.o)
 .ARM.attributes
                0x00000897       0x34 /Applications/STM32CubeIDE.app/Contents/Eclipse/plugins/com.st.stm32cube.ide.mcu.externaltools.gnu-tools-for-stm32.12.3.rel1.macos64_1.0.200.202406191456/tools/bin/../lib/gcc/arm-none-eabi/12.3.1/../../../../arm-none-eabi/lib/thumb/v7e-m+fp/hard/libm.a(libm_a-k_cos.o)
 .ARM.attributes
                0x000008cb       0x34 /Applications/STM32CubeIDE.app/Contents/Eclipse/plugins/com.st.stm32cube.ide.mcu.externaltools.gnu-tools-for-stm32.12.3.rel1.macos64_1.0.200.202406191456/tools/bin/../lib/gcc/arm-none-eabi/12.3.1/../../../../arm-none-eabi/lib/thumb/v7e-m+fp/hard/libm.a(libm_a-k_sin.o)
 .ARM.attributes
                0x000008ff       0x34 /Applications/STM32CubeIDE.app/Contents/Eclipse/plugins/com.st.stm32cube.ide.mcu.externaltools.gnu-tools-for-stm32.12.3.rel1.macos64_1.0.200.202406191456/tools/bin/../lib/gcc/arm-none-eabi/12.3.1/../../../../arm-none-eabi/lib/thumb/v7e-m+fp/hard/libm.a(libm_a-s_scalbn.o)
 .ARM.attributes
                0x00000933       0x34 /Applications/STM32CubeIDE.app/Contents/Eclipse/plugins/com.st.stm32cube.ide.mcu.externaltools.gnu-tools-for-stm32.12.3.rel1.macos64_1.0.200.202406191456/tools/bin/../lib/gcc/arm-none-eabi/12.3.1/../../../../arm-none-eabi/lib/thumb/v7e-m+fp/hard/libm.a(libm_a-s_floor.o)
 .ARM.attributes
                0x00000967       0x34 /Applications/STM32CubeIDE.app/Contents/Eclipse/plugins/com.st.stm32cube.ide.mcu.externaltools.gnu-tools-for-stm32.12.3.rel1.macos64_1.0.200.202406191456/tools/bin/../lib/gcc/arm-none-eabi/12.3.1/../../../../arm-none-eabi/lib/thumb/v7e-m+fp/hard/libc_nano.a(libc_a-findfp.o)
 .ARM.attributes
                0x0000099b       0x34 /Applications/STM32CubeIDE.app/Contents/Eclipse/plugins/com.st.stm32cube.ide.mcu.externaltools.gnu-tools-for-stm32.12.3.rel1.macos64_1.0.200.202406191456/tools/bin/../lib/gcc/arm-none-eabi/12.3.1/../../../../arm-none-eabi/lib/thumb/v7e-m+fp/hard/libc_nano.a(libc_a-memset.o)
 .ARM.attributes