Archive member included to satisfy reference by file (symbol)

/Applications/STM32CubeIDE.app/Contents/Eclipse/plugins/com.st.stm32cube.ide.mcu.externaltools.gnu-tools-for-stm32.12.3.rel1.macos64_1.0.200.202406191456/tools/bin/../lib/gcc/arm-none-eabi/12.3.1/../../../../arm-none-eabi/lib/thumb/v7e-m+fp/hard/libm.a(libm_a-w_atan2.o)
                              ./Core/Src/calculate.o (atan2)
/Applications/STM32CubeIDE.app/Contents/Eclipse/plugins/com.st.stm32cube.ide.mcu.externaltools.gnu-tools-for-stm32.12.3.rel1.macos64_1.0.200.202406191456/tools/bin/../lib/gcc/arm-none-eabi/12.3.1/../../../../arm-none-eabi/lib/thumb/v7e-m+fp/hard/libm.a(libm_a-e_atan2.o)
                              /Applications/STM32CubeIDE.app/Contents/Eclipse/plugins/com.st.stm32cube.ide.mcu.externaltools.gnu-tools-for-stm32.12.3.rel1.macos64_1.0.200.202406191456/tools/bin/../lib/gcc/arm-none-eabi/12.3.1/../../../../arm-none-eabi/lib/thumb/v7e-m+fp/hard/libm.a(libm_a-w_atan2.o) (__ieee754_atan2)
/Applications/STM32CubeIDE.app/Contents/Eclipse/plugins/com.st.stm32cube.ide.mcu.externaltools.gnu-tools-for-stm32.12.3.rel1.macos64_1.0.200.202406191456/tools/bin/../lib/gcc/arm-none-eabi/12.3.1/../../../../arm-none-eabi/lib/thumb/v7e-m+fp/hard/libm.a(libm_a-w_sqrt.o)
                              ./Core/Src/calculate.o (sqrt)
/Applications/STM32CubeIDE.app/Contents/Eclipse/plugins/com.st.stm32cube.ide.mcu.externaltools.gnu-tools-for-stm32.12.3.rel1.macos64_1.0.200.202406191456/tools/bin/../lib/gcc/arm-none-eabi/12.3.1/../../../../arm-none-eabi/lib/thumb/v7e-m+fp/hard/libm.a(libm_a-s_atan.o)
                              /Applications/STM32CubeIDE.app/Contents/Eclipse/plugins/com.st.stm32cube.ide.mcu.externaltools.gnu-tools-for-stm32.12.3.rel1.macos64_1.0.200.202406191456/tools/bin/../lib/gcc/arm-none-eabi/12.3.1/../../../../arm-none-eabi/lib/thumb/v7e-m+fp/hard/libm.a(libm_a-e_atan2.o) (atan)
/Applications/STM32CubeIDE.app/Contents/Eclipse/plugins/com.st.stm32cube.ide.mcu.externaltools.gnu-tools-for-stm32.12.3.rel1.macos64_1.0.200.202406191456/tools/bin/../lib/gcc/arm-none-eabi/12.3.1/../../../../arm-none-eabi/lib/thumb/v7e-m+fp/hard/libm.a(libm_a-s_cos.o)
                              ./Core/Src/calculate.o (cos)
/Applications/STM32CubeIDE.app/Contents/Eclipse/plugins/com.st.stm32cube.ide.mcu.externaltools.gnu-tools-for-stm32.12.3.rel1.macos64_1.0.200.202406191456/tools/bin/../lib/gcc/arm-none-eabi/12.3.1/../../../../arm-none-eabi/lib/thumb/v7e-m+fp/hard/libm.a(libm_a-s_fabs.o)
                              /Applications/STM32CubeIDE.app/Contents/Eclipse/plugins/com.st.stm32cube.ide.mcu.externaltools.gnu-tools-for-stm32.12.3.rel1.macos64_1.0.200.202406191456/tools/bin/../lib/gcc/arm-none-eabi/12.3.1/../../../../arm-none-eabi/lib/thumb/v7e-m+fp/hard/libm.a(libm_a-e_atan2.o) (fabs)
/Applications/STM32CubeIDE.app/Contents/Eclipse/plugins/com.st.stm32cube.ide.mcu.externaltools.gnu-tools-for-stm32.12.3.rel1.macos64_1.0.200.202406191456/tools/bin/../lib/gcc/arm-none-eabi/12.3.1/../../../../arm-none-eabi/lib/thumb/v7e-m+fp/hard/libm.a(libm_a-s_sin.o)
                              ./Core/Src/calculate.o (sin)
/Applications/STM32CubeIDE.app/Contents/Eclipse/plugins/com.st.stm32cube.ide.mcu.externaltools.gnu-tools-for-stm32.12.3.rel1.macos64_1.0.200.202406191456/tools/bin/../lib/gcc/arm-none-eabi/12.3.1/../../../../arm-none-eabi/lib/thumb/v7e-m+fp/hard/libm.a(libm_a-e_sqrt.o)
                              /Applications/STM32CubeIDE.app/Contents/Eclipse/plugins/com.st.stm32cube.ide.mcu.externaltools.gnu-tools-for-stm32.12.3.rel1.macos64_1.0.200.202406191456/tools/bin/../lib/gcc/arm-none-eabi/12.3.1/../../../../arm-none-eabi/lib/thumb/v7e-m+fp/hard/libm.a(libm_a-w_sqrt.o) (__ieee754_sqrt)
/Applications/STM32CubeIDE.app/Contents/Eclipse/plugins/com.st.stm32cube.ide.mcu.externaltools.gnu-tools-for-stm32.12.3.rel1.macos64_1.0.200.202406191456/tools/bin/../lib/gcc/arm-none-eabi/12.3.1/../../../../arm-none-eabi/lib/thumb/v7e-m+fp/hard/libm.a(libm_a-e_rem_pio2.o)
                              /Applications/STM32CubeIDE.app/Contents/Eclipse/plugins/com.st.stm32cube.ide.mcu.externaltools.gnu-tools-for-stm32.12.3.rel1.macos64_1.0.200.202406191456/tools/bin/../lib/gcc/arm-none-eabi/12.3.1/../../../../arm-none-eabi/lib/thumb/v7e-m+fp/hard/libm.a(libm_a-s_cos.o) (__ieee754_rem_pio2)
/Applications/STM32CubeIDE.app/Contents/Eclipse/plugins/com.st.stm32cube.ide.mcu.externaltools.gnu-tools-for-stm32.12.3.rel1.macos64_1.0.200.202406191456/tools/bin/../lib/gcc/arm-none-eabi/12.3.1/../../../../arm-none-eabi/lib/thumb/v7e-m+fp/hard/libm.a(libm_a-k_rem_pio2.o)
                              /Applications/STM32CubeIDE.app/Contents/Eclipse/plugins/com.st.stm32cube.ide.mcu.externaltools.gnu-tools-for-stm32.12.3.rel1.macos64_1.0.200.202406191456/tools/bin/../lib/gcc/arm-none-eabi/12.3.1/../../../../arm-none-eabi/lib/thumb/v7e-m+fp/hard/libm.a(libm_a-e_rem_pio2.o) (__kernel_rem_pio2)
[...]
Memory Configuration

Name             Origin             Length             Attributes
RAM              0x20000000         0x00010000         xrw
RAM2             0x10000000         0x00004000         xrw
FLASH            0x08000000         0x00040000         xr
*default*        0x00000000         0xffffffff

Linker script and memory map

LOAD /Applications/STM32CubeIDE.app/Contents/Eclipse/plugins/com.st.stm32cube.ide.mcu.externaltools.gnu-tools-for-stm32.12.3.rel1.macos64_1.0.200.202406191456/tools/bin/../lib/gcc/arm-none-eabi/12.3.1/thumb/v7e-m+fp/hard/crti.o
LOAD /Applications/STM32CubeIDE.app/Contents/Eclipse/plugins/com.st.stm32cube.ide.mcu.externaltools.gnu-tools-for-stm32.12.3.rel1.macos64_1.0.200.202406191456/tools/bin/../lib/gcc/arm-none-eabi/12.3.1/thumb/v7e-m+fp/hard/crtbegin.o
LOAD /Applications/STM32CubeIDE.app/Contents/Eclipse/plugins/com.st.stm32cube.ide.mcu.externaltools.gnu-tools-for-stm32.12.3.rel1.macos64_1.0.200.202406191456/tools/bin/../lib/gcc/arm-none-eabi/12.3.1/../../../../arm-none-eabi/lib/thumb/v7e-m+fp/hard/crt0.o
LOAD ./Core/Src/MAX_M8C.o
LOAD ./Core/Src/calculate.o
LOAD ./Core/Src/encoder.o
LOAD ./Core/Src/freertos.o
LOAD ./Core/Src/main.o
LOAD ./Core/Src/self_gps.o
LOAD ./Core/Src/servo.o
LOAD ./Core/Src/stepper.o
LOAD ./Core/Src/stm32l4xx_hal_msp.o
LOAD ./Core/Src/stm32l4xx_hal_timebase_tim.o
LOAD ./Core/Src/stm32l4xx_it.o
LOAD ./Core/Src/syscalls.o
LOAD ./Core/Src/sysmem.o
LOAD ./Core/Src/system_stm32l4xx.o
LOAD ./Core/Src/target_gps.o
LOAD ./Core/Startup/startup_stm32l433cctx.o
LOAD ./Drivers/STM32L4xx_HAL_Driver/Src/stm32l4xx_hal.o
LOAD ./Drivers/STM32L4xx_HAL_Driver/Src/stm32l4xx_hal_cortex.o
LOAD ./Drivers/STM32L4xx_HAL_Driver/Src/stm32l4xx_hal_dma.o
LOAD ./Drivers/STM32L4xx_HAL_Driver/Src/stm32l4xx_hal_dma_ex.o
LOAD ./Drivers/STM32L4xx_HAL_Driver/Src/stm32l4xx_hal_exti.o
LOAD ./Drivers/STM32L4xx_HAL_Driver/Src/stm32l4xx_hal_flash.o
LOAD ./Drivers/STM32L4xx_HAL_Driver/Src/stm32l4xx_hal_flash_ex.o
LOAD ./Drivers/STM32L4xx_HAL_Driver/Src/stm32l4xx_hal_flash_ramfunc.o
LOAD ./Drivers/STM32L4xx_HAL_Driver/Src/stm32l4xx_hal_gpio.o
LOAD ./Drivers/STM32L4xx_HAL_Driver/Src/stm32l4xx_hal_i2c.o
LOAD ./Drivers/STM32L4xx_HAL_Driver/Src/stm32l4xx_hal_i2c_ex.o
LOAD ./Drivers/STM32L4xx_HAL_Driver/Src/stm32l4xx_hal_pwr.o
LOAD ./Drivers/STM32L4xx_HAL_Driver/Src/stm32l4xx_hal_pwr_ex.o
LOAD ./Drivers/STM32L4xx_HAL_Driver/Src/stm32l4xx_hal_rcc.o
LOAD ./Drivers/STM32L4xx_HAL_Driver/Src/stm32l4xx_hal_rcc_ex.o
LOAD ./Drivers/STM32L4xx_HAL_Driver/Src/stm32l4xx_hal_tim.o
LOAD ./Drivers/STM32L4xx_HAL_Driver/Src/stm32l4xx_hal_tim_ex.o
LOAD ./Drivers/STM32L4xx_HAL_Driver/Src/stm32l4xx_hal_uart.o
LOAD ./Drivers/STM32L4xx_HAL_Driver/Src/stm32l4xx_hal_uart_ex.o
LOAD ./Middlewares/Third_Party/FreeRTOS/Source/CMSIS_RTOS_V2/cmsis_os2.o
LOAD ./Middlewares/Third_Party/FreeRTOS/Source/croutine.o
LOAD ./Middlewares/Third_Party/FreeRTOS/Source/event_groups.o
LOAD ./Middlewares/Third_Party/FreeRTOS/Source/list.o
LOAD ./Middlewares/Third_Party/FreeRTOS/Source/queue.o
LOAD ./Middlewares/Third_Party/FreeRTOS/Source/stream_buffer.o
LOAD ./Middlewares/Third_Party/FreeRTOS/Source/tasks.o
LOAD ./Middlewares/Third_Party/FreeRTOS/Source/timers.o
LOAD ./Middlewares/Third_Party/FreeRTOS/Source/portable/GCC/ARM_CM4F/port.o
LOAD ./Middlewares/Third_Party/FreeRTOS/Source/portable/MemMang/heap_4.o
START GROUP
LOAD /Applications/STM32CubeIDE.app/Contents/Eclipse/plugins/com.st.stm32cube.ide.mcu.externaltools.gnu-tools-for-stm32.12.3.rel1.macos64_1.0.200.202406191456/tools/bin/../lib/gcc/arm-none-eabi/12.3.1/../../../../arm-none-eabi/lib/thumb/v7e-m+fp/hard/libstdc++_nano.a
LOAD /Applications/STM32CubeIDE.app/Contents/Eclipse/plugins/com.st.stm32cube.ide.mcu.externaltools.gnu-tools-for-stm32.12.3.rel1.macos64_1.0.200.202406191456/tools/bin/../lib/gcc/arm-none-eabi/12.3.1/../../../../arm-none-eabi/lib/thumb/v7e-m+fp/hard/libsupc++_nano.a
END GROUP
LOAD /Applications/STM32CubeIDE.app/Contents/Eclipse/plugins/com.st.stm32cube.ide.mcu.externaltools.gnu-tools-for-stm32.12.3.rel1.macos64_1.0.200.202406191456/tools/bin/../lib/gcc/arm-none-eabi/12.3.1/../../../../arm-none-eabi/lib/thumb/v7e-m+fp/hard/libstdc++_nano.a
LOAD /Applications/STM32CubeIDE.app/Contents/Eclipse/plugins/com.st.stm32cube.ide.mcu.externaltools.gnu-tools-for-stm32.12.3.rel1.macos64_1.0.200.202406191456/tools/bin/../lib/gcc/arm-none-eabi/12.3.1/../../../../arm-none-eabi/lib/thumb/v7e-m+fp/hard/libm.a
LOAD /Applications/STM32CubeIDE.app/Contents/Eclipse/plugins/com.st.stm32cube.ide.mcu.externaltools.gnu-tools-for-stm32.12.3.rel1.macos64_1.0.200.202406191456/tools/bin/../lib/gcc/arm-none-eabi/12.3.1/../../../../arm-none-eabi/lib/thumb/v7e-m+fp/hard/libc_nano.a
START GROUP
LOAD /Applications/STM32CubeIDE.app/Contents/Eclipse/plugins/com.st.stm32cube.ide.mcu.externaltools.gnu-tools-for-stm32.12.3.rel1.macos64_1.0.200.202406191456/tools/bin/../lib/gcc/arm-none-eabi/12.3.1/thumb/v7e-m+fp/hard/libgcc.a
LOAD /Applications/STM32CubeIDE.app/Contents/Eclipse/plugins/com.st.stm32cube.ide.mcu.externaltools.gnu-tools-for-stm32.12.3.rel1.macos64_1.0.200.202406191456/tools/bin/../lib/gcc/arm-none-eabi/12.3.1/../../../../arm-none-eabi/lib/thumb/v7e-m+fp/hard/libc_nano.a
END GROUP
START GROUP
LOAD /Applications/STM32CubeIDE.app/Contents/Eclipse/plugins/com.st.stm32cube.ide.mcu.externaltools.gnu-tools-for-stm32.12.3.rel1.macos64_1.0.200.202406191456/tools/bin/../lib/gcc/arm-none-eabi/12.3.1/thumb/v7e-m+fp/hard/libgcc.a
LOAD /Applications/STM32CubeIDE.app/Contents/Eclipse/plugins/com.st.stm32cube.ide.mcu.externaltools.gnu-tools-for-stm32.12.3.rel1.macos64_1.0.200.202406191456/tools/bin/../lib/gcc/arm-none-eabi/12.3.1/../../../../arm-none-eabi/lib/thumb/v7e-m+fp/hard/libc_nano.a
LOAD /Applications/STM32CubeIDE.app/Contents/Eclipse/plugins/com.st.stm32cube.ide.mcu.externaltools.gnu-tools-for-stm32.12.3.rel1.macos64_1.0.200.202406191456/tools/bin/../lib/gcc/arm-none-eabi/12.3.1/../../../../arm-none-eabi/lib/thumb/v7e-m+fp/hard/libnosys.a
END GROUP
START GROUP
LOAD /Applications/STM32CubeIDE.app/Contents/Eclipse/plugins/com.st.stm32cube.ide.mcu.externaltools.gnu-tools-for-stm32.12.3.rel1.macos64_1.0.200.202406191456/tools/bin/../lib/gcc/arm-none-eabi/12.3.1/thumb/v7e-m+fp/hard/libgcc.a
LOAD /Applications/STM32CubeIDE.app/Contents/Eclipse/plugins/com.st.stm32cube.ide.mcu.externaltools.gnu-tools-for-stm32.12.3.rel1.macos64_1.0.200.202406191456/tools/bin/../lib/gcc/arm-none-eabi/12.3.1/../../../../arm-none-eabi/lib/thumb/v7e-m+fp/hard/libc_nano.a
LOAD /Applications/STM32CubeIDE.app/Contents/Eclipse/plugins/com.st.stm32cube.ide.mcu.externaltools.gnu-tools-for-stm32.12.3.rel1.macos64_1.0.200.202406191456/tools/bin/../lib/gcc/arm-none-eabi/12.3.1/../../../../arm-none-eabi/lib/thumb/v7e-m+fp/hard/libnosys.a
END GROUP
LOAD /Applications/STM32CubeIDE.app/Contents/Eclipse/plugins/com.st.stm32cube.ide.mcu.externaltools.gnu-tools-for-stm32.12.3.rel1.macos64_1.0.200.202406191456/tools/bin/../lib/gcc/arm-none-eabi/12.3.1/thumb/v7e-m+fp/hard/crtend.o
LOAD /Applications/STM32CubeIDE.app/Contents/Eclipse/plugins/com.st.stm32cube.ide.mcu.externaltools.gnu-tools-for-stm32.12.3.rel1.macos64_1.0.200.202406191456/tools/bin/../lib/gcc/arm-none-eabi/12.3.1/thumb/v7e-m+fp/hard/crtn.o
                0x20010000                        _estack = (ORIGIN (RAM) + LENGTH (RAM))
                0x00000200                        _Min_Heap_Size = 0x200
                0x00000400                        _Min_Stack_Size = 0x400

.isr_vector     0x08000000      0x18c
                0x08000000                        . = ALIGN (0x4)
 *(.isr_vector)
 .isr_vector    0x08000000      0x18c ./Core/Startup/startup_stm32l433cctx.o
                0x08000000                g_pfnVectors
                0x0800018c                        . = ALIGN (0x4)

.text           0x08000190     0xb2fc
                0x08000190                        . = ALIGN (0x4)
 *(.text)
 .text          0x08000190       0x40 /Applications/STM32CubeIDE.app/Contents/Eclipse/plugins/com.st.stm32cube.ide.mcu.externaltools.gnu-tools-for-stm32.12.3.rel1.macos64_1.0.200.202406191456/tools/bin/../lib/gcc/arm-none-eabi/12.3.1/thumb/v7e-m+fp/hard/crtbegin.o
 .text          0x080001d0      0x378 /Applications/STM32CubeIDE.app/Contents/Eclipse/plugins/com.st.stm32cube.ide.mcu.externaltools.gnu-tools-for-stm32.12.3.rel1.macos64_1.0.200.202406191456/tools/bin/../lib/gcc/arm-none-eabi/12.3.1/thumb/v7e-m+fp/hard/libgcc.a(_arm_addsubdf3.o)
                0x080001d0                __aeabi_drsub
                0x080001d8                __subdf3
                0x080001d8                __aeabi_dsub
                0x080001dc                __aeabi_dadd
                0x080001dc                __adddf3
                0x08000454                __aeabi_ui2d
                0x08000454                __floatunsidf
                0x08000474                __floatsidf
                0x08000474                __aeabi_i2d
                0x08000498                __extendsfdf2
                0x08000498                __aeabi_f2d
                0x080004dc                __aeabi_ul2d
                0x080004dc                __floatundidf
                0x080004ec                __aeabi_l2d
                0x080004ec                __floatdidf
 .text          0x08000548      0x424 /Applications/STM32CubeIDE.app/Contents/Eclipse/plugins/com.st.stm32cube.ide.mcu.externaltools.gnu-tools-for-stm32.12.3.rel1.macos64_1.0.200.202406191456/tools/bin/../lib/gcc/arm-none-eabi/12.3.1/thumb/v7e-m+fp/hard/libgcc.a(_arm_muldivdf3.o)
                0x08000548                __aeabi_dmul
                0x08000548                __muldf3
                0x0800079c                __aeabi_ddiv
                0x0800079c                __divdf3
 .text          0x0800096c      0x110 /Applications/STM32CubeIDE.app/Contents/Eclipse/plugins/com.st.stm32cube.ide.mcu.externaltools.gnu-tools-for-stm32.12.3.rel1.macos64_1.0.200.202406191456/tools/bin/../lib/gcc/arm-none-eabi/12.3.1/thumb/v7e-m+fp/hard/libgcc.a(_arm_cmpdf2.o)
                0x0800096c                __gedf2
                0x0800096c                __gtdf2
                0x08000974                __ledf2
                0x08000974                __ltdf2
                0x0800097c                __cmpdf2
                0x0800097c                __eqdf2
                0x0800097c                __nedf2
                0x080009f8                __aeabi_cdrcmple
                0x08000a08                __aeabi_cdcmple
                0x08000a08                __aeabi_cdcmpeq
                0x08000a18                __aeabi_dcmpeq
                0x08000a2c                __aeabi_dcmplt
                0x08000a40                __aeabi_dcmple
                0x08000a54                __aeabi_dcmpge
                0x08000a68                __aeabi_dcmpgt
 .text          0x08000a7c       0x2c /Applications/STM32CubeIDE.app/Contents/Eclipse/plugins/com.st.stm32cube.ide.mcu.externaltools.gnu-tools-for-stm32.12.3.rel1.macos64_1.0.200.202406191456/tools/bin/../lib/gcc/arm-none-eabi/12.3.1/thumb/v7e-m+fp/hard/libgcc.a(_arm_unorddf2.o)
                0x08000a7c                __aeabi_dcmpun
                0x08000a7c                __unorddf2
 .text          0x08000aa8       0x50 /Applications/STM32CubeIDE.app/Contents/Eclipse/plugins/com.st.stm32cube.ide.mcu.externaltools.gnu-tools-for-stm32.12.3.rel1.macos64_1.0.200.202406191456/tools/bin/../lib/gcc/arm-none-eabi/12.3.1/thumb/v7e-m+fp/hard/libgcc.a(_arm_fixdfsi.o)
                0x08000aa8                __fixdfsi
                0x08000aa8                __aeabi_d2iz
 .text          0x08000af8       0x40 /Applications/STM32CubeIDE.app/Contents/Eclipse/plugins/com.st.stm32cube.ide.mcu.externaltools.gnu-tools-for-stm32.12.3.rel1.macos64_1.0.200.202406191456/tools/bin/../lib/gcc/arm-none-eabi/12.3.1/thumb/v7e-m+fp/hard/libgcc.a(_arm_fixunsdfsi.o)
                0x08000af8                __fixunsdfsi
                0x08000af8                __aeabi_d2uiz
 .text          0x08000b38       0x30 /Applications/STM32CubeIDE.app/Contents/Eclipse/plugins/com.st.stm32cube.ide.mcu.externaltools.gnu-tools-for-stm32.12.3.rel1.macos64_1.0.200.202406191456/tools/bin/../lib/gcc/arm-none-eabi/12.3.1/thumb/v7e-m+fp/hard/libgcc.a(_aeabi_uldivmod.o)
                0x08000b38                __aeabi_uldivmod
 .text          0x08000b68      0x2bc /Applications/STM32CubeIDE.app/Contents/Eclipse/plugins/com.st.stm32cube.ide.mcu.externaltools.gnu-tools-for-stm32.12.3.rel1.macos64_1.0.200.202406191456/tools/bin/../lib/gcc/arm-none-eabi/12.3.1/thumb/v7e-m+fp/hard/libgcc.a(_udivmoddi4.o)
                0x08000b68                __udivmoddi4
 .text          0x08000e24        0x4 /Applications/STM32CubeIDE.app/Contents/Eclipse/plugins/com.st.stm32cube.ide.mcu.externaltools.gnu-tools-for-stm32.12.3.rel1.macos64_1.0.200.202406191456/tools/bin/../lib/gcc/arm-none-eabi/12.3.1/thumb/v7e-m+fp/hard/libgcc.a(_dvmd_tls.o)
                0x08000e24                __aeabi_ldiv0
                0x08000e24                __aeabi_idiv0
 *(.text*)
 .text.max_m8c_init
                0x08000e28       0x36 ./Core/Src/MAX_M8C.o
                0x08000e28                max_m8c_init
 .text.max_m8c_request_nav_pvt
                0x08000e5e       0x3c ./Core/Src/MAX_M8C.o
                0x08000e5e                max_m8c_request_nav_pvt
 .text.max_m8c_available
                0x08000e9a       0x1c ./Core/Src/MAX_M8C.o
                0x08000e9a                max_m8c_available
 .text.max_m8c_read_nav_pvt
                0x08000eb6       0x76 ./Core/Src/MAX_M8C.o
                0x08000eb6                max_m8c_read_nav_pvt
 .text.max_m8c_calc_checksum
                0x08000f2c       0x62 ./Core/Src/MAX_M8C.o
                0x08000f2c                max_m8c_calc_checksum
 .text.max_m8c_i2c_transmit
                0x08000f8e       0xd4 ./Core/Src/MAX_M8C.o
                0x08000f8e                max_m8c_i2c_transmit
 .text.max_m8c_i2c_read_data
                0x08001062       0xf8 ./Core/Src/MAX_M8C.o
                0x08001062                max_m8c_i2c_read_data
 .text.max_m8c_i2c_read_avail
                0x0800115a       0xb0 ./Core/Src/MAX_M8C.o
                0x0800115a                max_m8c_i2c_read_avail
 *fill*         0x0800120a        0x6 
 .text.calculate_update
                0x08001210      0x434 ./Core/Src/calculate.o
                0x08001210                calculate_update
 .text.encoder_init
                0x08001644        0xe ./Core/Src/encoder.o
                0x08001644                encoder_init
 .text.encoder_update
                0x08001652       0x3c ./Core/Src/encoder.o
                0x08001652                encoder_update
 *fill*         0x0800168e        0x2 
 .text.main     0x08001690      0x188 ./Core/Src/main.o
                0x08001690                main
 .text.SystemClock_Config
                0x08001818       0x8c ./Core/Src/main.o
                0x08001818                SystemClock_Config
 .text.MX_I2C1_Init
                0x080018a4       0x80 ./Core/Src/main.o
 .text.MX_TIM2_Init
                0x08001924       0xec ./Core/Src/main.o
 .text.MX_USART1_UART_Init
                0x08001a10       0x60 ./Core/Src/main.o
 .text.MX_GPIO_Init
                0x08001a70       0xc4 ./Core/Src/main.o
 .text.task_entry_SelfGps
                0x08001b34       0x28 ./Core/Src/main.o
                0x08001b34                task_entry_SelfGps
 .text.task_entry_TargetGps
                0x08001b5c       0x20 ./Core/Src/main.o
                0x08001b5c                task_entry_TargetGps
 .text.task_entry_Calculate
                0x08001b7c       0x22 ./Core/Src/main.o
                0x08001b7c                task_entry_Calculate
 .text.task_entry_Encoder
                0x08001b9e       0x20 ./Core/Src/main.o
                0x08001b9e                task_entry_Encoder
 .text.task_entry_Stepper
                0x08001bbe       0x26 ./Core/Src/main.o
                0x08001bbe                task_entry_Stepper
 .text.task_entry_Servo
                0x08001be4       0x28 ./Core/Src/main.o
                0x08001be4                task_entry_Servo
 .text.HAL_TIM_PeriodElapsedCallback
                0x08001c0c       0x24 ./Core/Src/main.o
                0x08001c0c                HAL_TIM_PeriodElapsedCallback
 .text.Error_Handler
                0x08001c30        0xc ./Core/Src/main.o
                0x08001c30                Error_Handler
 .text.self_gps_init
                0x08001c3c       0x1c ./Core/Src/self_gps.o
                0x08001c3c                self_gps_init
 .text.self_gps_update
                0x08001c58       0xec ./Core/Src/self_gps.o
                0x08001c58                self_gps_update
 *fill*         0x08001d44        0x4 
 .text.servo_init
                0x08001d48       0x30 ./Core/Src/servo.o
                0x08001d48                servo_init
 .text.servo_update
                0x08001d78       0x3c ./Core/Src/servo.o
                0x08001d78                servo_update
 *fill*         0x08001db4        0x4 
 .text.write_angle
                0x08001db8       0x84 ./Core/Src/servo.o
 .text.stepper_init
                0x08001e3c       0x70 ./Core/Src/stepper.o
                0x08001e3c                stepper_init
 *fill*         0x08001eac        0x4 
 .text.stepper_update
                0x08001eb0      0x1ac ./Core/Src/stepper.o
                0x08001eb0                stepper_update
 .text.HAL_MspInit
                0x0800205c       0x50 ./Core/Src/stm32l4xx_hal_msp.o
                0x0800205c                HAL_MspInit
 .text.HAL_I2C_MspInit
                0x080020ac       0xb4 ./Core/Src/stm32l4xx_hal_msp.o
                0x080020ac                HAL_I2C_MspInit
 .text.HAL_TIM_Base_MspInit
                0x08002160       0x3c ./Core/Src/stm32l4xx_hal_msp.o
                0x08002160                HAL_TIM_Base_MspInit
 .text.HAL_TIM_MspPostInit
                0x0800219c       0x68 ./Core/Src/stm32l4xx_hal_msp.o
                0x0800219c                HAL_TIM_MspPostInit
 .text.HAL_UART_MspInit
                0x08002204       0xb4 ./Core/Src/stm32l4xx_hal_msp.o
                0x08002204                HAL_UART_MspInit
 .text.HAL_InitTick
                0x080022b8       0xf4 ./Core/Src/stm32l4xx_hal_timebase_tim.o
                0x080022b8                HAL_InitTick
 .text.NMI_Handler
                0x080023ac        0x8 ./Core/Src/stm32l4xx_it.o
                0x080023ac                NMI_Handler
 .text.HardFault_Handler
                0x080023b4        0x8 ./Core/Src/stm32l4xx_it.o
                0x080023b4                HardFault_Handler
 .text.MemManage_Handler
                0x080023bc        0x8 ./Core/Src/stm32l4xx_it.o
                0x080023bc                MemManage_Handler
 .text.BusFault_Handler
                0x080023c4        0x8 ./Core/Src/stm32l4xx_it.o
                0x080023c4                BusFault_Handler
 .text.UsageFault_Handler
                0x080023cc        0x8 ./Core/Src/stm32l4xx_it.o
                0x080023cc                UsageFault_Handler
 .text.DebugMon_Handler
                0x080023d4        0xe ./Core/Src/stm32l4xx_it.o
                0x080023d4                DebugMon_Handler
 *fill*         0x080023e2        0x2 
 .text.TIM6_DAC_IRQHandler
                0x080023e4       0x14 ./Core/Src/stm32l4xx_it.o
                0x080023e4                TIM6_DAC_IRQHandler
 .text.SystemInit
                0x080023f8       0x24 ./Core/Src/system_stm32l4xx.o
                0x080023f8                SystemInit
 .text.target_gps_init
                0x0800241c        0xe ./Core/Src/target_gps.o
                0x0800241c                target_gps_init
 .text.target_gps_update
                0x0800242a       0x74 ./Core/Src/target_gps.o
                0x0800242a                target_gps_update
 *fill*         0x0800249e        0x2 
 .text.Reset_Handler
                0x080024a0       0x50 ./Core/Startup/startup_stm32l433cctx.o
                0x080024a0                Reset_Handler
 .text.Default_Handler
                0x080024f0        0x2 ./Core/Startup/startup_stm32l433cctx.o
                0x080024f0                TIM1_BRK_TIM15_IRQHandler
                0x080024f0                EXTI2_IRQHandler
                0x080024f0                TIM1_CC_IRQHandler
                0x080024f0                TSC_IRQHandler
                0x080024f0                TAMP_STAMP_IRQHandler
                0x080024f0                EXTI3_IRQHandler
                0x080024f0                LPTIM2_IRQHandler
                0x080024f0                I2C3_ER_IRQHandler
                0x080024f0                EXTI0_IRQHandler
                0x080024f0                I2C2_EV_IRQHandler
                0x080024f0                CAN1_RX0_IRQHandler
                0x080024f0                FPU_IRQHandler
                0x080024f0                TIM1_UP_TIM16_IRQHandler
                0x080024f0                SPI1_IRQHandler
                0x080024f0                DMA2_Channel2_IRQHandler
                0x080024f0                DMA1_Channel4_IRQHandler
                0x080024f0                ADC1_IRQHandler
                0x080024f0                USART3_IRQHandler
                0x080024f0                DMA1_Channel7_IRQHandler
                0x080024f0                CAN1_RX1_IRQHandler
                0x080024f0                LCD_IRQHandler
                0x080024f0                DMA2_Channel1_IRQHandler
                0x080024f0                QUADSPI_IRQHandler
                0x080024f0                I2C1_EV_IRQHandler
                0x080024f0                DMA1_Channel6_IRQHandler
                0x080024f0                DMA2_Channel4_IRQHandler
                0x080024f0                RCC_IRQHandler
                0x080024f0                TIM1_TRG_COM_IRQHandler
                0x080024f0                DMA1_Channel1_IRQHandler
                0x080024f0                Default_Handler
                0x080024f0                DMA2_Channel7_IRQHandler
                0x080024f0                EXTI15_10_IRQHandler
                0x080024f0                TIM7_IRQHandler
                0x080024f0                SDMMC1_IRQHandler
                0x080024f0                I2C3_EV_IRQHandler
                0x080024f0                USB_IRQHandler
                0x080024f0                EXTI9_5_IRQHandler
                0x080024f0                RTC_WKUP_IRQHandler
                0x080024f0                PVD_PVM_IRQHandler
                0x080024f0                SPI2_IRQHandler
                0x080024f0                CAN1_TX_IRQHandler
                0x080024f0                DMA2_Channel5_IRQHandler
                0x080024f0                CRS_IRQHandler
                0x080024f0                DMA1_Channel5_IRQHandler
                0x080024f0                EXTI4_IRQHandler
                0x080024f0                RNG_IRQHandler
                0x080024f0                DMA1_Channel3_IRQHandler
                0x080024f0                COMP_IRQHandler
                0x080024f0                WWDG_IRQHandler
                0x080024f0                LPUART1_IRQHandler
                0x080024f0                DMA2_Channel6_IRQHandler
                0x080024f0                TIM2_IRQHandler
                0x080024f0                EXTI1_IRQHandler
                0x080024f0                USART2_IRQHandler
                0x080024f0                I2C2_ER_IRQHandler
                0x080024f0                DMA1_Channel2_IRQHandler
                0x080024f0                CAN1_SCE_IRQHandler
                0x080024f0                FLASH_IRQHandler
                0x080024f0                USART1_IRQHandler
                0x080024f0                SPI3_IRQHandler
                0x080024f0                I2C1_ER_IRQHandler
                0x080024f0                SWPMI1_IRQHandler
                0x080024f0                LPTIM1_IRQHandler
                0x080024f0                SAI1_IRQHandler
                0x080024f0                DMA2_Channel3_IRQHandler
                0x080024f0                RTC_Alarm_IRQHandler
 .text.HAL_Init
                0x080024f2       0x30 ./Drivers/STM32L4xx_HAL_Driver/Src/stm32l4xx_hal.o
                0x080024f2                HAL_Init
 *fill*         0x08002522        0x2 
 .text.HAL_IncTick
                0x08002524       0x28 ./Drivers/STM32L4xx_HAL_Driver/Src/stm32l4xx_hal.o
                0x08002524                HAL_IncTick
 .text.HAL_GetTick
                0x0800254c       0x18 ./Drivers/STM32L4xx_HAL_Driver/Src/stm32l4xx_hal.o
                0x0800254c                HAL_GetTick
 .text.HAL_Delay
                0x08002564       0x48 ./Drivers/STM32L4xx_HAL_Driver/Src/stm32l4xx_hal.o
                0x08002564                HAL_Delay
 .text.__NVIC_SetPriorityGrouping
                0x080025ac       0x48 ./Drivers/STM32L4xx_HAL_Driver/Src/stm32l4xx_hal_cortex.o
 .text.__NVIC_GetPriorityGrouping
                0x080025f4       0x1c ./Drivers/STM32L4xx_HAL_Driver/Src/stm32l4xx_hal_cortex.o
 .text.__NVIC_EnableIRQ
                0x08002610       0x3c ./Drivers/STM32L4xx_HAL_Driver/Src/stm32l4xx_hal_cortex.o
 .text.__NVIC_SetPriority
                0x0800264c       0x54 ./Drivers/STM32L4xx_HAL_Driver/Src/stm32l4xx_hal_cortex.o
 .text.NVIC_EncodePriority
                0x080026a0       0x66 ./Drivers/STM32L4xx_HAL_Driver/Src/stm32l4xx_hal_cortex.o
 .text.HAL_NVIC_SetPriorityGrouping
                0x08002706       0x16 ./Drivers/STM32L4xx_HAL_Driver/Src/stm32l4xx_hal_cortex.o
                0x08002706                HAL_NVIC_SetPriorityGrouping
 .text.HAL_NVIC_SetPriority
                0x0800271c       0x38 ./Drivers/STM32L4xx_HAL_Driver/Src/stm32l4xx_hal_cortex.o
                0x0800271c                HAL_NVIC_SetPriority
 .text.HAL_NVIC_EnableIRQ
                0x08002754       0x1c ./Drivers/STM32L4xx_HAL_Driver/Src/stm32l4xx_hal_cortex.o
                0x08002754                HAL_NVIC_EnableIRQ
 .text.HAL_GPIO_Init
                0x08002770      0x2f4 ./Drivers/STM32L4xx_HAL_Driver/Src/stm32l4xx_hal_gpio.o
                0x08002770                HAL_GPIO_Init
 .text.HAL_GPIO_WritePin
                0x08002a64       0x30 ./Drivers/STM32L4xx_HAL_Driver/Src/stm32l4xx_hal_gpio.o
                0x08002a64                HAL_GPIO_WritePin
 .text.HAL_I2C_Init
                0x08002a94      0x136 ./Drivers/STM32L4xx_HAL_Driver/Src/stm32l4xx_hal_i2c.o
                0x08002a94                HAL_I2C_Init
 *fill*         0x08002bca        0x2 
 .text.HAL_I2C_Master_Transmit
                0x08002bcc      0x230 ./Drivers/STM32L4xx_HAL_Driver/Src/stm32l4xx_hal_i2c.o
                0x08002bcc                HAL_I2C_Master_Transmit
 .text.HAL_I2C_Master_Receive
                0x08002dfc      0x1ec ./Drivers/STM32L4xx_HAL_Driver/Src/stm32l4xx_hal_i2c.o
                0x08002dfc                HAL_I2C_Master_Receive
 .text.I2C_Flush_TXDR
                0x08002fe8       0x48 ./Drivers/STM32L4xx_HAL_Driver/Src/stm32l4xx_hal_i2c.o
 .text.I2C_WaitOnFlagUntilTimeout
                0x08003030       0xb2 ./Drivers/STM32L4xx_HAL_Driver/Src/stm32l4xx_hal_i2c.o
 .text.I2C_WaitOnTXISFlagUntilTimeout
                0x080030e2       0x8e ./Drivers/STM32L4xx_HAL_Driver/Src/stm32l4xx_hal_i2c.o
 .text.I2C_WaitOnSTOPFlagUntilTimeout
                0x08003170       0x86 ./Drivers/STM32L4xx_HAL_Driver/Src/stm32l4xx_hal_i2c.o
 *fill*         0x080031f6        0x2 
 .text.I2C_WaitOnRXNEFlagUntilTimeout
                0x080031f8      0x118 ./Drivers/STM32L4xx_HAL_Driver/Src/stm32l4xx_hal_i2c.o
 .text.I2C_IsErrorOccurred
                0x08003310      0x1c0 ./Drivers/STM32L4xx_HAL_Driver/Src/stm32l4xx_hal_i2c.o
 .text.I2C_TransferConfig
                0x080034d0       0x64 ./Drivers/STM32L4xx_HAL_Driver/Src/stm32l4xx_hal_i2c.o
 .text.HAL_I2CEx_ConfigAnalogFilter
                0x08003534       0x96 ./Drivers/STM32L4xx_HAL_Driver/Src/stm32l4xx_hal_i2c_ex.o
                0x08003534                HAL_I2CEx_ConfigAnalogFilter
 .text.HAL_I2CEx_ConfigDigitalFilter
                0x080035ca       0x98 ./Drivers/STM32L4xx_HAL_Driver/Src/stm32l4xx_hal_i2c_ex.o
                0x080035ca                HAL_I2CEx_ConfigDigitalFilter
 *fill*         0x08003662        0x2 
 .text.HAL_PWREx_GetVoltageRange
                0x08003664       0x1c ./Drivers/STM32L4xx_HAL_Driver/Src/stm32l4xx_hal_pwr_ex.o
                0x08003664                HAL_PWREx_GetVoltageRange
 .text.HAL_PWREx_ControlVoltageScaling
                0x08003680       0xac ./Drivers/STM32L4xx_HAL_Driver/Src/stm32l4xx_hal_pwr_ex.o
                0x08003680                HAL_PWREx_ControlVoltageScaling
 .text.HAL_RCC_OscConfig
                0x0800372c      0x828 ./Drivers/STM32L4xx_HAL_Driver/Src/stm32l4xx_hal_rcc.o
                0x0800372c                HAL_RCC_OscConfig
 .text.HAL_RCC_ClockConfig
                0x08003f54      0x200 ./Drivers/STM32L4xx_HAL_Driver/Src/stm32l4xx_hal_rcc.o
                0x08003f54                HAL_RCC_ClockConfig
 .text.HAL_RCC_GetSysClockFreq
                0x08004154      0x118 ./Drivers/STM32L4xx_HAL_Driver/Src/stm32l4xx_hal_rcc.o
                0x08004154                HAL_RCC_GetSysClockFreq
 .text.HAL_RCC_GetHCLKFreq
                0x0800426c       0x18 ./Drivers/STM32L4xx_HAL_Driver/Src/stm32l4xx_hal_rcc.o
                0x0800426c                HAL_RCC_GetHCLKFreq
 .text.HAL_RCC_GetPCLK1Freq
                0x08004284       0x2c ./Drivers/STM32L4xx_HAL_Driver/Src/stm32l4xx_hal_rcc.o
                0x08004284                HAL_RCC_GetPCLK1Freq
 .text.HAL_RCC_GetPCLK2Freq
                0x080042b0       0x2c ./Drivers/STM32L4xx_HAL_Driver/Src/stm32l4xx_hal_rcc.o
                0x080042b0                HAL_RCC_GetPCLK2Freq
 .text.HAL_RCC_GetClockConfig
                0x080042dc       0x64 ./Drivers/STM32L4xx_HAL_Driver/Src/stm32l4xx_hal_rcc.o
                0x080042dc                HAL_RCC_GetClockConfig
 .text.RCC_SetFlashLatencyFromMSIRange
                0x08004340       0xc0 ./Drivers/STM32L4xx_HAL_Driver/Src/stm32l4xx_hal_rcc.o
 .text.HAL_RCCEx_PeriphCLKConfig
                0x08004400      0x494 ./Drivers/STM32L4xx_HAL_Driver/Src/stm32l4xx_hal_rcc_ex.o
                0x08004400                HAL_RCCEx_PeriphCLKConfig
 .text.RCCEx_PLLSAI1_Config
                0x08004894      0x1e4 ./Drivers/STM32L4xx_HAL_Driver/Src/stm32l4xx_hal_rcc_ex.o
 .text.HAL_TIM_Base_Init
                0x08004a78       0xae ./Drivers/STM32L4xx_HAL_Driver/Src/stm32l4xx_hal_tim.o
                0x08004a78                HAL_TIM_Base_Init
 *fill*         0x08004b26        0x2 
 .text.HAL_TIM_Base_Start_IT
                0x08004b28       0xa8 ./Drivers/STM32L4xx_HAL_Driver/Src/stm32l4xx_hal_tim.o
                0x08004b28                HAL_TIM_Base_Start_IT
 .text.HAL_TIM_PWM_Init
                0x08004bd0       0xae ./Drivers/STM32L4xx_HAL_Driver/Src/stm32l4xx_hal_tim.o
                0x08004bd0                HAL_TIM_PWM_Init
 .text.HAL_TIM_PWM_MspInit
                0x08004c7e       0x14 ./Drivers/STM32L4xx_HAL_Driver/Src/stm32l4xx_hal_tim.o
                0x08004c7e                HAL_TIM_PWM_MspInit
 *fill*         0x08004c92        0x2 
 .text.HAL_TIM_PWM_Start
                0x08004c94      0x1bc ./Drivers/STM32L4xx_HAL_Driver/Src/stm32l4xx_hal_tim.o
                0x08004c94                HAL_TIM_PWM_Start
 .text.HAL_TIM_IRQHandler
                0x08004e50      0x20e ./Drivers/STM32L4xx_HAL_Driver/Src/stm32l4xx_hal_tim.o
                0x08004e50                HAL_TIM_IRQHandler
 *fill*         0x0800505e        0x2 
 .text.HAL_TIM_PWM_ConfigChannel
                0x08005060      0x228 ./Drivers/STM32L4xx_HAL_Driver/Src/stm32l4xx_hal_tim.o
                0x08005060                HAL_TIM_PWM_ConfigChannel
 .text.HAL_TIM_ConfigClockSource
                0x08005288      0x192 ./Drivers/STM32L4xx_HAL_Driver/Src/stm32l4xx_hal_tim.o
                0x08005288                HAL_TIM_ConfigClockSource
 .text.HAL_TIM_OC_DelayElapsedCallback
                0x0800541a       0x14 ./Drivers/STM32L4xx_HAL_Driver/Src/stm32l4xx_hal_tim.o
                0x0800541a                HAL_TIM_OC_DelayElapsedCallback
 .text.HAL_TIM_IC_CaptureCallback
                0x0800542e       0x14 ./Drivers/STM32L4xx_HAL_Driver/Src/stm32l4xx_hal_tim.o
                0x0800542e                HAL_TIM_IC_CaptureCallback
 .text.HAL_TIM_PWM_PulseFinishedCallback
                0x08005442       0x14 ./Drivers/STM32L4xx_HAL_Driver/Src/stm32l4xx_hal_tim.o
                0x08005442                HAL_TIM_PWM_PulseFinishedCallback
 .text.HAL_TIM_TriggerCallback
                0x08005456       0x14 ./Drivers/STM32L4xx_HAL_Driver/Src/stm32l4xx_hal_tim.o
                0x08005456                HAL_TIM_TriggerCallback
 *fill*         0x0800546a        0x2 
 .text.TIM_Base_SetConfig
                0x0800546c       0xe0 ./Drivers/STM32L4xx_HAL_Driver/Src/stm32l4xx_hal_tim.o
                0x0800546c                TIM_Base_SetConfig
 .text.TIM_OC1_SetConfig
                0x0800554c       0xf8 ./Drivers/STM32L4xx_HAL_Driver/Src/stm32l4xx_hal_tim.o
 .text.TIM_OC2_SetConfig
                0x08005644       0xf4 ./Drivers/STM32L4xx_HAL_Driver/Src/stm32l4xx_hal_tim.o
                0x08005644                TIM_OC2_SetConfig
 .text.TIM_OC3_SetConfig
                0x08005738       0xf0 ./Drivers/STM32L4xx_HAL_Driver/Src/stm32l4xx_hal_tim.o
 .text.TIM_OC4_SetConfig
                0x08005828       0xbc ./Drivers/STM32L4xx_HAL_Driver/Src/stm32l4xx_hal_tim.o
 .text.TIM_OC5_SetConfig
                0x080058e4       0xb0 ./Drivers/STM32L4xx_HAL_Driver/Src/stm32l4xx_hal_tim.o
 .text.TIM_OC6_SetConfig
                0x08005994       0xb4 ./Drivers/STM32L4xx_HAL_Driver/Src/stm32l4xx_hal_tim.o
 .text.TIM_TI1_ConfigInputStage
                0x08005a48       0x5e ./Drivers/STM32L4xx_HAL_Driver/Src/stm32l4xx_hal_tim.o
 .text.TIM_TI2_ConfigInputStage
                0x08005aa6       0x60 ./Drivers/STM32L4xx_HAL_Driver/Src/stm32l4xx_hal_tim.o
 .text.TIM_ITRx_SetConfig
                0x08005b06       0x36 ./Drivers/STM32L4xx_HAL_Driver/Src/stm32l4xx_hal_tim.o
 .text.TIM_ETR_SetConfig
                0x08005b3c       0x40 ./Drivers/STM32L4xx_HAL_Driver/Src/stm32l4xx_hal_tim.o
                0x08005b3c                TIM_ETR_SetConfig
 .text.TIM_CCxChannelCmd
                0x08005b7c       0x4a ./Drivers/STM32L4xx_HAL_Driver/Src/stm32l4xx_hal_tim.o
                0x08005b7c                TIM_CCxChannelCmd
 *fill*         0x08005bc6        0x2 
 .text.HAL_TIMEx_MasterConfigSynchronization
                0x08005bc8       0xcc ./Drivers/STM32L4xx_HAL_Driver/Src/stm32l4xx_hal_tim_ex.o
                0x08005bc8                HAL_TIMEx_MasterConfigSynchronization
 .text.HAL_TIMEx_CommutCallback
                0x08005c94       0x14 ./Drivers/STM32L4xx_HAL_Driver/Src/stm32l4xx_hal_tim_ex.o
                0x08005c94                HAL_TIMEx_CommutCallback
 .text.HAL_TIMEx_BreakCallback
                0x08005ca8       0x14 ./Drivers/STM32L4xx_HAL_Driver/Src/stm32l4xx_hal_tim_ex.o
                0x08005ca8                HAL_TIMEx_BreakCallback
 .text.HAL_TIMEx_Break2Callback
                0x08005cbc       0x14 ./Drivers/STM32L4xx_HAL_Driver/Src/stm32l4xx_hal_tim_ex.o
                0x08005cbc                HAL_TIMEx_Break2Callback
 .text.HAL_UART_Init
                0x08005cd0       0x9c ./Drivers/STM32L4xx_HAL_Driver/Src/stm32l4xx_hal_uart.o
                0x08005cd0                HAL_UART_Init
 .text.UART_SetConfig
                0x08005d6c      0x4b4 ./Drivers/STM32L4xx_HAL_Driver/Src/stm32l4xx_hal_uart.o
                0x08005d6c                UART_SetConfig
 .text.UART_AdvFeatureConfig
                0x08006220      0x144 ./Drivers/STM32L4xx_HAL_Driver/Src/stm32l4xx_hal_uart.o
                0x08006220                UART_AdvFeatureConfig
 .text.UART_CheckIdleState
                0x08006364      0x150 ./Drivers/STM32L4xx_HAL_Driver/Src/stm32l4xx_hal_uart.o
                0x08006364                UART_CheckIdleState
 .text.UART_WaitOnFlagUntilTimeout
                0x080064b4       0xda ./Drivers/STM32L4xx_HAL_Driver/Src/stm32l4xx_hal_uart.o
                0x080064b4                UART_WaitOnFlagUntilTimeout
 .text.UART_EndRxTransfer
                0x0800658e       0xc8 ./Drivers/STM32L4xx_HAL_Driver/Src/stm32l4xx_hal_uart.o
 *fill*         0x08006656        0x2 
 .text.__NVIC_SetPriority
                0x08006658       0x54 ./Middlewares/Third_Party/FreeRTOS/Source/CMSIS_RTOS_V2/cmsis_os2.o
 .text.SysTick_Handler
                0x080066ac       0x20 ./Middlewares/Third_Party/FreeRTOS/Source/CMSIS_RTOS_V2/cmsis_os2.o
                0x080066ac                SysTick_Handler
 .text.SVC_Setup
                0x080066cc       0x12 ./Middlewares/Third_Party/FreeRTOS/Source/CMSIS_RTOS_V2/cmsis_os2.o
 *fill*         0x080066de        0x2 
 .text.osKernelInitialize
                0x080066e0       0x48 ./Middlewares/Third_Party/FreeRTOS/Source/CMSIS_RTOS_V2/cmsis_os2.o
                0x080066e0                osKernelInitialize
 .text.osKernelStart
                0x08006728       0x4c ./Middlewares/Third_Party/FreeRTOS/Source/CMSIS_RTOS_V2/cmsis_os2.o
                0x08006728                osKernelStart
 .text.osThreadNew
                0x08006774      0x124 ./Middlewares/Third_Party/FreeRTOS/Source/CMSIS_RTOS_V2/cmsis_os2.o
                0x08006774                osThreadNew
 .text.osDelay  0x08006898       0x36 ./Middlewares/Third_Party/FreeRTOS/Source/CMSIS_RTOS_V2/cmsis_os2.o
                0x08006898                osDelay
 .text.osMutexNew
                0x080068ce      0x10c ./Middlewares/Third_Party/FreeRTOS/Source/CMSIS_RTOS_V2/cmsis_os2.o
                0x080068ce                osMutexNew
 .text.osMutexAcquire
                0x080069da       0x96 ./Middlewares/Third_Party/FreeRTOS/Source/CMSIS_RTOS_V2/cmsis_os2.o
                0x080069da                osMutexAcquire
 .text.osMutexRelease
                0x08006a70       0x7a ./Middlewares/Third_Party/FreeRTOS/Source/CMSIS_RTOS_V2/cmsis_os2.o
                0x08006a70                osMutexRelease
 *fill*         0x08006aea        0x2 
 .text.vApplicationGetIdleTaskMemory
                0x08006aec       0x34 ./Middlewares/Third_Party/FreeRTOS/Source/CMSIS_RTOS_V2/cmsis_os2.o
                0x08006aec                vApplicationGetIdleTaskMemory
 .text.vApplicationGetTimerTaskMemory
                0x08006b20       0x34 ./Middlewares/Third_Party/FreeRTOS/Source/CMSIS_RTOS_V2/cmsis_os2.o
                0x08006b20                vApplicationGetTimerTaskMemory
 .text.vListInitialise
                0x08006b54       0x40 ./Middlewares/Third_Party/FreeRTOS/Source/list.o
                0x08006b54                vListInitialise
 .text.vListInitialiseItem
                0x08006b94       0x1a ./Middlewares/Third_Party/FreeRTOS/Source/list.o
                0x08006b94                vListInitialiseItem
 .text.vListInsertEnd
                0x08006bae       0x48 ./Middlewares/Third_Party/FreeRTOS/Source/list.o
                0x08006bae                vListInsertEnd
 .text.vListInsert
                0x08006bf6       0x72 ./Middlewares/Third_Party/FreeRTOS/Source/list.o
                0x08006bf6                vListInsert
 .text.uxListRemove
                0x08006c68       0x54 ./Middlewares/Third_Party/FreeRTOS/Source/list.o
                0x08006c68                uxListRemove
 .text.xQueueGenericReset
                0x08006cbc       0xd4 ./Middlewares/Third_Party/FreeRTOS/Source/queue.o
                0x08006cbc                xQueueGenericReset
 .text.xQueueGenericCreateStatic
                0x08006d90       0xfa ./Middlewares/Third_Party/FreeRTOS/Source/queue.o
                0x08006d90                xQueueGenericCreateStatic
 .text.xQueueGenericCreate
                0x08006e8a       0x76 ./Middlewares/Third_Party/FreeRTOS/Source/queue.o
                0x08006e8a                xQueueGenericCreate
 .text.prvInitialiseNewQueue
                0x08006f00       0x46 ./Middlewares/Third_Party/FreeRTOS/Source/queue.o
 .text.prvInitialiseMutex
                0x08006f46       0x34 ./Middlewares/Third_Party/FreeRTOS/Source/queue.o
 .text.xQueueCreateMutex
                0x08006f7a       0x30 ./Middlewares/Third_Party/FreeRTOS/Source/queue.o
                0x08006f7a                xQueueCreateMutex
 .text.xQueueCreateMutexStatic
                0x08006faa       0x36 ./Middlewares/Third_Party/FreeRTOS/Source/queue.o
                0x08006faa                xQueueCreateMutexStatic
 .text.xQueueGiveMutexRecursive
                0x08006fe0       0x6a ./Middlewares/Third_Party/FreeRTOS/Source/queue.o
                0x08006fe0                xQueueGiveMutexRecursive
 .text.xQueueTakeMutexRecursive
                0x0800704a       0x6e ./Middlewares/Third_Party/FreeRTOS/Source/queue.o
                0x0800704a                xQueueTakeMutexRecursive
 .text.xQueueGenericSend
                0x080070b8      0x204 ./Middlewares/Third_Party/FreeRTOS/Source/queue.o
                0x080070b8                xQueueGenericSend
 .text.xQueueGenericSendFromISR
                0x080072bc      0x13c ./Middlewares/Third_Party/FreeRTOS/Source/queue.o
                0x080072bc                xQueueGenericSendFromISR
 .text.xQueueReceive
                0x080073f8      0x1c4 ./Middlewares/Third_Party/FreeRTOS/Source/queue.o
                0x080073f8                xQueueReceive
 .text.xQueueSemaphoreTake
                0x080075bc      0x220 ./Middlewares/Third_Party/FreeRTOS/Source/queue.o
                0x080075bc                xQueueSemaphoreTake
 .text.prvGetDisinheritPriorityAfterTimeout
                0x080077dc       0x30 ./Middlewares/Third_Party/FreeRTOS/Source/queue.o
 .text.prvCopyDataToQueue
                0x0800780c       0xd4 ./Middlewares/Third_Party/FreeRTOS/Source/queue.o
 .text.prvCopyDataFromQueue
                0x080078e0       0x4c ./Middlewares/Third_Party/FreeRTOS/Source/queue.o
 .text.prvUnlockQueue
                0x0800792c       0xa4 ./Middlewares/Third_Party/FreeRTOS/Source/queue.o
 .text.prvIsQueueEmpty
                0x080079d0       0x2c ./Middlewares/Third_Party/FreeRTOS/Source/queue.o
 .text.prvIsQueueFull
                0x080079fc       0x30 ./Middlewares/Third_Party/FreeRTOS/Source/queue.o
 .text.vQueueAddToRegistry
                0x08007a2c       0x54 ./Middlewares/Third_Party/FreeRTOS/Source/queue.o
                0x08007a2c                vQueueAddToRegistry
 .text.vQueueWaitForMessageRestricted
                0x08007a80       0x68 ./Middlewares/Third_Party/FreeRTOS/Source/queue.o
                0x08007a80                vQueueWaitForMessageRestricted
 .text.xTaskCreateStatic
                0x08007ae8       0xc0 ./Middlewares/Third_Party/FreeRTOS/Source/tasks.o
                0x08007ae8                xTaskCreateStatic
 .text.xTaskCreate
                0x08007ba8       0x8a ./Middlewares/Third_Party/FreeRTOS/Source/tasks.o
                0x08007ba8                xTaskCreate
 *fill*         0x08007c32        0x2 
 .text.prvInitialiseNewTask
                0x08007c34      0x150 ./Middlewares/Third_Party/FreeRTOS/Source/tasks.o
 .text.prvAddNewTaskToReadyList
                0x08007d84       0xe0 ./Middlewares/Third_Party/FreeRTOS/Source/tasks.o
 .text.vTaskDelay
                0x08007e64       0x6c ./Middlewares/Third_Party/FreeRTOS/Source/tasks.o
                0x08007e64                vTaskDelay
 .text.vTaskStartScheduler
                0x08007ed0       0xe0 ./Middlewares/Third_Party/FreeRTOS/Source/tasks.o
                0x08007ed0                vTaskStartScheduler
 .text.vTaskSuspendAll
                0x08007fb0       0x1c ./Middlewares/Third_Party/FreeRTOS/Source/tasks.o
                0x08007fb0                vTaskSuspendAll
 .text.xTaskResumeAll
                0x08007fcc      0x13c ./Middlewares/Third_Party/FreeRTOS/Source/tasks.o
                0x08007fcc                xTaskResumeAll
 .text.xTaskGetTickCount
                0x08008108       0x20 ./Middlewares/Third_Party/FreeRTOS/Source/tasks.o
                0x08008108                xTaskGetTickCount
 .text.xTaskIncrementTick
                0x08008128      0x174 ./Middlewares/Third_Party/FreeRTOS/Source/tasks.o
                0x08008128                xTaskIncrementTick
 .text.vTaskSwitchContext
                0x0800829c       0xcc ./Middlewares/Third_Party/FreeRTOS/Source/tasks.o
                0x0800829c                vTaskSwitchContext
 .text.vTaskPlaceOnEventList
                0x08008368       0x4c ./Middlewares/Third_Party/FreeRTOS/Source/tasks.o
                0x08008368                vTaskPlaceOnEventList
 .text.vTaskPlaceOnEventListRestricted
                0x080083b4       0x58 ./Middlewares/Third_Party/FreeRTOS/Source/tasks.o
                0x080083b4                vTaskPlaceOnEventListRestricted
 .text.xTaskRemoveFromEventList
                0x0800840c       0xc8 ./Middlewares/Third_Party/FreeRTOS/Source/tasks.o
                0x0800840c                xTaskRemoveFromEventList
 .text.vTaskInternalSetTimeOutState
                0x080084d4       0x2c ./Middlewares/Third_Party/FreeRTOS/Source/tasks.o
                0x080084d4                vTaskInternalSetTimeOutState
 .text.xTaskCheckForTimeOut
                0x08008500       0xc8 ./Middlewares/Third_Party/FreeRTOS/Source/tasks.o
                0x08008500                xTaskCheckForTimeOut
 .text.vTaskMissedYield
                0x080085c8       0x18 ./Middlewares/Third_Party/FreeRTOS/Source/tasks.o
                0x080085c8                vTaskMissedYield
 .text.prvIdleTask
                0x080085e0       0x30 ./Middlewares/Third_Party/FreeRTOS/Source/tasks.o
 .text.prvInitialiseTaskLists
                0x08008610       0x80 ./Middlewares/Third_Party/FreeRTOS/Source/tasks.o
 .text.prvCheckTasksWaitingTermination
                0x08008690       0x5c ./Middlewares/Third_Party/FreeRTOS/Source/tasks.o
 .text.prvDeleteTCB
                0x080086ec       0x6a ./Middlewares/Third_Party/FreeRTOS/Source/tasks.o
 *fill*         0x08008756        0x2 
 .text.prvResetNextTaskUnblockTime
                0x08008758       0x40 ./Middlewares/Third_Party/FreeRTOS/Source/tasks.o
 .text.xTaskGetCurrentTaskHandle
                0x08008798       0x20 ./Middlewares/Third_Party/FreeRTOS/Source/tasks.o
                0x08008798                xTaskGetCurrentTaskHandle
 .text.xTaskGetSchedulerState
                0x080087b8       0x3c ./Middlewares/Third_Party/FreeRTOS/Source/tasks.o
                0x080087b8                xTaskGetSchedulerState
 .text.xTaskPriorityInherit
                0x080087f4       0xd0 ./Middlewares/Third_Party/FreeRTOS/Source/tasks.o
                0x080087f4                xTaskPriorityInherit
 .text.xTaskPriorityDisinherit
                0x080088c4       0xe0 ./Middlewares/Third_Party/FreeRTOS/Source/tasks.o
                0x080088c4                xTaskPriorityDisinherit
 .text.vTaskPriorityDisinheritAfterTimeout
                0x080089a4      0x108 ./Middlewares/Third_Party/FreeRTOS/Source/tasks.o
                0x080089a4                vTaskPriorityDisinheritAfterTimeout
 .text.pvTaskIncrementMutexHeldCount
                0x08008aac       0x28 ./Middlewares/Third_Party/FreeRTOS/Source/tasks.o
                0x08008aac                pvTaskIncrementMutexHeldCount
 .text.prvAddCurrentTaskToDelayedList
                0x08008ad4       0xa8 ./Middlewares/Third_Party/FreeRTOS/Source/tasks.o
 .text.xTimerCreateTimerTask
                0x08008b7c       0x94 ./Middlewares/Third_Party/FreeRTOS/Source/timers.o
                0x08008b7c                xTimerCreateTimerTask
 .text.xTimerGenericCommand
                0x08008c10       0x9c ./Middlewares/Third_Party/FreeRTOS/Source/timers.o
                0x08008c10                xTimerGenericCommand
 .text.prvProcessExpiredTimer
                0x08008cac       0x9c ./Middlewares/Third_Party/FreeRTOS/Source/timers.o
 .text.prvTimerTask
                0x08008d48       0x26 ./Middlewares/Third_Party/FreeRTOS/Source/timers.o
 *fill*         0x08008d6e        0x2 
 .text.prvProcessTimerOrBlockTask
                0x08008d70       0x9c ./Middlewares/Third_Party/FreeRTOS/Source/timers.o
 .text.prvGetNextExpireTime
                0x08008e0c       0x48 ./Middlewares/Third_Party/FreeRTOS/Source/timers.o
 .text.prvSampleTimeNow
                0x08008e54       0x40 ./Middlewares/Third_Party/FreeRTOS/Source/timers.o
 .text.prvInsertTimerInActiveList
                0x08008e94       0x84 ./Middlewares/Third_Party/FreeRTOS/Source/timers.o
 .text.prvProcessReceivedCommands
                0x08008f18      0x1cc ./Middlewares/Third_Party/FreeRTOS/Source/timers.o
 .text.prvSwitchTimerLists
                0x080090e4       0xcc ./Middlewares/Third_Party/FreeRTOS/Source/timers.o
 .text.prvCheckForValidListAndQueue
                0x080091b0       0x80 ./Middlewares/Third_Party/FreeRTOS/Source/timers.o
 .text.pxPortInitialiseStack
                0x08009230       0x68 ./Middlewares/Third_Party/FreeRTOS/Source/portable/GCC/ARM_CM4F/port.o
                0x08009230                pxPortInitialiseStack
 .text.prvTaskExitError
                0x08009298       0x5c ./Middlewares/Third_Party/FreeRTOS/Source/portable/GCC/ARM_CM4F/port.o
 *fill*         0x080092f4        0xc 
 .text.SVC_Handler
                0x08009300       0x28 ./Middlewares/Third_Party/FreeRTOS/Source/portable/GCC/ARM_CM4F/port.o
                0x08009300                SVC_Handler
 .text.prvPortStartFirstTask
                0x08009328       0x28 ./Middlewares/Third_Party/FreeRTOS/Source/portable/GCC/ARM_CM4F/port.o
 .text.xPortStartScheduler
                0x08009350      0x148 ./Middlewares/Third_Party/FreeRTOS/Source/portable/GCC/ARM_CM4F/port.o
                0x08009350                xPortStartScheduler
 .text.vPortEnterCritical
                0x08009498       0x64 ./Middlewares/Third_Party/FreeRTOS/Source/portable/GCC/ARM_CM4F/port.o
                0x08009498                vPortEnterCritical
 .text.vPortExitCritical
                0x080094fc       0x54 ./Middlewares/Third_Party/FreeRTOS/Source/portable/GCC/ARM_CM4F/port.o
                0x080094fc                vPortExitCritical
 .text.PendSV_Handler
                0x08009550       0x68 ./Middlewares/Third_Party/FreeRTOS/Source/portable/GCC/ARM_CM4F/port.o
                0x08009550                PendSV_Handler
 .text.xPortSysTickHandler
                0x080095b8       0x44 ./Middlewares/Third_Party/FreeRTOS/Source/portable/GCC/ARM_CM4F/port.o
                0x080095b8                xPortSysTickHandler
 .text.vPortSetupTimerInterrupt
                0x080095fc       0x48 ./Middlewares/Third_Party/FreeRTOS/Source/portable/GCC/ARM_CM4F/port.o
                0x080095fc                vPortSetupTimerInterrupt
 .text.vPortEnableVFP
                0x08009644       0x14 ./Middlewares/Third_Party/FreeRTOS/Source/portable/GCC/ARM_CM4F/port.o
 .text.vPortValidateInterruptPriority
                0x08009658       0x84 ./Middlewares/Third_Party/FreeRTOS/Source/portable/GCC/ARM_CM4F/port.o
                0x08009658                vPortValidateInterruptPriority
 .text.pvPortMalloc
                0x080096dc      0x19c ./Middlewares/Third_Party/FreeRTOS/Source/portable/MemMang/heap_4.o
                0x080096dc                pvPortMalloc
 .text.vPortFree
                0x08009878       0xc8 ./Middlewares/Third_Party/FreeRTOS/Source/portable/MemMang/heap_4.o
                0x08009878                vPortFree
 .text.prvHeapInit
                0x08009940       0xc4 ./Middlewares/Third_Party/FreeRTOS/Source/portable/MemMang/heap_4.o
 .text.prvInsertBlockIntoFreeList
                0x08009a04       0xb4 ./Middlewares/Third_Party/FreeRTOS/Source/portable/MemMang/heap_4.o
 .text.atan2    0x08009ab8        0x4 /Applications/STM32CubeIDE.app/Contents/Eclipse/plugins/com.st.stm32cube.ide.mcu.externaltools.gnu-tools-for-stm32.12.3.rel1.macos64_1.0.200.202406191456/tools/bin/../lib/gcc/arm-none-eabi/12.3.1/../../../../arm-none-eabi/lib/thumb/v7e-m+fp/hard/libm.a(libm_a-w_atan2.o)
                0x08009ab8                atan2
 *fill*         0x08009abc        0x4 
 .text.__ieee754_atan2
                0x08009ac0      0x18c /Applications/STM32CubeIDE.app/Contents/Eclipse/plugins/com.st.stm32cube.ide.mcu.externaltools.gnu-tools-for-stm32.12.3.rel1.macos64_1.0.200.202406191456/tools/bin/../lib/gcc/arm-none-eabi/12.3.1/../../../../arm-none-eabi/lib/thumb/v7e-m+fp/hard/libm.a(libm_a-e_atan2.o)
                0x08009ac0                __ieee754_atan2
 .text.sqrt     0x08009c4c       0x58 /Applications/STM32CubeIDE.app/Contents/Eclipse/plugins/com.st.stm32cube.ide.mcu.externaltools.gnu-tools-for-stm32.12.3.rel1.macos64_1.0.200.202406191456/tools/bin/../lib/gcc/arm-none-eabi/12.3.1/../../../../arm-none-eabi/lib/thumb/v7e-m+fp/hard/libm.a(libm_a-w_sqrt.o)
                0x08009c4c                sqrt
 *fill*         0x08009ca4        0x4 
 .text.atan     0x08009ca8      0x330 /Applications/STM32CubeIDE.app/Contents/Eclipse/plugins/com.st.stm32cube.ide.mcu.externaltools.gnu-tools-for-stm32.12.3.rel1.macos64_1.0.200.202406191456/tools/bin/../lib/gcc/arm-none-eabi/12.3.1/../../../../arm-none-eabi/lib/thumb/v7e-m+fp/hard/libm.a(libm_a-s_atan.o)
                0x08009ca8                atan
 .text.cos      0x08009fd8       0xa8 /Applications/STM32CubeIDE.app/Contents/Eclipse/plugins/com.st.stm32cube.ide.mcu.externaltools.gnu-tools-for-stm32.12.3.rel1.macos64_1.0.200.202406191456/tools/bin/../lib/gcc/arm-none-eabi/12.3.1/../../../../arm-none-eabi/lib/thumb/v7e-m+fp/hard/libm.a(libm_a-s_cos.o)
                0x08009fd8                cos
 .text.fabs     0x0800a080       0x10 /Applications/STM32CubeIDE.app/Contents/Eclipse/plugins/com.st.stm32cube.ide.mcu.externaltools.gnu-tools-for-stm32.12.3.rel1.macos64_1.0.200.202406191456/tools/bin/../lib/gcc/arm-none-eabi/12.3.1/../../../../arm-none-eabi/lib/thumb/v7e-m+fp/hard/libm.a(libm_a-s_fabs.o)
                0x0800a080                fabs
 .text.sin      0x0800a090       0xa8 /Applications/STM32CubeIDE.app/Contents/Eclipse/plugins/com.st.stm32cube.ide.mcu.externaltools.gnu-tools-for-stm32.12.3.rel1.macos64_1.0.200.202406191456/tools/bin/../lib/gcc/arm-none-eabi/12.3.1/../../../../arm-none-eabi/lib/thumb/v7e-m+fp/hard/libm.a(libm_a-s_sin.o)
                0x0800a090                sin
 .text.__ieee754_sqrt
                0x0800a138      0x1b4 /Applications/STM32CubeIDE.app/Contents/Eclipse/plugins/com.st.stm32cube.ide.mcu.externaltools.gnu-tools-for-stm32.12.3.rel1.macos64_1.0.200.202406191456/tools/bin/../lib/gcc/arm-none-eabi/12.3.1/../../../../arm-none-eabi/lib/thumb/v7e-m+fp/hard/libm.a(libm_a-e_sqrt.o)
                0x0800a138                __ieee754_sqrt
 *fill*         0x0800a2ec        0x4 
 .text.__ieee754_rem_pio2
                0x0800a2f0      0x3f8 /Applications/STM32CubeIDE.app/Contents/Eclipse/plugins/com.st.stm32cube.ide.mcu.externaltools.gnu-tools-for-stm32.12.3.rel1.macos64_1.0.200.202406191456/tools/bin/../lib/gcc/arm-none-eabi/12.3.1/../../../../arm-none-eabi/lib/thumb/v7e-m+fp/hard/libm.a(libm_a-e_rem_pio2.o)
                0x0800a2f0                __ieee754_rem_pio2
 .text.__kernel_rem_pio2
                0x0800a6e8      0x6b0 /Applications/STM32CubeIDE.app/Contents/Eclipse/plugins/com.st.stm32cube.ide.mcu.externaltools.gnu-tools-for-stm32.12.3.rel1.macos64_1.0.200.202406191456/tools/bin/../lib/gcc/arm-none-eabi/12.3.1/../../../../arm-none-eabi/lib/thumb/v7e-m+fp/hard/libm.a(libm_a-k_rem_pio2.o)
                0x0800a6e8                __kernel_rem_pio2
 .text.__kernel_cos
                0x0800ad98      0x18c /Applications/STM32CubeIDE.app/Contents/Eclipse/plugins/com.st.stm32cube.ide.mcu.externaltools.gnu-tools-for-stm32.12.3.rel1.macos64_1.0.200.202406191456/tools/bin/../lib/gcc/arm-none-eabi/12.3.1/../../../../arm-none-eabi/lib/thumb/v7e-m+fp/hard/libm.a(libm_a-k_cos.o)
                0x0800ad98                __kernel_cos
 *fill*         0x0800af24        0x4 
 .text.__kernel_sin
                0x0800af28      0x174 /Applications/STM32CubeIDE.app/Contents/Eclipse/plugins/com.st.stm32cube.ide.mcu.externaltools.gnu-tools-for-stm32.12.3.rel1.macos64_1.0.200.202406191456/tools/bin/../lib/gcc/arm-none-eabi/12.3.1/../../../../arm-none-eabi/lib/thumb/v7e-m+fp/hard/libm.a(libm_a-k_sin.o)
                0x0800af28                __kernel_sin
 *fill*         0x0800b09c        0x4 
 .text.scalbn   0x0800b0a0       0xfc /Applications/STM32CubeIDE.app/Contents/Eclipse/plugins/com.st.stm32cube.ide.mcu.externaltools.gnu-tools-for-stm32.12.3.rel1.macos64_1.0.200.202406191456/tools/bin/../lib/gcc/arm-none-eabi/12.3.1/../../../../arm-none-eabi/lib/thumb/v7e-m+fp/hard/libm.a(libm_a-s_scalbn.o)
                0x0800b0a0                scalbn
 *fill*         0x0800b19c        0x4 
 .text.floor    0x0800b1a0       0xf8 /Applications/STM32CubeIDE.app/Contents/Eclipse/plugins/com.st.stm32cube.ide.mcu.externaltools.gnu-tools-for-stm32.12.3.rel1.macos64_1.0.200.202406191456/tools/bin/../lib/gcc/arm-none-eabi/12.3.1/../../../../arm-none-eabi/lib/thumb/v7e-m+fp/hard/libm.a(libm_a-s_floor.o)
                0x0800b1a0                floor
 .text.memset   0x0800b298       0x10 /Applications/STM32CubeIDE.app/Contents/Eclipse/plugins/com.st.stm32cube.ide.mcu.externaltools.gnu-tools-for-stm32.12.3.rel1.macos64_1.0.200.202406191456/tools/bin/../lib/gcc/arm-none-eabi/12.3.1/../../../../arm-none-eabi/lib/thumb/v7e-m+fp/hard/libc_nano.a(libc_a-memset.o)
                0x0800b298                memset
 .text._reclaim_reent
                0x0800b2a8       0xac /Applications/STM32CubeIDE.app/Contents/Eclipse/plugins/com.st.stm32cube.ide.mcu.externaltools.gnu-tools-for-stm32.12.3.rel1.macos64_1.0.200.202406191456/tools/bin/../lib/gcc/arm-none-eabi/12.3.1/../../../../arm-none-eabi/lib/thumb/v7e-m+fp/hard/libc_nano.a(libc_a-reent.o)
                0x0800b2a8                _reclaim_reent
 .text.__errno  0x0800b354        0xc /Applications/STM32CubeIDE.app/Contents/Eclipse/plugins/com.st.stm32cube.ide.mcu.externaltools.gnu-tools-for-stm32.12.3.rel1.macos64_1.0.200.202406191456/tools/bin/../lib/gcc/arm-none-eabi/12.3.1/../../../../arm-none-eabi/lib/thumb/v7e-m+fp/hard/libc_nano.a(libc_a-errno.o)
                0x0800b354                __errno
 .text.__libc_init_array
                0x0800b360       0x48 /Applications/STM32CubeIDE.app/Contents/Eclipse/plugins/com.st.stm32cube.ide.mcu.externaltools.gnu-tools-for-stm32.12.3.rel1.macos64_1.0.200.202406191456/tools/bin/../lib/gcc/arm-none-eabi/12.3.1/../../../../arm-none-eabi/lib/thumb/v7e-m+fp/hard/libc_nano.a(libc_a-init.o)
                0x0800b360                __libc_init_array
 .text.__retarget_lock_acquire_recursive
                0x0800b3a8        0x2 /Applications/STM32CubeIDE.app/Contents/Eclipse/plugins/com.st.stm32cube.ide.mcu.externaltools.gnu-tools-for-stm32.12.3.rel1.macos64_1.0.200.202406191456/tools/bin/../lib/gcc/arm-none-eabi/12.3.1/../../../../arm-none-eabi/lib/thumb/v7e-m+fp/hard/libc_nano.a(libc_a-lock.o)
                0x0800b3a8                __retarget_lock_acquire_recursive
 .text.__retarget_lock_release_recursive
                0x0800b3aa        0x2 /Applications/STM32CubeIDE.app/Contents/Eclipse/plugins/com.st.stm32cube.ide.mcu.externaltools.gnu-tools-for-stm32.12.3.rel1.macos64_1.0.200.202406191456/tools/bin/../lib/gcc/arm-none-eabi/12.3.1/../../../../arm-none-eabi/lib/thumb/v7e-m+fp/hard/libc_nano.a(libc_a-lock.o)
                0x0800b3aa                __retarget_lock_release_recursive
 .text.memcpy   0x0800b3ac       0x1c /Applications/STM32CubeIDE.app/Contents/Eclipse/plugins/com.st.stm32cube.ide.mcu.externaltools.gnu-tools-for-stm32.12.3.rel1.macos64_1.0.200.202406191456/tools/bin/../lib/gcc/arm-none-eabi/12.3.1/../../../../arm-none-eabi/lib/thumb/v7e-m+fp/hard/libc_nano.a(libc_a-memcpy-stub.o)
                0x0800b3ac                memcpy
 .text._free_r  0x0800b3c8       0x94 /Applications/STM32CubeIDE.app/Contents/Eclipse/plugins/com.st.stm32cube.ide.mcu.externaltools.gnu-tools-for-stm32.12.3.rel1.macos64_1.0.200.202406191456/tools/bin/../lib/gcc/arm-none-eabi/12.3.1/../../../../arm-none-eabi/lib/thumb/v7e-m+fp/hard/libc_nano.a(libc_a-freer.o)
                0x0800b3c8                _free_r
 .text.__malloc_lock
                0x0800b45c        0xc /Applications/STM32CubeIDE.app/Contents/Eclipse/plugins/com.st.stm32cube.ide.mcu.externaltools.gnu-tools-for-stm32.12.3.rel1.macos64_1.0.200.202406191456/tools/bin/../lib/gcc/arm-none-eabi/12.3.1/../../../../arm-none-eabi/lib/thumb/v7e-m+fp/hard/libc_nano.a(libc_a-mlock.o)
                0x0800b45c                __malloc_lock
 .text.__malloc_unlock
                0x0800b468        0xc /Applications/STM32CubeIDE.app/Contents/Eclipse/plugins/com.st.stm32cube.ide.mcu.externaltools.gnu-tools-for-stm32.12.3.rel1.macos64_1.0.200.202406191456/tools/bin/../lib/gcc/arm-none-eabi/12.3.1/../../../../arm-none-eabi/lib/thumb/v7e-m+fp/hard/libc_nano.a(libc_a-mlock.o)
                0x0800b468                __malloc_unlock
 *(.glue_7)
 .glue_7        0x0800b474        0x0 linker stubs
 *(.glue_7t)
 .glue_7t       0x0800b474        0x0 linker stubs
 *(.eh_frame)
 .eh_frame      0x0800b474        0x0 /Applications/STM32CubeIDE.app/Contents/Eclipse/plugins/com.st.stm32cube.ide.mcu.externaltools.gnu-tools-for-stm32.12.3.rel1.macos64_1.0.200.202406191456/tools/bin/../lib/gcc/arm-none-eabi/12.3.1/thumb/v7e-m+fp/hard/crtbegin.o
 *(.init)
 .init          0x0800b474        0x4 /Applications/STM32CubeIDE.app/Contents/Eclipse/plugins/com.st.stm32cube.ide.mcu.externaltools.gnu-tools-for-stm32.12.3.rel1.macos64_1.0.200.202406191456/tools/bin/../lib/gcc/arm-none-eabi/12.3.1/thumb/v7e-m+fp/hard/crti.o
                0x0800b474                _init
 .init          0x0800b478        0x8 /Applications/STM32CubeIDE.app/Contents/Eclipse/plugins/com.st.stm32cube.ide.mcu.externaltools.gnu-tools-for-stm32.12.3.rel1.macos64_1.0.200.202406191456/tools/bin/../lib/gcc/arm-none-eabi/12.3.1/thumb/v7e-m+fp/hard/crtn.o
 *(.fini)
 .fini          0x0800b480        0x4 /Applications/STM32CubeIDE.app/Contents/Eclipse/plugins/com.st.stm32cube.ide.mcu.externaltools.gnu-tools-for-stm32.12.3.rel1.macos64_1.0.200.202406191456/tools/bin/../lib/gcc/arm-none-eabi/12.3.1/thumb/v7e-m+fp/hard/crti.o
                0x0800b480                _fini
 .fini          0x0800b484        0x8 /Applications/STM32CubeIDE.app/Contents/Eclipse/plugins/com.st.stm32cube.ide.mcu.externaltools.gnu-tools-for-stm32.12.3.rel1.macos64_1.0.200.202406191456/tools/bin/../lib/gcc/arm-none-eabi/12.3.1/thumb/v7e-m+fp/hard/crtn.o
                0x0800b48c                        . = ALIGN (0x4)
                0x0800b48c                        _etext = .

.vfp11_veneer   0x0800b48c        0x0
 .vfp11_veneer  0x0800b48c        0x0 linker stubs

.v4_bx          0x0800b48c        0x0
 .v4_bx         0x0800b48c        0x0 linker stubs

.iplt           0x0800b48c        0x0
 .iplt          0x0800b48c        0x0 /Applications/STM32CubeIDE.app/Contents/Eclipse/plugins/com.st.stm32cube.ide.mcu.externaltools.gnu-tools-for-stm32.12.3.rel1.macos64_1.0.200.202406191456/tools/bin/../lib/gcc/arm-none-eabi/12.3.1/thumb/v7e-m+fp/hard/crtbegin.o

.rodata         0x0800b490      0x468
                0x0800b490                        . = ALIGN (0x4)
 *(.rodata)
 .rodata        0x0800b490       0xa1 ./Core/Src/main.o
 *fill*         0x0800b531        0x3 
 .rodata        0x0800b534        0x5 ./Middlewares/Third_Party/FreeRTOS/Source/tasks.o
 *fill*         0x0800b539        0x3 
 .rodata        0x0800b53c        0xd ./Middlewares/Third_Party/FreeRTOS/Source/timers.o
 *(.rodata*)
 *fill*         0x0800b549        0x3 
 .rodata.task_SelfGps_attributes
                0x0800b54c       0x24 ./Core/Src/main.o
                0x0800b54c                task_SelfGps_attributes
 .rodata.task_TargetGps_attributes
                0x0800b570       0x24 ./Core/Src/main.o
                0x0800b570                task_TargetGps_attributes
 .rodata.task_Calculate_attributes
                0x0800b594       0x24 ./Core/Src/main.o
                0x0800b594                task_Calculate_attributes
 .rodata.task_Encoder_attributes
                0x0800b5b8       0x24 ./Core/Src/main.o
                0x0800b5b8                task_Encoder_attributes
 .rodata.task_Stepper_attributes
                0x0800b5dc       0x24 ./Core/Src/main.o
                0x0800b5dc                task_Stepper_attributes
 .rodata.task_Servo_attributes
                0x0800b600       0x24 ./Core/Src/main.o
                0x0800b600                task_Servo_attributes
 .rodata.uartMutex_attributes
                0x0800b624       0x10 ./Core/Src/main.o
                0x0800b624                uartMutex_attributes
 .rodata.gpsDataMutex_attributes
                0x0800b634       0x10 ./Core/Src/main.o
                0x0800b634                gpsDataMutex_attributes
 .rodata.targetPositionMutex_attributes
                0x0800b644       0x10 ./Core/Src/main.o
                0x0800b644                targetPositionMutex_attributes
 .rodata.encoderPositionMutex_attributes
                0x0800b654       0x10 ./Core/Src/main.o
                0x0800b654                encoderPositionMutex_attributes
 .rodata.AHBPrescTable
                0x0800b664       0x10 ./Core/Src/system_stm32l4xx.o
                0x0800b664                AHBPrescTable
 .rodata.APBPrescTable
                0x0800b674        0x8 ./Core/Src/system_stm32l4xx.o
                0x0800b674                APBPrescTable
 .rodata.MSIRangeTable
                0x0800b67c       0x30 ./Core/Src/system_stm32l4xx.o
                0x0800b67c                MSIRangeTable
 *fill*         0x0800b6ac        0x4 
 .rodata.CSWTCH.9
                0x0800b6b0       0x18 /Applications/STM32CubeIDE.app/Contents/Eclipse/plugins/com.st.stm32cube.ide.mcu.externaltools.gnu-tools-for-stm32.12.3.rel1.macos64_1.0.200.202406191456/tools/bin/../lib/gcc/arm-none-eabi/12.3.1/../../../../arm-none-eabi/lib/thumb/v7e-m+fp/hard/libm.a(libm_a-e_atan2.o)
 .rodata.CSWTCH.8
                0x0800b6c8       0x18 /Applications/STM32CubeIDE.app/Contents/Eclipse/plugins/com.st.stm32cube.ide.mcu.externaltools.gnu-tools-for-stm32.12.3.rel1.macos64_1.0.200.202406191456/tools/bin/../lib/gcc/arm-none-eabi/12.3.1/../../../../arm-none-eabi/lib/thumb/v7e-m+fp/hard/libm.a(libm_a-e_atan2.o)
 .rodata.atanlo
                0x0800b6e0       0x20 /Applications/STM32CubeIDE.app/Contents/Eclipse/plugins/com.st.stm32cube.ide.mcu.externaltools.gnu-tools-for-stm32.12.3.rel1.macos64_1.0.200.202406191456/tools/bin/../lib/gcc/arm-none-eabi/12.3.1/../../../../arm-none-eabi/lib/thumb/v7e-m+fp/hard/libm.a(libm_a-s_atan.o)
 .rodata.atanhi
                0x0800b700       0x20 /Applications/STM32CubeIDE.app/Contents/Eclipse/plugins/com.st.stm32cube.ide.mcu.externaltools.gnu-tools-for-stm32.12.3.rel1.macos64_1.0.200.202406191456/tools/bin/../lib/gcc/arm-none-eabi/12.3.1/../../../../arm-none-eabi/lib/thumb/v7e-m+fp/hard/libm.a(libm_a-s_atan.o)
 .rodata.npio2_hw
                0x0800b720       0x80 /Applications/STM32CubeIDE.app/Contents/Eclipse/plugins/com.st.stm32cube.ide.mcu.externaltools.gnu-tools-for-stm32.12.3.rel1.macos64_1.0.200.202406191456/tools/bin/../lib/gcc/arm-none-eabi/12.3.1/../../../../arm-none-eabi/lib/thumb/v7e-m+fp/hard/libm.a(libm_a-e_rem_pio2.o)
 .rodata.two_over_pi
                0x0800b7a0      0x108 /Applications/STM32CubeIDE.app/Contents/Eclipse/plugins/com.st.stm32cube.ide.mcu.externaltools.gnu-tools-for-stm32.12.3.rel1.macos64_1.0.200.202406191456/tools/bin/../lib/gcc/arm-none-eabi/12.3.1/../../../../arm-none-eabi/lib/thumb/v7e-m+fp/hard/libm.a(libm_a-e_rem_pio2.o)
 .rodata.PIo2   0x0800b8a8       0x40 /Applications/STM32CubeIDE.app/Contents/Eclipse/plugins/com.st.stm32cube.ide.mcu.externaltools.gnu-tools-for-stm32.12.3.rel1.macos64_1.0.200.202406191456/tools/bin/../lib/gcc/arm-none-eabi/12.3.1/../../../../arm-none-eabi/lib/thumb/v7e-m+fp/hard/libm.a(libm_a-k_rem_pio2.o)
 .rodata.init_jk
                0x0800b8e8       0x10 /Applications/STM32CubeIDE.app/Contents/Eclipse/plugins/com.st.stm32cube.ide.mcu.externaltools.gnu-tools-for-stm32.12.3.rel1.macos64_1.0.200.202406191456/tools/bin/../lib/gcc/arm-none-eabi/12.3.1/../../../../arm-none-eabi/lib/thumb/v7e-m+fp/hard/libm.a(libm_a-k_rem_pio2.o)
                0x0800b8f8                        . = ALIGN (0x4)

.ARM.extab      0x0800b8f8        0x0
                0x0800b8f8                        . = ALIGN (0x4)
 *(.ARM.extab* .gnu.linkonce.armextab.*)
                0x0800b8f8                        . = ALIGN (0x4)

.ARM            0x0800b8f8        0x8
                0x0800b8f8                        . = ALIGN (0x4)
                0x0800b8f8                        __exidx_start = .
 *(.ARM.exidx*)
 .ARM.exidx     0x0800b8f8        0x8 /Applications/STM32CubeIDE.app/Contents/Eclipse/plugins/com.st.stm32cube.ide.mcu.externaltools.gnu-tools-for-stm32.12.3.rel1.macos64_1.0.200.202406191456/tools/bin/../lib/gcc/arm-none-eabi/12.3.1/thumb/v7e-m+fp/hard/libgcc.a(_udivmoddi4.o)
                0x0800b900                        __exidx_end = .
                0x0800b900                        . = ALIGN (0x4)

.preinit_array  0x0800b900        0x0
                0x0800b900                        . = ALIGN (0x4)
                0x0800b900                        PROVIDE (__preinit_array_start = .)
 *(.preinit_array*)
                0x0800b900                        PROVIDE (__preinit_array_end = .)
                0x0800b900                        . = ALIGN (0x4)

.init_array     0x0800b900        0x4
                0x0800b900                        . = ALIGN (0x4)
                0x0800b900                        PROVIDE (__init_array_start = .)
 *(SORT_BY_NAME(.init_array.*))
 *(.init_array*)
 .init_array    0x0800b900        0x4 /Applications/STM32CubeIDE.app/Contents/Eclipse/plugins/com.st.stm32cube.ide.mcu.externaltools.gnu-tools-for-stm32.12.3.rel1.macos64_1.0.200.202406191456/tools/bin/../lib/gcc/arm-none-eabi/12.3.1/thumb/v7e-m+fp/hard/crtbegin.o
                0x0800b904                        PROVIDE (__init_array_end = .)
                0x0800b904                        . = ALIGN (0x4)

.fini_array     0x0800b904        0x4
                0x0800b904                        . = ALIGN (0x4)
                [!provide]                        PROVIDE (__fini_array_start = .)
 *(SORT_BY_NAME(.fini_array.*))
 *(.fini_array*)
 .fini_array    0x0800b904        0x4 /Applications/STM32CubeIDE.app/Contents/Eclipse/plugins/com.st.stm32cube.ide.mcu.externaltools.gnu-tools-for-stm32.12.3.rel1.macos64_1.0.200.202406191456/tools/bin/../lib/gcc/arm-none-eabi/12.3.1/thumb/v7e-m+fp/hard/crtbegin.o
                [!provide]                        PROVIDE (__fini_array_end = .)
                0x0800b908                        . = ALIGN (0x4)
                0x0800b908                        _sidata = LOADADDR (.data)

.rel.dyn        0x0800b908        0x0
 .rel.iplt      0x0800b908        0x0 /Applications/STM32CubeIDE.app/Contents/Eclipse/plugins/com.st.stm32cube.ide.mcu.externaltools.gnu-tools-for-stm32.12.3.rel1.macos64_1.0.200.202406191456/tools/bin/../lib/gcc/arm-none-eabi/12.3.1/thumb/v7e-m+fp/hard/crtbegin.o

.data           0x20000000       0x70 load address 0x0800b908
                0x20000000                        . = ALIGN (0x4)
                0x20000000                        _sdata = .
 *(.data)
 *(.data*)
 .data.SystemCoreClock
                0x20000000        0x4 ./Core/Src/system_stm32l4xx.o
                0x20000000                SystemCoreClock
 .data.uwTickPrio
                0x20000004        0x4 ./Drivers/STM32L4xx_HAL_Driver/Src/stm32l4xx_hal.o
                0x20000004                uwTickPrio
 .data.uwTickFreq
                0x20000008        0x1 ./Drivers/STM32L4xx_HAL_Driver/Src/stm32l4xx_hal.o
                0x20000008                uwTickFreq
 *fill*         0x20000009        0x3 
 .data.uxCriticalNesting
                0x2000000c        0x4 ./Middlewares/Third_Party/FreeRTOS/Source/portable/GCC/ARM_CM4F/port.o
 .data.tiny     0x20000010        0x8 /Applications/STM32CubeIDE.app/Contents/Eclipse/plugins/com.st.stm32cube.ide.mcu.externaltools.gnu-tools-for-stm32.12.3.rel1.macos64_1.0.200.202406191456/tools/bin/../lib/gcc/arm-none-eabi/12.3.1/../../../../arm-none-eabi/lib/thumb/v7e-m+fp/hard/libm.a(libm_a-e_sqrt.o)
 .data.one      0x20000018        0x8 /Applications/STM32CubeIDE.app/Contents/Eclipse/plugins/com.st.stm32cube.ide.mcu.externaltools.gnu-tools-for-stm32.12.3.rel1.macos64_1.0.200.202406191456/tools/bin/../lib/gcc/arm-none-eabi/12.3.1/../../../../arm-none-eabi/lib/thumb/v7e-m+fp/hard/libm.a(libm_a-e_sqrt.o)
 .data._impure_ptr
                0x20000020        0x4 /Applications/STM32CubeIDE.app/Contents/Eclipse/plugins/com.st.stm32cube.ide.mcu.externaltools.gnu-tools-for-stm32.12.3.rel1.macos64_1.0.200.202406191456/tools/bin/../lib/gcc/arm-none-eabi/12.3.1/../../../../arm-none-eabi/lib/thumb/v7e-m+fp/hard/libc_nano.a(libc_a-impure.o)
                0x20000020                _impure_ptr
 .data._impure_data
                0x20000024       0x4c /Applications/STM32CubeIDE.app/Contents/Eclipse/plugins/com.st.stm32cube.ide.mcu.externaltools.gnu-tools-for-stm32.12.3.rel1.macos64_1.0.200.202406191456/tools/bin/../lib/gcc/arm-none-eabi/12.3.1/../../../../arm-none-eabi/lib/thumb/v7e-m+fp/hard/libc_nano.a(libc_a-impure.o)
                0x20000024                _impure_data
 *(.RamFunc)
 *(.RamFunc*)
                0x20000070                        . = ALIGN (0x4)
                0x20000070                        _edata = .

.igot.plt       0x20000070        0x0 load address 0x0800b978
 .igot.plt      0x20000070        0x0 /Applications/STM32CubeIDE.app/Contents/Eclipse/plugins/com.st.stm32cube.ide.mcu.externaltools.gnu-tools-for-stm32.12.3.rel1.macos64_1.0.200.202406191456/tools/bin/../lib/gcc/arm-none-eabi/12.3.1/thumb/v7e-m+fp/hard/crtbegin.o
                0x20000070                        . = ALIGN (0x4)

.bss            0x20000070     0x6d30 load address 0x0800b978
                0x20000070                        _sbss = .
                0x20000070                        __bss_start__ = _sbss
 *(.bss)
 .bss           0x20000070       0x1c /Applications/STM32CubeIDE.app/Contents/Eclipse/plugins/com.st.stm32cube.ide.mcu.externaltools.gnu-tools-for-stm32.12.3.rel1.macos64_1.0.200.202406191456/tools/bin/../lib/gcc/arm-none-eabi/12.3.1/thumb/v7e-m+fp/hard/crtbegin.o
 *(.bss*)
 .bss.hi2c1     0x2000008c       0x54 ./Core/Src/main.o
                0x2000008c                hi2c1
 .bss.htim2     0x200000e0       0x4c ./Core/Src/main.o
                0x200000e0                htim2
 .bss.huart1    0x2000012c       0x88 ./Core/Src/main.o
                0x2000012c                huart1
 .bss.task_SelfGpsHandle
                0x200001b4        0x4 ./Core/Src/main.o
                0x200001b4                task_SelfGpsHandle
 .bss.task1Buffer
                0x200001b8      0x800 ./Core/Src/main.o
                0x200001b8                task1Buffer
 .bss.task1ControlBlock
                0x200009b8       0xa8 ./Core/Src/main.o
                0x200009b8                task1ControlBlock
 .bss.task_TargetGpsHandle
                0x20000a60        0x4 ./Core/Src/main.o
                0x20000a60                task_TargetGpsHandle
 .bss.task2Buffer
                0x20000a64      0x800 ./Core/Src/main.o
                0x20000a64                task2Buffer
 .bss.task2ControlBlock
                0x20001264       0xa8 ./Core/Src/main.o
                0x20001264                task2ControlBlock
 .bss.task_CalculateHandle
                0x2000130c        0x4 ./Core/Src/main.o
                0x2000130c                task_CalculateHandle
 .bss.task_CalculateBuffer
                0x20001310      0x800 ./Core/Src/main.o
                0x20001310                task_CalculateBuffer
 .bss.task_CalculateControlBlock
                0x20001b10       0xa8 ./Core/Src/main.o
                0x20001b10                task_CalculateControlBlock
 .bss.task_EncoderHandle
                0x20001bb8        0x4 ./Core/Src/main.o
                0x20001bb8                task_EncoderHandle
 .bss.task_EncoderBuffer
                0x20001bbc      0x800 ./Core/Src/main.o
                0x20001bbc                task_EncoderBuffer
 .bss.task_EncoderControlBlock
                0x200023bc       0xa8 ./Core/Src/main.o
                0x200023bc                task_EncoderControlBlock
 .bss.task_StepperHandle
                0x20002464        0x4 ./Core/Src/main.o
                0x20002464                task_StepperHandle
 .bss.task_StepperBuffer
                0x20002468      0x800 ./Core/Src/main.o
                0x20002468                task_StepperBuffer
 .bss.task_StepperControlBlock
                0x20002c68       0xa8 ./Core/Src/main.o
                0x20002c68                task_StepperControlBlock
 .bss.task_ServoHandle
                0x20002d10        0x4 ./Core/Src/main.o
                0x20002d10                task_ServoHandle
 .bss.task_ServoBuffer
                0x20002d14      0x800 ./Core/Src/main.o
                0x20002d14                task_ServoBuffer
 .bss.task_ServoControlBlock
                0x20003514       0xa8 ./Core/Src/main.o
                0x20003514                task_ServoControlBlock
 .bss.uartMutexHandle
                0x200035bc        0x4 ./Core/Src/main.o
                0x200035bc                uartMutexHandle
 .bss.uartMutexControlBlock
                0x200035c0       0x50 ./Core/Src/main.o
                0x200035c0                uartMutexControlBlock
 .bss.gpsDataMutexHandle
                0x20003610        0x4 ./Core/Src/main.o
                0x20003610                gpsDataMutexHandle
 .bss.gpsDataMutexControlBlock
                0x20003614       0x50 ./Core/Src/main.o
                0x20003614                gpsDataMutexControlBlock
 .bss.targetPositionMutexHandle
                0x20003664        0x4 ./Core/Src/main.o
                0x20003664                targetPositionMutexHandle
 .bss.targetPositionMutexControlBlock
                0x20003668       0x50 ./Core/Src/main.o
                0x20003668                targetPositionMutexControlBlock
 .bss.encoderPositionMutexHandle
                0x200036b8        0x4 ./Core/Src/main.o
                0x200036b8                encoderPositionMutexHandle
 .bss.encoderPositionMutexControlBlock
                0x200036bc       0x50 ./Core/Src/main.o
                0x200036bc                encoderPositionMutexControlBlock
 *fill*         0x2000370c        0x4 
 .bss.current_angle
                0x20003710        0x8 ./Core/Src/stepper.o
 .bss.htim6     0x20003718       0x4c ./Core/Src/stm32l4xx_hal_timebase_tim.o
                0x20003718                htim6
 .bss.uwTick    0x20003764        0x4 ./Drivers/STM32L4xx_HAL_Driver/Src/stm32l4xx_hal.o
                0x20003764                uwTick
 .bss.KernelState
                0x20003768        0x4 ./Middlewares/Third_Party/FreeRTOS/Source/CMSIS_RTOS_V2/cmsis_os2.o
 .bss.Idle_TCB.3
                0x2000376c       0xa8 ./Middlewares/Third_Party/FreeRTOS/Source/CMSIS_RTOS_V2/cmsis_os2.o
 .bss.Idle_Stack.2
                0x20003814      0x200 ./Middlewares/Third_Party/FreeRTOS/Source/CMSIS_RTOS_V2/cmsis_os2.o
 .bss.Timer_TCB.1
                0x20003a14       0xa8 ./Middlewares/Third_Party/FreeRTOS/Source/CMSIS_RTOS_V2/cmsis_os2.o
 .bss.Timer_Stack.0
                0x20003abc      0x400 ./Middlewares/Third_Party/FreeRTOS/Source/CMSIS_RTOS_V2/cmsis_os2.o
 .bss.xQueueRegistry
                0x20003ebc       0x40 ./Middlewares/Third_Party/FreeRTOS/Source/queue.o
                0x20003ebc                xQueueRegistry
 .bss.pxCurrentTCB
                0x20003efc        0x4 ./Middlewares/Third_Party/FreeRTOS/Source/tasks.o
                0x20003efc                pxCurrentTCB
 .bss.pxReadyTasksLists
                0x20003f00      0x460 ./Middlewares/Third_Party/FreeRTOS/Source/tasks.o
 .bss.xDelayedTaskList1
                0x20004360       0x14 ./Middlewares/Third_Party/FreeRTOS/Source/tasks.o
 .bss.xDelayedTaskList2
                0x20004374       0x14 ./Middlewares/Third_Party/FreeRTOS/Source/tasks.o
 .bss.pxDelayedTaskList
                0x20004388        0x4 ./Middlewares/Third_Party/FreeRTOS/Source/tasks.o
 .bss.pxOverflowDelayedTaskList
                0x2000438c        0x4 ./Middlewares/Third_Party/FreeRTOS/Source/tasks.o
 .bss.xPendingReadyList
                0x20004390       0x14 ./Middlewares/Third_Party/FreeRTOS/Source/tasks.o
 .bss.xTasksWaitingTermination
                0x200043a4       0x14 ./Middlewares/Third_Party/FreeRTOS/Source/tasks.o
 .bss.uxDeletedTasksWaitingCleanUp
                0x200043b8        0x4 ./Middlewares/Third_Party/FreeRTOS/Source/tasks.o
 .bss.xSuspendedTaskList
                0x200043bc       0x14 ./Middlewares/Third_Party/FreeRTOS/Source/tasks.o
 .bss.uxCurrentNumberOfTasks
                0x200043d0        0x4 ./Middlewares/Third_Party/FreeRTOS/Source/tasks.o
 .bss.xTickCount
                0x200043d4        0x4 ./Middlewares/Third_Party/FreeRTOS/Source/tasks.o
 .bss.uxTopReadyPriority
                0x200043d8        0x4 ./Middlewares/Third_Party/FreeRTOS/Source/tasks.o
 .bss.xSchedulerRunning
                0x200043dc        0x4 ./Middlewares/Third_Party/FreeRTOS/Source/tasks.o
 .bss.xPendedTicks
                0x200043e0        0x4 ./Middlewares/Third_Party/FreeRTOS/Source/tasks.o
 .bss.xYieldPending
                0x200043e4        0x4 ./Middlewares/Third_Party/FreeRTOS/Source/tasks.o
 .bss.xNumOfOverflows
                0x200043e8        0x4 ./Middlewares/Third_Party/FreeRTOS/Source/tasks.o
 .bss.uxTaskNumber
                0x200043ec        0x4 ./Middlewares/Third_Party/FreeRTOS/Source/tasks.o
 .bss.xNextTaskUnblockTime
                0x200043f0        0x4 ./Middlewares/Third_Party/FreeRTOS/Source/tasks.o
 .bss.xIdleTaskHandle
                0x200043f4        0x4 ./Middlewares/Third_Party/FreeRTOS/Source/tasks.o
 .bss.uxSchedulerSuspended
                0x200043f8        0x4 ./Middlewares/Third_Party/FreeRTOS/Source/tasks.o
 .bss.xActiveTimerList1
                0x200043fc       0x14 ./Middlewares/Third_Party/FreeRTOS/Source/timers.o
 .bss.xActiveTimerList2
                0x20004410       0x14 ./Middlewares/Third_Party/FreeRTOS/Source/timers.o
 .bss.pxCurrentTimerList
                0x20004424        0x4 ./Middlewares/Third_Party/FreeRTOS/Source/timers.o
 .bss.pxOverflowTimerList
                0x20004428        0x4 ./Middlewares/Third_Party/FreeRTOS/Source/timers.o
 .bss.xTimerQueue
                0x2000442c        0x4 ./Middlewares/Third_Party/FreeRTOS/Source/timers.o
 .bss.xTimerTaskHandle
                0x20004430        0x4 ./Middlewares/Third_Party/FreeRTOS/Source/timers.o
 .bss.xLastTime.2
                0x20004434        0x4 ./Middlewares/Third_Party/FreeRTOS/Source/timers.o
 .bss.ucStaticTimerQueueStorage.1
                0x20004438       0xa0 ./Middlewares/Third_Party/FreeRTOS/Source/timers.o
 .bss.xStaticTimerQueue.0
                0x200044d8       0x50 ./Middlewares/Third_Party/FreeRTOS/Source/timers.o
 .bss.ucMaxSysCallPriority
                0x20004528        0x1 ./Middlewares/Third_Party/FreeRTOS/Source/portable/GCC/ARM_CM4F/port.o
 *fill*         0x20004529        0x3 
 .bss.ulMaxPRIGROUPValue
                0x2000452c        0x4 ./Middlewares/Third_Party/FreeRTOS/Source/portable/GCC/ARM_CM4F/port.o
 .bss.ucHeap    0x20004530     0x2710 ./Middlewares/Third_Party/FreeRTOS/Source/portable/MemMang/heap_4.o
 .bss.xStart    0x20006c40        0x8 ./Middlewares/Third_Party/FreeRTOS/Source/portable/MemMang/heap_4.o
 .bss.pxEnd     0x20006c48        0x4 ./Middlewares/Third_Party/FreeRTOS/Source/portable/MemMang/heap_4.o
 .bss.xFreeBytesRemaining
                0x20006c4c        0x4 ./Middlewares/Third_Party/FreeRTOS/Source/portable/MemMang/heap_4.o
 .bss.xMinimumEverFreeBytesRemaining
                0x20006c50        0x4 ./Middlewares/Third_Party/FreeRTOS/Source/portable/MemMang/heap_4.o
 .bss.xNumberOfSuccessfulAllocations
                0x20006c54        0x4 ./Middlewares/Third_Party/FreeRTOS/Source/portable/MemMang/heap_4.o
 .bss.xNumberOfSuccessfulFrees
                0x20006c58        0x4 ./Middlewares/Third_Party/FreeRTOS/Source/portable/MemMang/heap_4.o
 .bss.xBlockAllocatedBit
                0x20006c5c        0x4 ./Middlewares/Third_Party/FreeRTOS/Source/portable/MemMang/heap_4.o
 .bss.__sf      0x20006c60      0x138 /Applications/STM32CubeIDE.app/Contents/Eclipse/plugins/com.st.stm32cube.ide.mcu.externaltools.gnu-tools-for-stm32.12.3.rel1.macos64_1.0.200.202406191456/tools/bin/../lib/gcc/arm-none-eabi/12.3.1/../../../../arm-none-eabi/lib/thumb/v7e-m+fp/hard/libc_nano.a(libc_a-findfp.o)
                0x20006c60                __sf
 .bss.__lock___malloc_recursive_mutex
                0x20006d98        0x1 /Applications/STM32CubeIDE.app/Contents/Eclipse/plugins/com.st.stm32cube.ide.mcu.externaltools.gnu-tools-for-stm32.12.3.rel1.macos64_1.0.200.202406191456/tools/bin/../lib/gcc/arm-none-eabi/12.3.1/../../../../arm-none-eabi/lib/thumb/v7e-m+fp/hard/libc_nano.a(libc_a-lock.o)
                0x20006d98                __lock___malloc_recursive_mutex
 *fill*         0x20006d99        0x3 
 .bss.__malloc_free_list
                0x20006d9c        0x4 /Applications/STM32CubeIDE.app/Contents/Eclipse/plugins/com.st.stm32cube.ide.mcu.externaltools.gnu-tools-for-stm32.12.3.rel1.macos64_1.0.200.202406191456/tools/bin/../lib/gcc/arm-none-eabi/12.3.1/../../../../arm-none-eabi/lib/thumb/v7e-m+fp/hard/libc_nano.a(libc_a-mallocr.o)
                0x20006d9c                __malloc_free_list
 *(COMMON)
                0x20006da0                        . = ALIGN (0x4)
                0x20006da0                        _ebss = .
                0x20006da0                        __bss_end__ = _ebss

._user_heap_stack
                0x20006da0      0x600 load address 0x0800b978
                0x20006da0                        . = ALIGN (0x8)
                [!provide]                        PROVIDE (end = .)
                0x20006da0                        PROVIDE (_end = .)
                0x20006fa0                        . = (. + _Min_Heap_Size)
 *fill*         0x20006da0      0x200 
                0x200073a0                        . = (. + _Min_Stack_Size)
 *fill*         0x20006fa0      0x400 
                0x200073a0                        . = ALIGN (0x8)

/DISCARD/
 libc.a(*)
 libm.a(*)
 libgcc.a(*)

.ARM.attributes
                0x00000000       0x30
 *(.ARM.attributes)
 .ARM.attributes
                0x00000000       0x22 /Applications/STM32CubeIDE.app/Contents/Eclipse/plugins/com.st.stm32cube.ide.mcu.externaltools.gnu-tools-for-stm32.12.3.rel1.macos64_1.0.200.202406191456/tools/bin/../lib/gcc/arm-none-eabi/12.3.1/thumb/v7e-m+fp/hard/crti.o
 .ARM.attributes
                0x00000022       0x34 /Applications/STM32CubeIDE.app/Contents/Eclipse/plugins/com.st.stm32cube.ide.mcu.externaltools.gnu-tools-for-stm32.12.3.rel1.macos64_1.0.200.202406191456/tools/bin/../lib/gcc/arm-none-eabi/12.3.1/thumb/v7e-m+fp/hard/crtbegin.o
 .ARM.attributes
                0x00000056       0x34 ./Core/Src/MAX_M8C.o
 .ARM.attributes
                0x0000008a       0x34 ./Core/Src/calculate.o
 .ARM.attributes
                0x000000be       0x34 ./Core/Src/encoder.o
 .ARM.attributes
                0x000000f2       0x34 ./Core/Src/main.o
 .ARM.attributes
                0x00000126       0x34 ./Core/Src/self_gps.o
 .ARM.attributes
                0x0000015a       0x34 ./Core/Src/servo.o
 .ARM.attributes
                0x0000018e       0x34 ./Core/Src/stepper.o
 .ARM.attributes
                0x000001c2       0x34 ./Core/Src/stm32l4xx_hal_msp.o
 .ARM.attributes
                0x000001f6       0x34 ./Core/Src/stm32l4xx_hal_timebase_tim.o
 .ARM.attributes
                0x0000022a       0x34 ./Core/Src/stm32l4xx_it.o
 .ARM.attributes
                0x0000025e       0x34 ./Core/Src/system_stm32l4xx.o
 .ARM.attributes
                0x00000292       0x34 ./Core/Src/target_gps.o
 .ARM.attributes
                0x000002c6       0x21 ./Core/Startup/startup_stm32l433cctx.o
 .ARM.attributes
                0x000002e7       0x34 ./Drivers/STM32L4xx_HAL_Driver/Src/stm32l4xx_hal.o
 .ARM.attributes
                0x0000031b       0x34 ./Drivers/STM32L4xx_HAL_Driver/Src/stm32l4xx_hal_cortex.o
 .ARM.attributes
                0x0000034f       0x34 ./Drivers/STM32L4xx_HAL_Driver/Src/stm32l4xx_hal_gpio.o
 .ARM.attributes
                0x00000383       0x34 ./Drivers/STM32L4xx_HAL_Driver/Src/stm32l4xx_hal_i2c.o
 .ARM.attributes
                0x000003b7       0x34 ./Drivers/STM32L4xx_HAL_Driver/Src/stm32l4xx_hal_i2c_ex.o
 .ARM.attributes
                0x000003eb       0x34 ./Drivers/STM32L4xx_HAL_Driver/Src/stm32l4xx_hal_pwr_ex.o
 .ARM.attributes
                0x0000041f       0x34 ./Drivers/STM32L4xx_HAL_Driver/Src/stm32l4xx_hal_rcc.o
 .ARM.attributes
                0x00000453       0x34 ./Drivers/STM32L4xx_HAL_Driver/Src/stm32l4xx_hal_rcc_ex.o
 .ARM.attributes
                0x00000487       0x34 ./Drivers/STM32L4xx_HAL_Driver/Src/stm32l4xx_hal_tim.o
 .ARM.attributes
                0x000004bb       0x34 ./Drivers/STM32L4xx_HAL_Driver/Src/stm32l4xx_hal_tim_ex.o
 .ARM.attributes
                0x000004ef       0x34 ./Drivers/STM32L4xx_HAL_Driver/Src/stm32l4xx_hal_uart.o
 .ARM.attributes
                0x00000523       0x34 ./Middlewares/Third_Party/FreeRTOS/Source/CMSIS_RTOS_V2/cmsis_os2.o
 .ARM.attributes
                0x00000557       0x34 ./Middlewares/Third_Party/FreeRTOS/Source/list.o
 .ARM.attributes
                0x0000058b       0x34 ./Middlewares/Third_Party/FreeRTOS/Source/queue.o
 .ARM.attributes
                0x000005bf       0x34 ./Middlewares/Third_Party/FreeRTOS/Source/tasks.o
 .ARM.attributes
                0x000005f3       0x34 ./Middlewares/Third_Party/FreeRTOS/Source/timers.o
 .ARM.attributes
                0x00000627       0x34 ./Middlewares/Third_Party/FreeRTOS/Source/portable/GCC/ARM_CM4F/port.o
 .ARM.attributes
                0x0000065b       0x34 ./Middlewares/Third_Party/FreeRTOS/Source/portable/MemMang/heap_4.o
 .ARM.attributes
                0x0000068f       0x34 /Applications/STM32CubeIDE.app/Contents/Eclipse/plugins/com.st.stm32cube.ide.mcu.externaltools.gnu-tools-for-stm32.12.3.rel1.macos64_1.0.200.202406191456/tools/bin/../lib/gcc/arm-none-eabi/12.3.1/../../../../arm-none-eabi/lib/thumb/v7e-m+fp/hard/libm.a(libm_a-w_atan2.o)
 .ARM.attributes
                0x000006c3       0x34 /Applications/STM32CubeIDE.app/Contents/Eclipse/plugins/com.st.stm32cube.ide.mcu.externaltools.gnu-tools-for-stm32.12.3.rel1.macos64_1.0.200.202406191456/tools/bin/../lib/gcc/arm-none-eabi/12.3.1/../../../../arm-none-eabi/lib/thumb/v7e-m+fp/hard/libm.a(libm_a-e_atan2.o)
 .ARM.attributes
                0x000006f7       0x34 /Applications/STM32CubeIDE.app/Contents/Eclipse/plugins/com.st.stm32cube.ide.mcu.externaltools.gnu-tools-for-stm32.12.3.rel1.macos64_1.0.200.202406191456/tools/bin/../lib/gcc/arm-none-eabi/12.3.1/../../../../arm-none-eabi/lib/thumb/v7e-m+fp/hard/libm.a(libm_a-w_sqrt.o)
 .ARM.attributes
                0x0000072b       0x34 /Applications/STM32CubeIDE.app/Contents/Eclipse/plugins/com.st.stm32cube.ide.mcu.externaltools.gnu-tools-for-stm32.12.3.rel1.macos64_1.0.200.202406191456/tools/bin/../lib/gcc/arm-none-eabi/12.3.1/../../../../arm-none-eabi/lib/thumb/v7e-m+fp/hard/libm.a(libm_a-s_atan.o)
 .ARM.attributes
                0x0000075f       0x34 /Applications/STM32CubeIDE.app/Contents/Eclipse/plugins/com.st.stm32cube.ide.mcu.externaltools.gnu-tools-for-stm32.12.3.rel1.macos64_1.0.200.202406191456/tools/bin/../lib/gcc/arm-none-eabi/12.3.1/../../../../arm-none-eabi/lib/thumb/v7e-m+fp/hard/libm.a(libm_a-s_cos.o)
 .ARM.attributes
                0x00000793       0x34 /Applications/STM32CubeIDE.app/Contents/Eclipse/plugins/com.st.stm32cube.ide.mcu.externaltools.gnu-tools-for-stm32.12.3.rel1.macos64_1.0.200.202406191456/tools/bin/../lib/gcc/arm-none-eabi/12.3.1/../../../../arm-none-eabi/lib/thumb/v7e-m+fp/hard/libm.a(libm_a-s_fabs.o)
 .ARM.attributes
                0x000007c7       0x34 /Applications/STM32CubeIDE.app/Contents/Eclipse/plugins/com.st.stm32cube.ide.mcu.externaltools.gnu-tools-for-stm32.12.3.rel1.macos64_1.0.200.202406191456/tools/bin/../lib/gcc/arm-none-eabi/12.3.1/../../../../arm-none-eabi/lib/thumb/v7e-m+fp/hard/libm.a(libm_a-s_sin.o)
 .ARM.attributes
                0x000007fb       0x34 /Applications/STM32CubeIDE.app/Contents/Eclipse/plugins/com.st.stm32cube.ide.mcu.externaltools.gnu-tools-for-stm32.12.3.rel1.macos64_1.0.200.202406191456/tools/bin/../lib/gcc/arm-none-eabi/12.3.1/../../../../arm-none-eabi/lib/thumb/v7e-m+fp/hard/libm.a(libm_a-e_sqrt.o)
 .ARM.attributes
                0x0000082f       0x34 /Applications/STM32CubeIDE.app/Contents/Eclipse/plugins/com.st.stm32cube.ide.mcu.externaltools.gnu-tools-for-stm32.12.3.rel1.macos64_1.0.200.202406191456/tools/bin/../lib/gcc/arm-none-eabi/12.3.1/../../../../arm-none-eabi/lib/thumb/v7e-m+fp/hard/libm.a(libm_a-e_rem_pio2.o)
 .ARM.attributes
                0x00000863       0x34 /Applications/STM32CubeIDE.app/Contents/Eclipse/plugins/com.st.stm32cube.ide.mcu.externaltools.gnu-tools-for-stm32.12.3.rel1.macos64_1.0.200.202406191456/tools/bin/../lib/gcc/arm-none-eabi/12.3.1/../../../../arm-none-eabi/lib/thumb/v7e-m+fp/hard/libm.a(libm_a-k_rem_pio2.o)
 .ARM.attributes
                0x00000897       0x34 /Applications/STM32CubeIDE.app/Contents/Eclipse/plugins/com.st.stm32cube.ide.mcu.externaltools.gnu-tools-for-stm32.12.3.rel1.macos64_1.0.200.202406191456/tools/bin/../lib/gcc/arm-none-eabi/12.3.1/../../../../arm-none-eabi/lib/thumb/v7e-m+fp/hard/libm.a(libm_a-k_cos.o)
 .ARM.attributes
                0x000008cb       0x34 /Applications/STM32CubeIDE.app/Contents/Eclipse/plugins/com.st.stm32cube.ide.mcu.externaltools.gnu-tools-for-stm32.12.3.rel1.macos64_1.0.200.202406191456/tools/bin/../lib/gcc/arm-none-eabi/12.3.1/../../../../arm-none-eabi/lib/thumb/v7e-m+fp/hard/libm.a(libm_a-k_sin.o)
 .ARM.attributes
                0x000008ff       0x34 /Applications/STM32CubeIDE.app/Contents/Eclipse/plugins/com.st.stm32cube.ide.mcu.externaltools.gnu-tools-for-stm32.12.3.rel1.macos64_1.0.200.202406191456/tools/bin/../lib/gcc/arm-none-eabi/12.3.1/../../../../arm-none-eabi/lib/thumb/v7e-m+fp/hard/libm.a(libm_a-s_scalbn.o)
 .ARM.attributes