../Core/Src/main.c:189:5:main	96	static
../Core/Src/main.c:301:6:SystemClock_Config	96	static
../Core/Src/main.c:346:13:MX_I2C1_Init	8	static
../Core/Src/main.c:394:13:MX_USART1_UART_Init	8	static
../Core/Src/main.c:429:13:MX_GPIO_Init	40	static
../Core/Src/main.c:483:6:task_entry_SelfGps	16	static
../Core/Src/main.c:503:6:task_entry_TargetGps	16	static
../Core/Src/main.c:523:6:task_entry_Calculate	16	static
../Core/Src/main.c:542:6:task_entry_Encoder	16	static
../Core/Src/main.c:562:6:task_entry_Stepper	16	static
../Core/Src/main.c:582:6:task_entry_Servo	16	static
../Core/Src/main.c:603:6:HAL_TIM_PeriodElapsedCallback	16	static
../Core/Src/main.c:620:6:Error_Handler	4	static,ignoring_inline_asm
