../Core/Src/main.c:192:5:main	96	static
../Core/Src/main.c:305:6:SystemClock_Config	96	static
../Core/Src/main.c:350:13:MX_I2C1_Init	8	static
../Core/Src/main.c:398:13:MX_TIM2_Init	64	static
../Core/Src/main.c:457:13:MX_USART1_UART_Init	8	static
../Core/Src/main.c:492:13:MX_GPIO_Init	40	static
../Core/Src/main.c:546:6:task_entry_SelfGps	16	static
../Core/Src/main.c:566:6:task_entry_TargetGps	16	static
../Core/Src/main.c:586:6:task_entry_Calculate	16	static
../Core/Src/main.c:605:6:task_entry_Encoder	16	static
../Core/Src/main.c:625:6:task_entry_Stepper	16	static
../Core/Src/main.c:645:6:task_entry_Servo	16	static
../Core/Src/main.c:666:6:HAL_TIM_PeriodElapsedCallback	16	static
../Core/Src/main.c:683:6:Error_Handler	4	static,ignoring_inline_asm
