Archive member included to satisfy reference by file (symbol)

/Applications/STM32CubeIDE.app/Contents/Eclipse/plugins/com.st.stm32cube.ide.mcu.externaltools.gnu-tools-for-stm32.12.3.rel1.macos64_1.0.200.202406191456/tools/bin/../lib/gcc/arm-none-eabi/12.3.1/../../../../arm-none-eabi/lib/thumb/v7e-m+fp/hard/libc_nano.a(libc_a-exit.o)
                              /Applications/STM32CubeIDE.app/Contents/Eclipse/plugins/com.st.stm32cube.ide.mcu.externaltools.gnu-tools-for-stm32.12.3.rel1.macos64_1.0.200.202406191456/tools/bin/../lib/gcc/arm-none-eabi/12.3.1/../../../../arm-none-eabi/lib/thumb/v7e-m+fp/hard/crt0.o (exit)
/Applications/STM32CubeIDE.app/Contents/Eclipse/plugins/com.st.stm32cube.ide.mcu.externaltools.gnu-tools-for-stm32.12.3.rel1.macos64_1.0.200.202406191456/tools/bin/../lib/gcc/arm-none-eabi/12.3.1/../../../../arm-none-eabi/lib/thumb/v7e-m+fp/hard/libc_nano.a(libc_a-findfp.o)
                              ./Middlewares/Third_Party/FreeRTOS/Source/tasks.o (__sf)
/Applications/STM32CubeIDE.app/Contents/Eclipse/plugins/com.st.stm32cube.ide.mcu.externaltools.gnu-tools-for-stm32.12.3.rel1.macos64_1.0.200.202406191456/tools/bin/../lib/gcc/arm-none-eabi/12.3.1/../../../../arm-none-eabi/lib/thumb/v7e-m+fp/hard/libc_nano.a(libc_a-fwalk.o)
                              /Applications/STM32CubeIDE.app/Contents/Eclipse/plugins/com.st.stm32cube.ide.mcu.externaltools.gnu-tools-for-stm32.12.3.rel1.macos64_1.0.200.202406191456/tools/bin/../lib/gcc/arm-none-eabi/12.3.1/../../../../arm-none-eabi/lib/thumb/v7e-m+fp/hard/libc_nano.a(libc_a-findfp.o) (_fwalk_sglue)
/Applications/STM32CubeIDE.app/Contents/Eclipse/plugins/com.st.stm32cube.ide.mcu.externaltools.gnu-tools-for-stm32.12.3.rel1.macos64_1.0.200.202406191456/tools/bin/../lib/gcc/arm-none-eabi/12.3.1/../../../../arm-none-eabi/lib/thumb/v7e-m+fp/hard/libc_nano.a(libc_a-memset.o)
                              /Applications/STM32CubeIDE.app/Contents/Eclipse/plugins/com.st.stm32cube.ide.mcu.externaltools.gnu-tools-for-stm32.12.3.rel1.macos64_1.0.200.202406191456/tools/bin/../lib/gcc/arm-none-eabi/12.3.1/../../../../arm-none-eabi/lib/thumb/v7e-m+fp/hard/crt0.o (memset)
/Applications/STM32CubeIDE.app/Contents/Eclipse/plugins/com.st.stm32cube.ide.mcu.externaltools.gnu-tools-for-stm32.12.3.rel1.macos64_1.0.200.202406191456/tools/bin/../lib/gcc/arm-none-eabi/12.3.1/../../../../arm-none-eabi/lib/thumb/v7e-m+fp/hard/libc_nano.a(libc_a-reent.o)
                              ./Middlewares/Third_Party/FreeRTOS/Source/tasks.o (_reclaim_reent)
/Applications/STM32CubeIDE.app/Contents/Eclipse/plugins/com.st.stm32cube.ide.mcu.externaltools.gnu-tools-for-stm32.12.3.rel1.macos64_1.0.200.202406191456/tools/bin/../lib/gcc/arm-none-eabi/12.3.1/../../../../arm-none-eabi/lib/thumb/v7e-m+fp/hard/libc_nano.a(libc_a-impure.o)
                              ./Middlewares/Third_Party/FreeRTOS/Source/tasks.o (_impure_ptr)
/Applications/STM32CubeIDE.app/Contents/Eclipse/plugins/com.st.stm32cube.ide.mcu.externaltools.gnu-tools-for-stm32.12.3.rel1.macos64_1.0.200.202406191456/tools/bin/../lib/gcc/arm-none-eabi/12.3.1/../../../../arm-none-eabi/lib/thumb/v7e-m+fp/hard/libc_nano.a(libc_a-errno.o)
                              ./Core/Src/syscalls.o (__errno)
/Applications/STM32CubeIDE.app/Contents/Eclipse/plugins/com.st.stm32cube.ide.mcu.externaltools.gnu-tools-for-stm32.12.3.rel1.macos64_1.0.200.202406191456/tools/bin/../lib/gcc/arm-none-eabi/12.3.1/../../../../arm-none-eabi/lib/thumb/v7e-m+fp/hard/libc_nano.a(libc_a-init.o)
                              /Applications/STM32CubeIDE.app/Contents/Eclipse/plugins/com.st.stm32cube.ide.mcu.externaltools.gnu-tools-for-stm32.12.3.rel1.macos64_1.0.200.202406191456/tools/bin/../lib/gcc/arm-none-eabi/12.3.1/../../../../arm-none-eabi/lib/thumb/v7e-m+fp/hard/crt0.o (__libc_init_array)
/Applications/STM32CubeIDE.app/Contents/Eclipse/plugins/com.st.stm32cube.ide.mcu.externaltools.gnu-tools-for-stm32.12.3.rel1.macos64_1.0.200.202406191456/tools/bin/../lib/gcc/arm-none-eabi/12.3.1/../../../../arm-none-eabi/lib/thumb/v7e-m+fp/hard/libc_nano.a(libc_a-lock.o)
                              /Applications/STM32CubeIDE.app/Contents/Eclipse/plugins/com.st.stm32cube.ide.mcu.externaltools.gnu-tools-for-stm32.12.3.rel1.macos64_1.0.200.202406191456/tools/bin/../lib/gcc/arm-none-eabi/12.3.1/../../../../arm-none-eabi/lib/thumb/v7e-m+fp/hard/libc_nano.a(libc_a-findfp.o) (__retarget_lock_init_recursive)
/Applications/STM32CubeIDE.app/Contents/Eclipse/plugins/com.st.stm32cube.ide.mcu.externaltools.gnu-tools-for-stm32.12.3.rel1.macos64_1.0.200.202406191456/tools/bin/../lib/gcc/arm-none-eabi/12.3.1/../../../../arm-none-eabi/lib/thumb/v7e-m+fp/hard/libc_nano.a(libc_a-memcpy-stub.o)
                              ./Middlewares/Third_Party/FreeRTOS/Source/CMSIS_RTOS_V2/cmsis_os2.o (memcpy)
[...]
Memory Configuration

Name             Origin             Length             Attributes
RAM              0x20000000         0x00010000         xrw
RAM2             0x10000000         0x00004000         xrw
FLASH            0x08000000         0x00040000         xr
*default*        0x00000000         0xffffffff

Linker script and memory map

LOAD /Applications/STM32CubeIDE.app/Contents/Eclipse/plugins/com.st.stm32cube.ide.mcu.externaltools.gnu-tools-for-stm32.12.3.rel1.macos64_1.0.200.202406191456/tools/bin/../lib/gcc/arm-none-eabi/12.3.1/thumb/v7e-m+fp/hard/crti.o
LOAD /Applications/STM32CubeIDE.app/Contents/Eclipse/plugins/com.st.stm32cube.ide.mcu.externaltools.gnu-tools-for-stm32.12.3.rel1.macos64_1.0.200.202406191456/tools/bin/../lib/gcc/arm-none-eabi/12.3.1/thumb/v7e-m+fp/hard/crtbegin.o
LOAD /Applications/STM32CubeIDE.app/Contents/Eclipse/plugins/com.st.stm32cube.ide.mcu.externaltools.gnu-tools-for-stm32.12.3.rel1.macos64_1.0.200.202406191456/tools/bin/../lib/gcc/arm-none-eabi/12.3.1/../../../../arm-none-eabi/lib/thumb/v7e-m+fp/hard/crt0.o
LOAD ./Core/Src/calculate.o
LOAD ./Core/Src/encoder.o
LOAD ./Core/Src/freertos.o
LOAD ./Core/Src/main.o
LOAD ./Core/Src/self_gps.o
LOAD ./Core/Src/servo.o
LOAD ./Core/Src/stepper.o
LOAD ./Core/Src/stm32l4xx_hal_msp.o
LOAD ./Core/Src/stm32l4xx_hal_timebase_tim.o
LOAD ./Core/Src/stm32l4xx_it.o
LOAD ./Core/Src/syscalls.o
LOAD ./Core/Src/sysmem.o
LOAD ./Core/Src/system_stm32l4xx.o
LOAD ./Core/Src/target_gps.o
LOAD ./Core/Startup/startup_stm32l433cctx.o
LOAD ./Drivers/STM32L4xx_HAL_Driver/Src/stm32l4xx_hal.o
LOAD ./Drivers/STM32L4xx_HAL_Driver/Src/stm32l4xx_hal_cortex.o
LOAD ./Drivers/STM32L4xx_HAL_Driver/Src/stm32l4xx_hal_dma.o
LOAD ./Drivers/STM32L4xx_HAL_Driver/Src/stm32l4xx_hal_dma_ex.o
LOAD ./Drivers/STM32L4xx_HAL_Driver/Src/stm32l4xx_hal_exti.o
LOAD ./Drivers/STM32L4xx_HAL_Driver/Src/stm32l4xx_hal_flash.o
LOAD ./Drivers/STM32L4xx_HAL_Driver/Src/stm32l4xx_hal_flash_ex.o
LOAD ./Drivers/STM32L4xx_HAL_Driver/Src/stm32l4xx_hal_flash_ramfunc.o
LOAD ./Drivers/STM32L4xx_HAL_Driver/Src/stm32l4xx_hal_gpio.o
LOAD ./Drivers/STM32L4xx_HAL_Driver/Src/stm32l4xx_hal_i2c.o
LOAD ./Drivers/STM32L4xx_HAL_Driver/Src/stm32l4xx_hal_i2c_ex.o
LOAD ./Drivers/STM32L4xx_HAL_Driver/Src/stm32l4xx_hal_pwr.o
LOAD ./Drivers/STM32L4xx_HAL_Driver/Src/stm32l4xx_hal_pwr_ex.o
LOAD ./Drivers/STM32L4xx_HAL_Driver/Src/stm32l4xx_hal_rcc.o
LOAD ./Drivers/STM32L4xx_HAL_Driver/Src/stm32l4xx_hal_rcc_ex.o
LOAD ./Drivers/STM32L4xx_HAL_Driver/Src/stm32l4xx_hal_tim.o
LOAD ./Drivers/STM32L4xx_HAL_Driver/Src/stm32l4xx_hal_tim_ex.o
LOAD ./Drivers/STM32L4xx_HAL_Driver/Src/stm32l4xx_hal_uart.o
LOAD ./Drivers/STM32L4xx_HAL_Driver/Src/stm32l4xx_hal_uart_ex.o
LOAD ./Middlewares/Third_Party/FreeRTOS/Source/CMSIS_RTOS_V2/cmsis_os2.o
LOAD ./Middlewares/Third_Party/FreeRTOS/Source/croutine.o
LOAD ./Middlewares/Third_Party/FreeRTOS/Source/event_groups.o
LOAD ./Middlewares/Third_Party/FreeRTOS/Source/list.o
LOAD ./Middlewares/Third_Party/FreeRTOS/Source/queue.o
LOAD ./Middlewares/Third_Party/FreeRTOS/Source/stream_buffer.o
LOAD ./Middlewares/Third_Party/FreeRTOS/Source/tasks.o
LOAD ./Middlewares/Third_Party/FreeRTOS/Source/timers.o
LOAD ./Middlewares/Third_Party/FreeRTOS/Source/portable/GCC/ARM_CM4F/port.o
LOAD ./Middlewares/Third_Party/FreeRTOS/Source/portable/MemMang/heap_4.o
START GROUP
LOAD /Applications/STM32CubeIDE.app/Contents/Eclipse/plugins/com.st.stm32cube.ide.mcu.externaltools.gnu-tools-for-stm32.12.3.rel1.macos64_1.0.200.202406191456/tools/bin/../lib/gcc/arm-none-eabi/12.3.1/../../../../arm-none-eabi/lib/thumb/v7e-m+fp/hard/libstdc++_nano.a
LOAD /Applications/STM32CubeIDE.app/Contents/Eclipse/plugins/com.st.stm32cube.ide.mcu.externaltools.gnu-tools-for-stm32.12.3.rel1.macos64_1.0.200.202406191456/tools/bin/../lib/gcc/arm-none-eabi/12.3.1/../../../../arm-none-eabi/lib/thumb/v7e-m+fp/hard/libsupc++_nano.a
END GROUP
LOAD /Applications/STM32CubeIDE.app/Contents/Eclipse/plugins/com.st.stm32cube.ide.mcu.externaltools.gnu-tools-for-stm32.12.3.rel1.macos64_1.0.200.202406191456/tools/bin/../lib/gcc/arm-none-eabi/12.3.1/../../../../arm-none-eabi/lib/thumb/v7e-m+fp/hard/libstdc++_nano.a
LOAD /Applications/STM32CubeIDE.app/Contents/Eclipse/plugins/com.st.stm32cube.ide.mcu.externaltools.gnu-tools-for-stm32.12.3.rel1.macos64_1.0.200.202406191456/tools/bin/../lib/gcc/arm-none-eabi/12.3.1/../../../../arm-none-eabi/lib/thumb/v7e-m+fp/hard/libm.a
LOAD /Applications/STM32CubeIDE.app/Contents/Eclipse/plugins/com.st.stm32cube.ide.mcu.externaltools.gnu-tools-for-stm32.12.3.rel1.macos64_1.0.200.202406191456/tools/bin/../lib/gcc/arm-none-eabi/12.3.1/../../../../arm-none-eabi/lib/thumb/v7e-m+fp/hard/libc_nano.a
START GROUP
LOAD /Applications/STM32CubeIDE.app/Contents/Eclipse/plugins/com.st.stm32cube.ide.mcu.externaltools.gnu-tools-for-stm32.12.3.rel1.macos64_1.0.200.202406191456/tools/bin/../lib/gcc/arm-none-eabi/12.3.1/thumb/v7e-m+fp/hard/libgcc.a
LOAD /Applications/STM32CubeIDE.app/Contents/Eclipse/plugins/com.st.stm32cube.ide.mcu.externaltools.gnu-tools-for-stm32.12.3.rel1.macos64_1.0.200.202406191456/tools/bin/../lib/gcc/arm-none-eabi/12.3.1/../../../../arm-none-eabi/lib/thumb/v7e-m+fp/hard/libc_nano.a
END GROUP
START GROUP
LOAD /Applications/STM32CubeIDE.app/Contents/Eclipse/plugins/com.st.stm32cube.ide.mcu.externaltools.gnu-tools-for-stm32.12.3.rel1.macos64_1.0.200.202406191456/tools/bin/../lib/gcc/arm-none-eabi/12.3.1/thumb/v7e-m+fp/hard/libgcc.a
LOAD /Applications/STM32CubeIDE.app/Contents/Eclipse/plugins/com.st.stm32cube.ide.mcu.externaltools.gnu-tools-for-stm32.12.3.rel1.macos64_1.0.200.202406191456/tools/bin/../lib/gcc/arm-none-eabi/12.3.1/../../../../arm-none-eabi/lib/thumb/v7e-m+fp/hard/libc_nano.a
LOAD /Applications/STM32CubeIDE.app/Contents/Eclipse/plugins/com.st.stm32cube.ide.mcu.externaltools.gnu-tools-for-stm32.12.3.rel1.macos64_1.0.200.202406191456/tools/bin/../lib/gcc/arm-none-eabi/12.3.1/../../../../arm-none-eabi/lib/thumb/v7e-m+fp/hard/libnosys.a
END GROUP
START GROUP
LOAD /Applications/STM32CubeIDE.app/Contents/Eclipse/plugins/com.st.stm32cube.ide.mcu.externaltools.gnu-tools-for-stm32.12.3.rel1.macos64_1.0.200.202406191456/tools/bin/../lib/gcc/arm-none-eabi/12.3.1/thumb/v7e-m+fp/hard/libgcc.a
LOAD /Applications/STM32CubeIDE.app/Contents/Eclipse/plugins/com.st.stm32cube.ide.mcu.externaltools.gnu-tools-for-stm32.12.3.rel1.macos64_1.0.200.202406191456/tools/bin/../lib/gcc/arm-none-eabi/12.3.1/../../../../arm-none-eabi/lib/thumb/v7e-m+fp/hard/libc_nano.a
LOAD /Applications/STM32CubeIDE.app/Contents/Eclipse/plugins/com.st.stm32cube.ide.mcu.externaltools.gnu-tools-for-stm32.12.3.rel1.macos64_1.0.200.202406191456/tools/bin/../lib/gcc/arm-none-eabi/12.3.1/../../../../arm-none-eabi/lib/thumb/v7e-m+fp/hard/libnosys.a
END GROUP
LOAD /Applications/STM32CubeIDE.app/Contents/Eclipse/plugins/com.st.stm32cube.ide.mcu.externaltools.gnu-tools-for-stm32.12.3.rel1.macos64_1.0.200.202406191456/tools/bin/../lib/gcc/arm-none-eabi/12.3.1/thumb/v7e-m+fp/hard/crtend.o
LOAD /Applications/STM32CubeIDE.app/Contents/Eclipse/plugins/com.st.stm32cube.ide.mcu.externaltools.gnu-tools-for-stm32.12.3.rel1.macos64_1.0.200.202406191456/tools/bin/../lib/gcc/arm-none-eabi/12.3.1/thumb/v7e-m+fp/hard/crtn.o
                0x20010000                        _estack = (ORIGIN (RAM) + LENGTH (RAM))
                0x00000200                        _Min_Heap_Size = 0x200
                0x00000400                        _Min_Stack_Size = 0x400

.isr_vector     0x08000000      0x18c
                0x08000000                        . = ALIGN (0x4)
 *(.isr_vector)
 .isr_vector    0x08000000      0x18c ./Core/Startup/startup_stm32l433cctx.o
                0x08000000                g_pfnVectors
                0x0800018c                        . = ALIGN (0x4)

.text           0x08000190     0x6670
                0x08000190                        . = ALIGN (0x4)
 *(.text)
 .text          0x08000190       0x40 /Applications/STM32CubeIDE.app/Contents/Eclipse/plugins/com.st.stm32cube.ide.mcu.externaltools.gnu-tools-for-stm32.12.3.rel1.macos64_1.0.200.202406191456/tools/bin/../lib/gcc/arm-none-eabi/12.3.1/thumb/v7e-m+fp/hard/crtbegin.o
 .text          0x080001d0       0x30 /Applications/STM32CubeIDE.app/Contents/Eclipse/plugins/com.st.stm32cube.ide.mcu.externaltools.gnu-tools-for-stm32.12.3.rel1.macos64_1.0.200.202406191456/tools/bin/../lib/gcc/arm-none-eabi/12.3.1/thumb/v7e-m+fp/hard/libgcc.a(_aeabi_uldivmod.o)
                0x080001d0                __aeabi_uldivmod
 .text          0x08000200      0x2bc /Applications/STM32CubeIDE.app/Contents/Eclipse/plugins/com.st.stm32cube.ide.mcu.externaltools.gnu-tools-for-stm32.12.3.rel1.macos64_1.0.200.202406191456/tools/bin/../lib/gcc/arm-none-eabi/12.3.1/thumb/v7e-m+fp/hard/libgcc.a(_udivmoddi4.o)
                0x08000200                __udivmoddi4
 .text          0x080004bc        0x4 /Applications/STM32CubeIDE.app/Contents/Eclipse/plugins/com.st.stm32cube.ide.mcu.externaltools.gnu-tools-for-stm32.12.3.rel1.macos64_1.0.200.202406191456/tools/bin/../lib/gcc/arm-none-eabi/12.3.1/thumb/v7e-m+fp/hard/libgcc.a(_dvmd_tls.o)
                0x080004bc                __aeabi_ldiv0
                0x080004bc                __aeabi_idiv0
 *(.text*)
 .text.calculate_update
                0x080004c0       0x16 ./Core/Src/calculate.o
                0x080004c0                calculate_update
 .text.encoder_init
                0x080004d6        0xe ./Core/Src/encoder.o
                0x080004d6                encoder_init
 .text.encoder_update
                0x080004e4       0x14 ./Core/Src/encoder.o
                0x080004e4                encoder_update
 .text.main     0x080004f8      0x1b4 ./Core/Src/main.o
                0x080004f8                main
 .text.SystemClock_Config
                0x080006ac       0x8c ./Core/Src/main.o
                0x080006ac                SystemClock_Config
 .text.MX_I2C1_Init
                0x08000738       0x80 ./Core/Src/main.o
 .text.MX_USART1_UART_Init
                0x080007b8       0x60 ./Core/Src/main.o
 .text.MX_GPIO_Init
                0x08000818       0xc4 ./Core/Src/main.o
 .text.task_entry_SelfGps
                0x080008dc       0x20 ./Core/Src/main.o
                0x080008dc                task_entry_SelfGps
 .text.task_entry_TargetGps
                0x080008fc       0x20 ./Core/Src/main.o
                0x080008fc                task_entry_TargetGps
 .text.task_entry_Calculate
                0x0800091c       0x22 ./Core/Src/main.o
                0x0800091c                task_entry_Calculate
 .text.task_entry_Encoder
                0x0800093e       0x20 ./Core/Src/main.o
                0x0800093e                task_entry_Encoder
 .text.task_entry_Stepper
                0x0800095e       0x26 ./Core/Src/main.o
                0x0800095e                task_entry_Stepper
 .text.task_entry_Servo
                0x08000984       0x20 ./Core/Src/main.o
                0x08000984                task_entry_Servo
 .text.HAL_TIM_PeriodElapsedCallback
                0x080009a4       0x24 ./Core/Src/main.o
                0x080009a4                HAL_TIM_PeriodElapsedCallback
 .text.Error_Handler
                0x080009c8        0xc ./Core/Src/main.o
                0x080009c8                Error_Handler
 .text.self_gps_init
                0x080009d4        0xe ./Core/Src/self_gps.o
                0x080009d4                self_gps_init
 .text.self_gps_update
                0x080009e2       0x14 ./Core/Src/self_gps.o
                0x080009e2                self_gps_update
 .text.servo_init
                0x080009f6        0xe ./Core/Src/servo.o
                0x080009f6                servo_init
 .text.servo_update
                0x08000a04       0x14 ./Core/Src/servo.o
                0x08000a04                servo_update
 .text.stepper_init
                0x08000a18        0xe ./Core/Src/stepper.o
                0x08000a18                stepper_init
 .text.stepper_update
                0x08000a26       0x16 ./Core/Src/stepper.o
                0x08000a26                stepper_update
 .text.HAL_MspInit
                0x08000a3c       0x50 ./Core/Src/stm32l4xx_hal_msp.o
                0x08000a3c                HAL_MspInit
 .text.HAL_I2C_MspInit
                0x08000a8c       0xb4 ./Core/Src/stm32l4xx_hal_msp.o
                0x08000a8c                HAL_I2C_MspInit
 .text.HAL_UART_MspInit
                0x08000b40       0xb4 ./Core/Src/stm32l4xx_hal_msp.o
                0x08000b40                HAL_UART_MspInit
 .text.HAL_InitTick
                0x08000bf4       0xf4 ./Core/Src/stm32l4xx_hal_timebase_tim.o
                0x08000bf4                HAL_InitTick
 .text.NMI_Handler
                0x08000ce8        0x8 ./Core/Src/stm32l4xx_it.o
                0x08000ce8                NMI_Handler
 .text.HardFault_Handler
                0x08000cf0        0x8 ./Core/Src/stm32l4xx_it.o
                0x08000cf0                HardFault_Handler
 .text.MemManage_Handler
                0x08000cf8        0x8 ./Core/Src/stm32l4xx_it.o
                0x08000cf8                MemManage_Handler
 .text.BusFault_Handler
                0x08000d00        0x8 ./Core/Src/stm32l4xx_it.o
                0x08000d00                BusFault_Handler
 .text.UsageFault_Handler
                0x08000d08        0x8 ./Core/Src/stm32l4xx_it.o
                0x08000d08                UsageFault_Handler
 .text.DebugMon_Handler
                0x08000d10        0xe ./Core/Src/stm32l4xx_it.o
                0x08000d10                DebugMon_Handler
 *fill*         0x08000d1e        0x2 
 .text.TIM6_DAC_IRQHandler
                0x08000d20       0x14 ./Core/Src/stm32l4xx_it.o
                0x08000d20                TIM6_DAC_IRQHandler
 .text.SystemInit
                0x08000d34       0x24 ./Core/Src/system_stm32l4xx.o
                0x08000d34                SystemInit
 .text.target_gps_init
                0x08000d58        0xe ./Core/Src/target_gps.o
                0x08000d58                target_gps_init
 .text.target_gps_update
                0x08000d66       0x14 ./Core/Src/target_gps.o
                0x08000d66                target_gps_update
 *fill*         0x08000d7a        0x2 
 .text.Reset_Handler
                0x08000d7c       0x50 ./Core/Startup/startup_stm32l433cctx.o
                0x08000d7c                Reset_Handler
 .text.Default_Handler
                0x08000dcc        0x2 ./Core/Startup/startup_stm32l433cctx.o
                0x08000dcc                TIM1_BRK_TIM15_IRQHandler
                0x08000dcc                EXTI2_IRQHandler
                0x08000dcc                TIM1_CC_IRQHandler
                0x08000dcc                TSC_IRQHandler
                0x08000dcc                TAMP_STAMP_IRQHandler
                0x08000dcc                EXTI3_IRQHandler
                0x08000dcc                LPTIM2_IRQHandler
                0x08000dcc                I2C3_ER_IRQHandler
                0x08000dcc                EXTI0_IRQHandler
                0x08000dcc                I2C2_EV_IRQHandler
                0x08000dcc                CAN1_RX0_IRQHandler
                0x08000dcc                FPU_IRQHandler
                0x08000dcc                TIM1_UP_TIM16_IRQHandler
                0x08000dcc                SPI1_IRQHandler
                0x08000dcc                DMA2_Channel2_IRQHandler
                0x08000dcc                DMA1_Channel4_IRQHandler
                0x08000dcc                ADC1_IRQHandler
                0x08000dcc                USART3_IRQHandler
                0x08000dcc                DMA1_Channel7_IRQHandler
                0x08000dcc                CAN1_RX1_IRQHandler
                0x08000dcc                LCD_IRQHandler
                0x08000dcc                DMA2_Channel1_IRQHandler
                0x08000dcc                QUADSPI_IRQHandler
                0x08000dcc                I2C1_EV_IRQHandler
                0x08000dcc                DMA1_Channel6_IRQHandler
                0x08000dcc                DMA2_Channel4_IRQHandler
                0x08000dcc                RCC_IRQHandler
                0x08000dcc                TIM1_TRG_COM_IRQHandler
                0x08000dcc                DMA1_Channel1_IRQHandler
                0x08000dcc                Default_Handler
                0x08000dcc                DMA2_Channel7_IRQHandler
                0x08000dcc                EXTI15_10_IRQHandler
                0x08000dcc                TIM7_IRQHandler
                0x08000dcc                SDMMC1_IRQHandler
                0x08000dcc                I2C3_EV_IRQHandler
                0x08000dcc                USB_IRQHandler
                0x08000dcc                EXTI9_5_IRQHandler
                0x08000dcc                RTC_WKUP_IRQHandler
                0x08000dcc                PVD_PVM_IRQHandler
                0x08000dcc                SPI2_IRQHandler
                0x08000dcc                CAN1_TX_IRQHandler
                0x08000dcc                DMA2_Channel5_IRQHandler
                0x08000dcc                CRS_IRQHandler
                0x08000dcc                DMA1_Channel5_IRQHandler
                0x08000dcc                EXTI4_IRQHandler
                0x08000dcc                RNG_IRQHandler
                0x08000dcc                DMA1_Channel3_IRQHandler
                0x08000dcc                COMP_IRQHandler
                0x08000dcc                WWDG_IRQHandler
                0x08000dcc                LPUART1_IRQHandler
                0x08000dcc                DMA2_Channel6_IRQHandler
                0x08000dcc                TIM2_IRQHandler
                0x08000dcc                EXTI1_IRQHandler
                0x08000dcc                USART2_IRQHandler
                0x08000dcc                I2C2_ER_IRQHandler
                0x08000dcc                DMA1_Channel2_IRQHandler
                0x08000dcc                CAN1_SCE_IRQHandler
                0x08000dcc                FLASH_IRQHandler
                0x08000dcc                USART1_IRQHandler
                0x08000dcc                SPI3_IRQHandler
                0x08000dcc                I2C1_ER_IRQHandler
                0x08000dcc                SWPMI1_IRQHandler
                0x08000dcc                LPTIM1_IRQHandler
                0x08000dcc                SAI1_IRQHandler
                0x08000dcc                DMA2_Channel3_IRQHandler
                0x08000dcc                RTC_Alarm_IRQHandler
 .text.HAL_Init
                0x08000dce       0x30 ./Drivers/STM32L4xx_HAL_Driver/Src/stm32l4xx_hal.o
                0x08000dce                HAL_Init
 *fill*         0x08000dfe        0x2 
 .text.HAL_IncTick
                0x08000e00       0x28 ./Drivers/STM32L4xx_HAL_Driver/Src/stm32l4xx_hal.o
                0x08000e00                HAL_IncTick
 .text.HAL_GetTick
                0x08000e28       0x18 ./Drivers/STM32L4xx_HAL_Driver/Src/stm32l4xx_hal.o
                0x08000e28                HAL_GetTick
 .text.__NVIC_SetPriorityGrouping
                0x08000e40       0x48 ./Drivers/STM32L4xx_HAL_Driver/Src/stm32l4xx_hal_cortex.o
 .text.__NVIC_GetPriorityGrouping
                0x08000e88       0x1c ./Drivers/STM32L4xx_HAL_Driver/Src/stm32l4xx_hal_cortex.o
 .text.__NVIC_EnableIRQ
                0x08000ea4       0x3c ./Drivers/STM32L4xx_HAL_Driver/Src/stm32l4xx_hal_cortex.o
 .text.__NVIC_SetPriority
                0x08000ee0       0x54 ./Drivers/STM32L4xx_HAL_Driver/Src/stm32l4xx_hal_cortex.o
 .text.NVIC_EncodePriority
                0x08000f34       0x66 ./Drivers/STM32L4xx_HAL_Driver/Src/stm32l4xx_hal_cortex.o
 .text.HAL_NVIC_SetPriorityGrouping
                0x08000f9a       0x16 ./Drivers/STM32L4xx_HAL_Driver/Src/stm32l4xx_hal_cortex.o
                0x08000f9a                HAL_NVIC_SetPriorityGrouping
 .text.HAL_NVIC_SetPriority
                0x08000fb0       0x38 ./Drivers/STM32L4xx_HAL_Driver/Src/stm32l4xx_hal_cortex.o
                0x08000fb0                HAL_NVIC_SetPriority
 .text.HAL_NVIC_EnableIRQ
                0x08000fe8       0x1c ./Drivers/STM32L4xx_HAL_Driver/Src/stm32l4xx_hal_cortex.o
                0x08000fe8                HAL_NVIC_EnableIRQ
 .text.HAL_GPIO_Init
                0x08001004      0x2f4 ./Drivers/STM32L4xx_HAL_Driver/Src/stm32l4xx_hal_gpio.o
                0x08001004                HAL_GPIO_Init
 .text.HAL_GPIO_WritePin
                0x080012f8       0x30 ./Drivers/STM32L4xx_HAL_Driver/Src/stm32l4xx_hal_gpio.o
                0x080012f8                HAL_GPIO_WritePin
 .text.HAL_I2C_Init
                0x08001328      0x136 ./Drivers/STM32L4xx_HAL_Driver/Src/stm32l4xx_hal_i2c.o
                0x08001328                HAL_I2C_Init
 .text.HAL_I2CEx_ConfigAnalogFilter
                0x0800145e       0x96 ./Drivers/STM32L4xx_HAL_Driver/Src/stm32l4xx_hal_i2c_ex.o
                0x0800145e                HAL_I2CEx_ConfigAnalogFilter
 .text.HAL_I2CEx_ConfigDigitalFilter
                0x080014f4       0x98 ./Drivers/STM32L4xx_HAL_Driver/Src/stm32l4xx_hal_i2c_ex.o
                0x080014f4                HAL_I2CEx_ConfigDigitalFilter
 .text.HAL_PWREx_GetVoltageRange
                0x0800158c       0x1c ./Drivers/STM32L4xx_HAL_Driver/Src/stm32l4xx_hal_pwr_ex.o
                0x0800158c                HAL_PWREx_GetVoltageRange
 .text.HAL_PWREx_ControlVoltageScaling
                0x080015a8       0xac ./Drivers/STM32L4xx_HAL_Driver/Src/stm32l4xx_hal_pwr_ex.o
                0x080015a8                HAL_PWREx_ControlVoltageScaling
 .text.HAL_RCC_OscConfig
                0x08001654      0x828 ./Drivers/STM32L4xx_HAL_Driver/Src/stm32l4xx_hal_rcc.o
                0x08001654                HAL_RCC_OscConfig
 .text.HAL_RCC_ClockConfig
                0x08001e7c      0x200 ./Drivers/STM32L4xx_HAL_Driver/Src/stm32l4xx_hal_rcc.o
                0x08001e7c                HAL_RCC_ClockConfig
 .text.HAL_RCC_GetSysClockFreq
                0x0800207c      0x118 ./Drivers/STM32L4xx_HAL_Driver/Src/stm32l4xx_hal_rcc.o
                0x0800207c                HAL_RCC_GetSysClockFreq
 .text.HAL_RCC_GetHCLKFreq
                0x08002194       0x18 ./Drivers/STM32L4xx_HAL_Driver/Src/stm32l4xx_hal_rcc.o
                0x08002194                HAL_RCC_GetHCLKFreq
 .text.HAL_RCC_GetPCLK1Freq
                0x080021ac       0x2c ./Drivers/STM32L4xx_HAL_Driver/Src/stm32l4xx_hal_rcc.o
                0x080021ac                HAL_RCC_GetPCLK1Freq
 .text.HAL_RCC_GetPCLK2Freq
                0x080021d8       0x2c ./Drivers/STM32L4xx_HAL_Driver/Src/stm32l4xx_hal_rcc.o
                0x080021d8                HAL_RCC_GetPCLK2Freq
 .text.HAL_RCC_GetClockConfig
                0x08002204       0x64 ./Drivers/STM32L4xx_HAL_Driver/Src/stm32l4xx_hal_rcc.o
                0x08002204                HAL_RCC_GetClockConfig
 .text.RCC_SetFlashLatencyFromMSIRange
                0x08002268       0xc0 ./Drivers/STM32L4xx_HAL_Driver/Src/stm32l4xx_hal_rcc.o
 .text.HAL_RCCEx_PeriphCLKConfig
                0x08002328      0x494 ./Drivers/STM32L4xx_HAL_Driver/Src/stm32l4xx_hal_rcc_ex.o
                0x08002328                HAL_RCCEx_PeriphCLKConfig
 .text.RCCEx_PLLSAI1_Config
                0x080027bc      0x1e4 ./Drivers/STM32L4xx_HAL_Driver/Src/stm32l4xx_hal_rcc_ex.o
 .text.HAL_TIM_Base_Init
                0x080029a0       0xae ./Drivers/STM32L4xx_HAL_Driver/Src/stm32l4xx_hal_tim.o
                0x080029a0                HAL_TIM_Base_Init
 .text.HAL_TIM_Base_MspInit
                0x08002a4e       0x14 ./Drivers/STM32L4xx_HAL_Driver/Src/stm32l4xx_hal_tim.o
                0x08002a4e                HAL_TIM_Base_MspInit
 *fill*         0x08002a62        0x2 
 .text.HAL_TIM_Base_Start_IT
                0x08002a64       0xa8 ./Drivers/STM32L4xx_HAL_Driver/Src/stm32l4xx_hal_tim.o
                0x08002a64                HAL_TIM_Base_Start_IT
 .text.HAL_TIM_IRQHandler
                0x08002b0c      0x20e ./Drivers/STM32L4xx_HAL_Driver/Src/stm32l4xx_hal_tim.o
                0x08002b0c                HAL_TIM_IRQHandler
 .text.HAL_TIM_OC_DelayElapsedCallback
                0x08002d1a       0x14 ./Drivers/STM32L4xx_HAL_Driver/Src/stm32l4xx_hal_tim.o
                0x08002d1a                HAL_TIM_OC_DelayElapsedCallback
 .text.HAL_TIM_IC_CaptureCallback
                0x08002d2e       0x14 ./Drivers/STM32L4xx_HAL_Driver/Src/stm32l4xx_hal_tim.o
                0x08002d2e                HAL_TIM_IC_CaptureCallback
 .text.HAL_TIM_PWM_PulseFinishedCallback
                0x08002d42       0x14 ./Drivers/STM32L4xx_HAL_Driver/Src/stm32l4xx_hal_tim.o
                0x08002d42                HAL_TIM_PWM_PulseFinishedCallback
 .text.HAL_TIM_TriggerCallback
                0x08002d56       0x14 ./Drivers/STM32L4xx_HAL_Driver/Src/stm32l4xx_hal_tim.o
                0x08002d56                HAL_TIM_TriggerCallback
 *fill*         0x08002d6a        0x2 
 .text.TIM_Base_SetConfig
                0x08002d6c       0xe0 ./Drivers/STM32L4xx_HAL_Driver/Src/stm32l4xx_hal_tim.o
                0x08002d6c                TIM_Base_SetConfig
 .text.HAL_TIMEx_CommutCallback
                0x08002e4c       0x14 ./Drivers/STM32L4xx_HAL_Driver/Src/stm32l4xx_hal_tim_ex.o
                0x08002e4c                HAL_TIMEx_CommutCallback
 .text.HAL_TIMEx_BreakCallback
                0x08002e60       0x14 ./Drivers/STM32L4xx_HAL_Driver/Src/stm32l4xx_hal_tim_ex.o
                0x08002e60                HAL_TIMEx_BreakCallback
 .text.HAL_TIMEx_Break2Callback
                0x08002e74       0x14 ./Drivers/STM32L4xx_HAL_Driver/Src/stm32l4xx_hal_tim_ex.o
                0x08002e74                HAL_TIMEx_Break2Callback
 .text.HAL_UART_Init
                0x08002e88       0x9c ./Drivers/STM32L4xx_HAL_Driver/Src/stm32l4xx_hal_uart.o
                0x08002e88                HAL_UART_Init
 .text.UART_SetConfig
                0x08002f24      0x4b4 ./Drivers/STM32L4xx_HAL_Driver/Src/stm32l4xx_hal_uart.o
                0x08002f24                UART_SetConfig
 .text.UART_AdvFeatureConfig
                0x080033d8      0x144 ./Drivers/STM32L4xx_HAL_Driver/Src/stm32l4xx_hal_uart.o
                0x080033d8                UART_AdvFeatureConfig
 .text.UART_CheckIdleState
                0x0800351c      0x150 ./Drivers/STM32L4xx_HAL_Driver/Src/stm32l4xx_hal_uart.o
                0x0800351c                UART_CheckIdleState
 .text.UART_WaitOnFlagUntilTimeout
                0x0800366c       0xda ./Drivers/STM32L4xx_HAL_Driver/Src/stm32l4xx_hal_uart.o
                0x0800366c                UART_WaitOnFlagUntilTimeout
 .text.UART_EndRxTransfer
                0x08003746       0xc8 ./Drivers/STM32L4xx_HAL_Driver/Src/stm32l4xx_hal_uart.o
 *fill*         0x0800380e        0x2 
 .text.__NVIC_SetPriority
                0x08003810       0x54 ./Middlewares/Third_Party/FreeRTOS/Source/CMSIS_RTOS_V2/cmsis_os2.o
 .text.SysTick_Handler
                0x08003864       0x20 ./Middlewares/Third_Party/FreeRTOS/Source/CMSIS_RTOS_V2/cmsis_os2.o
                0x08003864                SysTick_Handler
 .text.SVC_Setup
                0x08003884       0x12 ./Middlewares/Third_Party/FreeRTOS/Source/CMSIS_RTOS_V2/cmsis_os2.o
 *fill*         0x08003896        0x2 
 .text.osKernelInitialize
                0x08003898       0x48 ./Middlewares/Third_Party/FreeRTOS/Source/CMSIS_RTOS_V2/cmsis_os2.o
                0x08003898                osKernelInitialize
 .text.osKernelStart
                0x080038e0       0x4c ./Middlewares/Third_Party/FreeRTOS/Source/CMSIS_RTOS_V2/cmsis_os2.o
                0x080038e0                osKernelStart
 .text.osThreadNew
                0x0800392c      0x124 ./Middlewares/Third_Party/FreeRTOS/Source/CMSIS_RTOS_V2/cmsis_os2.o
                0x0800392c                osThreadNew
 .text.osDelay  0x08003a50       0x36 ./Middlewares/Third_Party/FreeRTOS/Source/CMSIS_RTOS_V2/cmsis_os2.o
                0x08003a50                osDelay
 .text.osMutexNew
                0x08003a86      0x10c ./Middlewares/Third_Party/FreeRTOS/Source/CMSIS_RTOS_V2/cmsis_os2.o
                0x08003a86                osMutexNew
 *fill*         0x08003b92        0x2 
 .text.vApplicationGetIdleTaskMemory
                0x08003b94       0x34 ./Middlewares/Third_Party/FreeRTOS/Source/CMSIS_RTOS_V2/cmsis_os2.o
                0x08003b94                vApplicationGetIdleTaskMemory
 .text.vApplicationGetTimerTaskMemory
                0x08003bc8       0x34 ./Middlewares/Third_Party/FreeRTOS/Source/CMSIS_RTOS_V2/cmsis_os2.o
                0x08003bc8                vApplicationGetTimerTaskMemory
 .text.vListInitialise
                0x08003bfc       0x40 ./Middlewares/Third_Party/FreeRTOS/Source/list.o
                0x08003bfc                vListInitialise
 .text.vListInitialiseItem
                0x08003c3c       0x1a ./Middlewares/Third_Party/FreeRTOS/Source/list.o
                0x08003c3c                vListInitialiseItem
 .text.vListInsertEnd
                0x08003c56       0x48 ./Middlewares/Third_Party/FreeRTOS/Source/list.o
                0x08003c56                vListInsertEnd
 .text.vListInsert
                0x08003c9e       0x72 ./Middlewares/Third_Party/FreeRTOS/Source/list.o
                0x08003c9e                vListInsert
 .text.uxListRemove
                0x08003d10       0x54 ./Middlewares/Third_Party/FreeRTOS/Source/list.o
                0x08003d10                uxListRemove
 .text.xQueueGenericReset
                0x08003d64       0xd4 ./Middlewares/Third_Party/FreeRTOS/Source/queue.o
                0x08003d64                xQueueGenericReset
 .text.xQueueGenericCreateStatic
                0x08003e38       0xfa ./Middlewares/Third_Party/FreeRTOS/Source/queue.o
                0x08003e38                xQueueGenericCreateStatic
 .text.xQueueGenericCreate
                0x08003f32       0x76 ./Middlewares/Third_Party/FreeRTOS/Source/queue.o
                0x08003f32                xQueueGenericCreate
 .text.prvInitialiseNewQueue
                0x08003fa8       0x46 ./Middlewares/Third_Party/FreeRTOS/Source/queue.o
 .text.prvInitialiseMutex
                0x08003fee       0x34 ./Middlewares/Third_Party/FreeRTOS/Source/queue.o
 .text.xQueueCreateMutex
                0x08004022       0x30 ./Middlewares/Third_Party/FreeRTOS/Source/queue.o
                0x08004022                xQueueCreateMutex
 .text.xQueueCreateMutexStatic
                0x08004052       0x36 ./Middlewares/Third_Party/FreeRTOS/Source/queue.o
                0x08004052                xQueueCreateMutexStatic
 .text.xQueueGenericSend
                0x08004088      0x204 ./Middlewares/Third_Party/FreeRTOS/Source/queue.o
                0x08004088                xQueueGenericSend
 .text.xQueueGenericSendFromISR
                0x0800428c      0x13c ./Middlewares/Third_Party/FreeRTOS/Source/queue.o
                0x0800428c                xQueueGenericSendFromISR
 .text.xQueueReceive
                0x080043c8      0x1c4 ./Middlewares/Third_Party/FreeRTOS/Source/queue.o
                0x080043c8                xQueueReceive
 .text.prvCopyDataToQueue
                0x0800458c       0xd4 ./Middlewares/Third_Party/FreeRTOS/Source/queue.o
 .text.prvCopyDataFromQueue
                0x08004660       0x4c ./Middlewares/Third_Party/FreeRTOS/Source/queue.o
 .text.prvUnlockQueue
                0x080046ac       0xa4 ./Middlewares/Third_Party/FreeRTOS/Source/queue.o
 .text.prvIsQueueEmpty
                0x08004750       0x2c ./Middlewares/Third_Party/FreeRTOS/Source/queue.o
 .text.prvIsQueueFull
                0x0800477c       0x30 ./Middlewares/Third_Party/FreeRTOS/Source/queue.o
 .text.vQueueAddToRegistry
                0x080047ac       0x54 ./Middlewares/Third_Party/FreeRTOS/Source/queue.o
                0x080047ac                vQueueAddToRegistry
 .text.vQueueWaitForMessageRestricted
                0x08004800       0x68 ./Middlewares/Third_Party/FreeRTOS/Source/queue.o
                0x08004800                vQueueWaitForMessageRestricted
 .text.xTaskCreateStatic
                0x08004868       0xc0 ./Middlewares/Third_Party/FreeRTOS/Source/tasks.o
                0x08004868                xTaskCreateStatic
 .text.xTaskCreate
                0x08004928       0x8a ./Middlewares/Third_Party/FreeRTOS/Source/tasks.o
                0x08004928                xTaskCreate
 *fill*         0x080049b2        0x2 
 .text.prvInitialiseNewTask
                0x080049b4      0x150 ./Middlewares/Third_Party/FreeRTOS/Source/tasks.o
 .text.prvAddNewTaskToReadyList
                0x08004b04       0xe0 ./Middlewares/Third_Party/FreeRTOS/Source/tasks.o
 .text.vTaskDelay
                0x08004be4       0x6c ./Middlewares/Third_Party/FreeRTOS/Source/tasks.o
                0x08004be4                vTaskDelay
 .text.vTaskStartScheduler
                0x08004c50       0xe0 ./Middlewares/Third_Party/FreeRTOS/Source/tasks.o
                0x08004c50                vTaskStartScheduler
 .text.vTaskSuspendAll
                0x08004d30       0x1c ./Middlewares/Third_Party/FreeRTOS/Source/tasks.o
                0x08004d30                vTaskSuspendAll
 .text.xTaskResumeAll
                0x08004d4c      0x13c ./Middlewares/Third_Party/FreeRTOS/Source/tasks.o
                0x08004d4c                xTaskResumeAll
 .text.xTaskGetTickCount
                0x08004e88       0x20 ./Middlewares/Third_Party/FreeRTOS/Source/tasks.o
                0x08004e88                xTaskGetTickCount
 .text.xTaskIncrementTick
                0x08004ea8      0x174 ./Middlewares/Third_Party/FreeRTOS/Source/tasks.o
                0x08004ea8                xTaskIncrementTick
 .text.vTaskSwitchContext
                0x0800501c       0xcc ./Middlewares/Third_Party/FreeRTOS/Source/tasks.o
                0x0800501c                vTaskSwitchContext
 .text.vTaskPlaceOnEventList
                0x080050e8       0x4c ./Middlewares/Third_Party/FreeRTOS/Source/tasks.o
                0x080050e8                vTaskPlaceOnEventList
 .text.vTaskPlaceOnEventListRestricted
                0x08005134       0x58 ./Middlewares/Third_Party/FreeRTOS/Source/tasks.o
                0x08005134                vTaskPlaceOnEventListRestricted
 .text.xTaskRemoveFromEventList
                0x0800518c       0xc8 ./Middlewares/Third_Party/FreeRTOS/Source/tasks.o
                0x0800518c                xTaskRemoveFromEventList
 .text.vTaskInternalSetTimeOutState
                0x08005254       0x2c ./Middlewares/Third_Party/FreeRTOS/Source/tasks.o
                0x08005254                vTaskInternalSetTimeOutState
 .text.xTaskCheckForTimeOut
                0x08005280       0xc8 ./Middlewares/Third_Party/FreeRTOS/Source/tasks.o
                0x08005280                xTaskCheckForTimeOut
 .text.vTaskMissedYield
                0x08005348       0x18 ./Middlewares/Third_Party/FreeRTOS/Source/tasks.o
                0x08005348                vTaskMissedYield
 .text.prvIdleTask
                0x08005360       0x30 ./Middlewares/Third_Party/FreeRTOS/Source/tasks.o
 .text.prvInitialiseTaskLists
                0x08005390       0x80 ./Middlewares/Third_Party/FreeRTOS/Source/tasks.o
 .text.prvCheckTasksWaitingTermination
                0x08005410       0x5c ./Middlewares/Third_Party/FreeRTOS/Source/tasks.o
 .text.prvDeleteTCB
                0x0800546c       0x6a ./Middlewares/Third_Party/FreeRTOS/Source/tasks.o
 *fill*         0x080054d6        0x2 
 .text.prvResetNextTaskUnblockTime
                0x080054d8       0x40 ./Middlewares/Third_Party/FreeRTOS/Source/tasks.o
 .text.xTaskGetSchedulerState
                0x08005518       0x3c ./Middlewares/Third_Party/FreeRTOS/Source/tasks.o
                0x08005518                xTaskGetSchedulerState
 .text.xTaskPriorityDisinherit
                0x08005554       0xe0 ./Middlewares/Third_Party/FreeRTOS/Source/tasks.o
                0x08005554                xTaskPriorityDisinherit
 .text.prvAddCurrentTaskToDelayedList
                0x08005634       0xa8 ./Middlewares/Third_Party/FreeRTOS/Source/tasks.o
 .text.xTimerCreateTimerTask
                0x080056dc       0x94 ./Middlewares/Third_Party/FreeRTOS/Source/timers.o
                0x080056dc                xTimerCreateTimerTask
 .text.xTimerGenericCommand
                0x08005770       0x9c ./Middlewares/Third_Party/FreeRTOS/Source/timers.o
                0x08005770                xTimerGenericCommand
 .text.prvProcessExpiredTimer
                0x0800580c       0x9c ./Middlewares/Third_Party/FreeRTOS/Source/timers.o
 .text.prvTimerTask
                0x080058a8       0x26 ./Middlewares/Third_Party/FreeRTOS/Source/timers.o
 *fill*         0x080058ce        0x2 
 .text.prvProcessTimerOrBlockTask
                0x080058d0       0x9c ./Middlewares/Third_Party/FreeRTOS/Source/timers.o
 .text.prvGetNextExpireTime
                0x0800596c       0x48 ./Middlewares/Third_Party/FreeRTOS/Source/timers.o
 .text.prvSampleTimeNow
                0x080059b4       0x40 ./Middlewares/Third_Party/FreeRTOS/Source/timers.o
 .text.prvInsertTimerInActiveList
                0x080059f4       0x84 ./Middlewares/Third_Party/FreeRTOS/Source/timers.o
 .text.prvProcessReceivedCommands
                0x08005a78      0x1cc ./Middlewares/Third_Party/FreeRTOS/Source/timers.o
 .text.prvSwitchTimerLists
                0x08005c44       0xcc ./Middlewares/Third_Party/FreeRTOS/Source/timers.o
 .text.prvCheckForValidListAndQueue
                0x08005d10       0x80 ./Middlewares/Third_Party/FreeRTOS/Source/timers.o
 .text.pxPortInitialiseStack
                0x08005d90       0x68 ./Middlewares/Third_Party/FreeRTOS/Source/portable/GCC/ARM_CM4F/port.o
                0x08005d90                pxPortInitialiseStack
 .text.prvTaskExitError
                0x08005df8       0x5c ./Middlewares/Third_Party/FreeRTOS/Source/portable/GCC/ARM_CM4F/port.o
 *fill*         0x08005e54        0xc 
 .text.SVC_Handler
                0x08005e60       0x28 ./Middlewares/Third_Party/FreeRTOS/Source/portable/GCC/ARM_CM4F/port.o
                0x08005e60                SVC_Handler
 .text.prvPortStartFirstTask
                0x08005e88       0x28 ./Middlewares/Third_Party/FreeRTOS/Source/portable/GCC/ARM_CM4F/port.o
 .text.xPortStartScheduler
                0x08005eb0      0x148 ./Middlewares/Third_Party/FreeRTOS/Source/portable/GCC/ARM_CM4F/port.o
                0x08005eb0                xPortStartScheduler
 .text.vPortEnterCritical
                0x08005ff8       0x64 ./Middlewares/Third_Party/FreeRTOS/Source/portable/GCC/ARM_CM4F/port.o
                0x08005ff8                vPortEnterCritical
 .text.vPortExitCritical
                0x0800605c       0x54 ./Middlewares/Third_Party/FreeRTOS/Source/portable/GCC/ARM_CM4F/port.o
                0x0800605c                vPortExitCritical
 .text.PendSV_Handler
                0x080060b0       0x68 ./Middlewares/Third_Party/FreeRTOS/Source/portable/GCC/ARM_CM4F/port.o
                0x080060b0                PendSV_Handler
 .text.xPortSysTickHandler
                0x08006118       0x44 ./Middlewares/Third_Party/FreeRTOS/Source/portable/GCC/ARM_CM4F/port.o
                0x08006118                xPortSysTickHandler
 .text.vPortSetupTimerInterrupt
                0x0800615c       0x48 ./Middlewares/Third_Party/FreeRTOS/Source/portable/GCC/ARM_CM4F/port.o
                0x0800615c                vPortSetupTimerInterrupt
 .text.vPortEnableVFP
                0x080061a4       0x14 ./Middlewares/Third_Party/FreeRTOS/Source/portable/GCC/ARM_CM4F/port.o
 .text.vPortValidateInterruptPriority
                0x080061b8       0x84 ./Middlewares/Third_Party/FreeRTOS/Source/portable/GCC/ARM_CM4F/port.o
                0x080061b8                vPortValidateInterruptPriority
 .text.pvPortMalloc
                0x0800623c      0x19c ./Middlewares/Third_Party/FreeRTOS/Source/portable/MemMang/heap_4.o
                0x0800623c                pvPortMalloc
 .text.vPortFree
                0x080063d8       0xc8 ./Middlewares/Third_Party/FreeRTOS/Source/portable/MemMang/heap_4.o
                0x080063d8                vPortFree
 .text.prvHeapInit
                0x080064a0       0xc4 ./Middlewares/Third_Party/FreeRTOS/Source/portable/MemMang/heap_4.o
 .text.prvInsertBlockIntoFreeList
                0x08006564       0xb4 ./Middlewares/Third_Party/FreeRTOS/Source/portable/MemMang/heap_4.o
 .text.memset   0x08006618       0x10 /Applications/STM32CubeIDE.app/Contents/Eclipse/plugins/com.st.stm32cube.ide.mcu.externaltools.gnu-tools-for-stm32.12.3.rel1.macos64_1.0.200.202406191456/tools/bin/../lib/gcc/arm-none-eabi/12.3.1/../../../../arm-none-eabi/lib/thumb/v7e-m+fp/hard/libc_nano.a(libc_a-memset.o)
                0x08006618                memset
 .text._reclaim_reent
                0x08006628       0xac /Applications/STM32CubeIDE.app/Contents/Eclipse/plugins/com.st.stm32cube.ide.mcu.externaltools.gnu-tools-for-stm32.12.3.rel1.macos64_1.0.200.202406191456/tools/bin/../lib/gcc/arm-none-eabi/12.3.1/../../../../arm-none-eabi/lib/thumb/v7e-m+fp/hard/libc_nano.a(libc_a-reent.o)
                0x08006628                _reclaim_reent
 .text.__libc_init_array
                0x080066d4       0x48 /Applications/STM32CubeIDE.app/Contents/Eclipse/plugins/com.st.stm32cube.ide.mcu.externaltools.gnu-tools-for-stm32.12.3.rel1.macos64_1.0.200.202406191456/tools/bin/../lib/gcc/arm-none-eabi/12.3.1/../../../../arm-none-eabi/lib/thumb/v7e-m+fp/hard/libc_nano.a(libc_a-init.o)
                0x080066d4                __libc_init_array
 .text.__retarget_lock_acquire_recursive
                0x0800671c        0x2 /Applications/STM32CubeIDE.app/Contents/Eclipse/plugins/com.st.stm32cube.ide.mcu.externaltools.gnu-tools-for-stm32.12.3.rel1.macos64_1.0.200.202406191456/tools/bin/../lib/gcc/arm-none-eabi/12.3.1/../../../../arm-none-eabi/lib/thumb/v7e-m+fp/hard/libc_nano.a(libc_a-lock.o)
                0x0800671c                __retarget_lock_acquire_recursive
 .text.__retarget_lock_release_recursive
                0x0800671e        0x2 /Applications/STM32CubeIDE.app/Contents/Eclipse/plugins/com.st.stm32cube.ide.mcu.externaltools.gnu-tools-for-stm32.12.3.rel1.macos64_1.0.200.202406191456/tools/bin/../lib/gcc/arm-none-eabi/12.3.1/../../../../arm-none-eabi/lib/thumb/v7e-m+fp/hard/libc_nano.a(libc_a-lock.o)
                0x0800671e                __retarget_lock_release_recursive
 .text.memcpy   0x08006720       0x1c /Applications/STM32CubeIDE.app/Contents/Eclipse/plugins/com.st.stm32cube.ide.mcu.externaltools.gnu-tools-for-stm32.12.3.rel1.macos64_1.0.200.202406191456/tools/bin/../lib/gcc/arm-none-eabi/12.3.1/../../../../arm-none-eabi/lib/thumb/v7e-m+fp/hard/libc_nano.a(libc_a-memcpy-stub.o)
                0x08006720                memcpy
 .text._free_r  0x0800673c       0x94 /Applications/STM32CubeIDE.app/Contents/Eclipse/plugins/com.st.stm32cube.ide.mcu.externaltools.gnu-tools-for-stm32.12.3.rel1.macos64_1.0.200.202406191456/tools/bin/../lib/gcc/arm-none-eabi/12.3.1/../../../../arm-none-eabi/lib/thumb/v7e-m+fp/hard/libc_nano.a(libc_a-freer.o)
                0x0800673c                _free_r
 .text.__malloc_lock
                0x080067d0        0xc /Applications/STM32CubeIDE.app/Contents/Eclipse/plugins/com.st.stm32cube.ide.mcu.externaltools.gnu-tools-for-stm32.12.3.rel1.macos64_1.0.200.202406191456/tools/bin/../lib/gcc/arm-none-eabi/12.3.1/../../../../arm-none-eabi/lib/thumb/v7e-m+fp/hard/libc_nano.a(libc_a-mlock.o)
                0x080067d0                __malloc_lock
 .text.__malloc_unlock
                0x080067dc        0xc /Applications/STM32CubeIDE.app/Contents/Eclipse/plugins/com.st.stm32cube.ide.mcu.externaltools.gnu-tools-for-stm32.12.3.rel1.macos64_1.0.200.202406191456/tools/bin/../lib/gcc/arm-none-eabi/12.3.1/../../../../arm-none-eabi/lib/thumb/v7e-m+fp/hard/libc_nano.a(libc_a-mlock.o)
                0x080067dc                __malloc_unlock
 *(.glue_7)
 .glue_7        0x080067e8        0x0 linker stubs
 *(.glue_7t)
 .glue_7t       0x080067e8        0x0 linker stubs
 *(.eh_frame)
 .eh_frame      0x080067e8        0x0 /Applications/STM32CubeIDE.app/Contents/Eclipse/plugins/com.st.stm32cube.ide.mcu.externaltools.gnu-tools-for-stm32.12.3.rel1.macos64_1.0.200.202406191456/tools/bin/../lib/gcc/arm-none-eabi/12.3.1/thumb/v7e-m+fp/hard/crtbegin.o
 *(.init)
 .init          0x080067e8        0x4 /Applications/STM32CubeIDE.app/Contents/Eclipse/plugins/com.st.stm32cube.ide.mcu.externaltools.gnu-tools-for-stm32.12.3.rel1.macos64_1.0.200.202406191456/tools/bin/../lib/gcc/arm-none-eabi/12.3.1/thumb/v7e-m+fp/hard/crti.o
                0x080067e8                _init
 .init          0x080067ec        0x8 /Applications/STM32CubeIDE.app/Contents/Eclipse/plugins/com.st.stm32cube.ide.mcu.externaltools.gnu-tools-for-stm32.12.3.rel1.macos64_1.0.200.202406191456/tools/bin/../lib/gcc/arm-none-eabi/12.3.1/thumb/v7e-m+fp/hard/crtn.o
 *(.fini)
 .fini          0x080067f4        0x4 /Applications/STM32CubeIDE.app/Contents/Eclipse/plugins/com.st.stm32cube.ide.mcu.externaltools.gnu-tools-for-stm32.12.3.rel1.macos64_1.0.200.202406191456/tools/bin/../lib/gcc/arm-none-eabi/12.3.1/thumb/v7e-m+fp/hard/crti.o
                0x080067f4                _fini
 .fini          0x080067f8        0x8 /Applications/STM32CubeIDE.app/Contents/Eclipse/plugins/com.st.stm32cube.ide.mcu.externaltools.gnu-tools-for-stm32.12.3.rel1.macos64_1.0.200.202406191456/tools/bin/../lib/gcc/arm-none-eabi/12.3.1/thumb/v7e-m+fp/hard/crtn.o
                0x08006800                        . = ALIGN (0x4)
                0x08006800                        _etext = .

.vfp11_veneer   0x08006800        0x0
 .vfp11_veneer  0x08006800        0x0 linker stubs

.v4_bx          0x08006800        0x0
 .v4_bx         0x08006800        0x0 linker stubs

.iplt           0x08006800        0x0
 .iplt          0x08006800        0x0 /Applications/STM32CubeIDE.app/Contents/Eclipse/plugins/com.st.stm32cube.ide.mcu.externaltools.gnu-tools-for-stm32.12.3.rel1.macos64_1.0.200.202406191456/tools/bin/../lib/gcc/arm-none-eabi/12.3.1/thumb/v7e-m+fp/hard/crtbegin.o

.rodata         0x08006800      0x21c
                0x08006800                        . = ALIGN (0x4)
 *(.rodata)
 .rodata        0x08006800       0xa1 ./Core/Src/main.o
 *fill*         0x080068a1        0x3 
 .rodata        0x080068a4        0x5 ./Middlewares/Third_Party/FreeRTOS/Source/tasks.o
 *fill*         0x080068a9        0x3 
 .rodata        0x080068ac        0xd ./Middlewares/Third_Party/FreeRTOS/Source/timers.o
 *(.rodata*)
 *fill*         0x080068b9        0x3 
 .rodata.task_SelfGps_attributes
                0x080068bc       0x24 ./Core/Src/main.o
                0x080068bc                task_SelfGps_attributes
 .rodata.task_TargetGps_attributes
                0x080068e0       0x24 ./Core/Src/main.o
                0x080068e0                task_TargetGps_attributes
 .rodata.task_Calculate_attributes
                0x08006904       0x24 ./Core/Src/main.o
                0x08006904                task_Calculate_attributes
 .rodata.task_Encoder_attributes
                0x08006928       0x24 ./Core/Src/main.o
                0x08006928                task_Encoder_attributes
 .rodata.task_Stepper_attributes
                0x0800694c       0x24 ./Core/Src/main.o
                0x0800694c                task_Stepper_attributes
 .rodata.task_Servo_attributes
                0x08006970       0x24 ./Core/Src/main.o
                0x08006970                task_Servo_attributes
 .rodata.uartMutex_attributes
                0x08006994       0x10 ./Core/Src/main.o
                0x08006994                uartMutex_attributes
 .rodata.gpsDataMutex_attributes
                0x080069a4       0x10 ./Core/Src/main.o
                0x080069a4                gpsDataMutex_attributes
 .rodata.targetPositionMutex_attributes
                0x080069b4       0x10 ./Core/Src/main.o
                0x080069b4                targetPositionMutex_attributes
 .rodata.encoderPositionMutex_attributes
                0x080069c4       0x10 ./Core/Src/main.o
                0x080069c4                encoderPositionMutex_attributes
 .rodata.AHBPrescTable
                0x080069d4       0x10 ./Core/Src/system_stm32l4xx.o
                0x080069d4                AHBPrescTable
 .rodata.APBPrescTable
                0x080069e4        0x8 ./Core/Src/system_stm32l4xx.o
                0x080069e4                APBPrescTable
 .rodata.MSIRangeTable
                0x080069ec       0x30 ./Core/Src/system_stm32l4xx.o
                0x080069ec                MSIRangeTable
                0x08006a1c                        . = ALIGN (0x4)

.ARM.extab      0x08006a1c        0x0
                0x08006a1c                        . = ALIGN (0x4)
 *(.ARM.extab* .gnu.linkonce.armextab.*)
                0x08006a1c                        . = ALIGN (0x4)

.ARM            0x08006a1c        0x8
                0x08006a1c                        . = ALIGN (0x4)
                0x08006a1c                        __exidx_start = .
 *(.ARM.exidx*)
 .ARM.exidx     0x08006a1c        0x8 /Applications/STM32CubeIDE.app/Contents/Eclipse/plugins/com.st.stm32cube.ide.mcu.externaltools.gnu-tools-for-stm32.12.3.rel1.macos64_1.0.200.202406191456/tools/bin/../lib/gcc/arm-none-eabi/12.3.1/thumb/v7e-m+fp/hard/libgcc.a(_udivmoddi4.o)
                0x08006a24                        __exidx_end = .
                0x08006a24                        . = ALIGN (0x4)

.preinit_array  0x08006a24        0x0
                0x08006a24                        . = ALIGN (0x4)
                0x08006a24                        PROVIDE (__preinit_array_start = .)
 *(.preinit_array*)
                0x08006a24                        PROVIDE (__preinit_array_end = .)
                0x08006a24                        . = ALIGN (0x4)

.init_array     0x08006a24        0x4
                0x08006a24                        . = ALIGN (0x4)
                0x08006a24                        PROVIDE (__init_array_start = .)
 *(SORT_BY_NAME(.init_array.*))
 *(.init_array*)
 .init_array    0x08006a24        0x4 /Applications/STM32CubeIDE.app/Contents/Eclipse/plugins/com.st.stm32cube.ide.mcu.externaltools.gnu-tools-for-stm32.12.3.rel1.macos64_1.0.200.202406191456/tools/bin/../lib/gcc/arm-none-eabi/12.3.1/thumb/v7e-m+fp/hard/crtbegin.o
                0x08006a28                        PROVIDE (__init_array_end = .)
                0x08006a28                        . = ALIGN (0x4)

.fini_array     0x08006a28        0x4
                0x08006a28                        . = ALIGN (0x4)
                [!provide]                        PROVIDE (__fini_array_start = .)
 *(SORT_BY_NAME(.fini_array.*))
 *(.fini_array*)
 .fini_array    0x08006a28        0x4 /Applications/STM32CubeIDE.app/Contents/Eclipse/plugins/com.st.stm32cube.ide.mcu.externaltools.gnu-tools-for-stm32.12.3.rel1.macos64_1.0.200.202406191456/tools/bin/../lib/gcc/arm-none-eabi/12.3.1/thumb/v7e-m+fp/hard/crtbegin.o
                [!provide]                        PROVIDE (__fini_array_end = .)
                0x08006a2c                        . = ALIGN (0x4)
                0x08006a2c                        _sidata = LOADADDR (.data)

.rel.dyn        0x08006a2c        0x0
 .rel.iplt      0x08006a2c        0x0 /Applications/STM32CubeIDE.app/Contents/Eclipse/plugins/com.st.stm32cube.ide.mcu.externaltools.gnu-tools-for-stm32.12.3.rel1.macos64_1.0.200.202406191456/tools/bin/../lib/gcc/arm-none-eabi/12.3.1/thumb/v7e-m+fp/hard/crtbegin.o

.data           0x20000000       0x60 load address 0x08006a2c
                0x20000000                        . = ALIGN (0x4)
                0x20000000                        _sdata = .
 *(.data)
 *(.data*)
 .data.SystemCoreClock
                0x20000000        0x4 ./Core/Src/system_stm32l4xx.o
                0x20000000                SystemCoreClock
 .data.uwTickPrio
                0x20000004        0x4 ./Drivers/STM32L4xx_HAL_Driver/Src/stm32l4xx_hal.o
                0x20000004                uwTickPrio
 .data.uwTickFreq
                0x20000008        0x1 ./Drivers/STM32L4xx_HAL_Driver/Src/stm32l4xx_hal.o
                0x20000008                uwTickFreq
 *fill*         0x20000009        0x3 
 .data.uxCriticalNesting
                0x2000000c        0x4 ./Middlewares/Third_Party/FreeRTOS/Source/portable/GCC/ARM_CM4F/port.o
 .data._impure_ptr
                0x20000010        0x4 /Applications/STM32CubeIDE.app/Contents/Eclipse/plugins/com.st.stm32cube.ide.mcu.externaltools.gnu-tools-for-stm32.12.3.rel1.macos64_1.0.200.202406191456/tools/bin/../lib/gcc/arm-none-eabi/12.3.1/../../../../arm-none-eabi/lib/thumb/v7e-m+fp/hard/libc_nano.a(libc_a-impure.o)
                0x20000010                _impure_ptr
 .data._impure_data
                0x20000014       0x4c /Applications/STM32CubeIDE.app/Contents/Eclipse/plugins/com.st.stm32cube.ide.mcu.externaltools.gnu-tools-for-stm32.12.3.rel1.macos64_1.0.200.202406191456/tools/bin/../lib/gcc/arm-none-eabi/12.3.1/../../../../arm-none-eabi/lib/thumb/v7e-m+fp/hard/libc_nano.a(libc_a-impure.o)
                0x20000014                _impure_data
 *(.RamFunc)
 *(.RamFunc*)
                0x20000060                        . = ALIGN (0x4)
                0x20000060                        _edata = .

.igot.plt       0x20000060        0x0 load address 0x08006a8c
 .igot.plt      0x20000060        0x0 /Applications/STM32CubeIDE.app/Contents/Eclipse/plugins/com.st.stm32cube.ide.mcu.externaltools.gnu-tools-for-stm32.12.3.rel1.macos64_1.0.200.202406191456/tools/bin/../lib/gcc/arm-none-eabi/12.3.1/thumb/v7e-m+fp/hard/crtbegin.o
                0x20000060                        . = ALIGN (0x4)

.bss            0x20000060     0x6cd8 load address 0x08006a8c
                0x20000060                        _sbss = .
                0x20000060                        __bss_start__ = _sbss
 *(.bss)
 .bss           0x20000060       0x1c /Applications/STM32CubeIDE.app/Contents/Eclipse/plugins/com.st.stm32cube.ide.mcu.externaltools.gnu-tools-for-stm32.12.3.rel1.macos64_1.0.200.202406191456/tools/bin/../lib/gcc/arm-none-eabi/12.3.1/thumb/v7e-m+fp/hard/crtbegin.o
 *(.bss*)
 .bss.hi2c1     0x2000007c       0x54 ./Core/Src/main.o
                0x2000007c                hi2c1
 .bss.huart1    0x200000d0       0x88 ./Core/Src/main.o
                0x200000d0                huart1
 .bss.task_SelfGpsHandle
                0x20000158        0x4 ./Core/Src/main.o
                0x20000158                task_SelfGpsHandle
 .bss.task1Buffer
                0x2000015c      0x800 ./Core/Src/main.o
                0x2000015c                task1Buffer
 .bss.task1ControlBlock
                0x2000095c       0xa8 ./Core/Src/main.o
                0x2000095c                task1ControlBlock
 .bss.task_TargetGpsHandle
                0x20000a04        0x4 ./Core/Src/main.o
                0x20000a04                task_TargetGpsHandle
 .bss.task2Buffer
                0x20000a08      0x800 ./Core/Src/main.o
                0x20000a08                task2Buffer
 .bss.task2ControlBlock
                0x20001208       0xa8 ./Core/Src/main.o
                0x20001208                task2ControlBlock
 .bss.task_CalculateHandle
                0x200012b0        0x4 ./Core/Src/main.o
                0x200012b0                task_CalculateHandle
 .bss.task_CalculateBuffer
                0x200012b4      0x800 ./Core/Src/main.o
                0x200012b4                task_CalculateBuffer
 .bss.task_CalculateControlBlock
                0x20001ab4       0xa8 ./Core/Src/main.o
                0x20001ab4                task_CalculateControlBlock
 .bss.task_EncoderHandle
                0x20001b5c        0x4 ./Core/Src/main.o
                0x20001b5c                task_EncoderHandle
 .bss.task_EncoderBuffer
                0x20001b60      0x800 ./Core/Src/main.o
                0x20001b60                task_EncoderBuffer
 .bss.task_EncoderControlBlock
                0x20002360       0xa8 ./Core/Src/main.o
                0x20002360                task_EncoderControlBlock
 .bss.task_StepperHandle
                0x20002408        0x4 ./Core/Src/main.o
                0x20002408                task_StepperHandle
 .bss.task_StepperBuffer
                0x2000240c      0x800 ./Core/Src/main.o
                0x2000240c                task_StepperBuffer
 .bss.task_StepperControlBlock
                0x20002c0c       0xa8 ./Core/Src/main.o
                0x20002c0c                task_StepperControlBlock
 .bss.task_ServoHandle
                0x20002cb4        0x4 ./Core/Src/main.o
                0x20002cb4                task_ServoHandle
 .bss.task_ServoBuffer
                0x20002cb8      0x800 ./Core/Src/main.o
                0x20002cb8                task_ServoBuffer
 .bss.task_ServoControlBlock
                0x200034b8       0xa8 ./Core/Src/main.o
                0x200034b8                task_ServoControlBlock
 .bss.uartMutexHandle
                0x20003560        0x4 ./Core/Src/main.o
                0x20003560                uartMutexHandle
 .bss.uartMutexControlBlock
                0x20003564       0x50 ./Core/Src/main.o
                0x20003564                uartMutexControlBlock
 .bss.gpsDataMutexHandle
                0x200035b4        0x4 ./Core/Src/main.o
                0x200035b4                gpsDataMutexHandle
 .bss.gpsDataMutexControlBlock
                0x200035b8       0x50 ./Core/Src/main.o
                0x200035b8                gpsDataMutexControlBlock
 .bss.targetPositionMutexHandle
                0x20003608        0x4 ./Core/Src/main.o
                0x20003608                targetPositionMutexHandle
 .bss.targetPositionMutexControlBlock
                0x2000360c       0x50 ./Core/Src/main.o
                0x2000360c                targetPositionMutexControlBlock
 .bss.encoderPositionMutexHandle
                0x2000365c        0x4 ./Core/Src/main.o
                0x2000365c                encoderPositionMutexHandle
 .bss.encoderPositionMutexControlBlock
                0x20003660       0x50 ./Core/Src/main.o
                0x20003660                encoderPositionMutexControlBlock
 .bss.htim6     0x200036b0       0x4c ./Core/Src/stm32l4xx_hal_timebase_tim.o
                0x200036b0                htim6
 .bss.uwTick    0x200036fc        0x4 ./Drivers/STM32L4xx_HAL_Driver/Src/stm32l4xx_hal.o
                0x200036fc                uwTick
 .bss.KernelState
                0x20003700        0x4 ./Middlewares/Third_Party/FreeRTOS/Source/CMSIS_RTOS_V2/cmsis_os2.o
 .bss.Idle_TCB.3
                0x20003704       0xa8 ./Middlewares/Third_Party/FreeRTOS/Source/CMSIS_RTOS_V2/cmsis_os2.o
 .bss.Idle_Stack.2
                0x200037ac      0x200 ./Middlewares/Third_Party/FreeRTOS/Source/CMSIS_RTOS_V2/cmsis_os2.o
 .bss.Timer_TCB.1
                0x200039ac       0xa8 ./Middlewares/Third_Party/FreeRTOS/Source/CMSIS_RTOS_V2/cmsis_os2.o
 .bss.Timer_Stack.0
                0x20003a54      0x400 ./Middlewares/Third_Party/FreeRTOS/Source/CMSIS_RTOS_V2/cmsis_os2.o
 .bss.xQueueRegistry
                0x20003e54       0x40 ./Middlewares/Third_Party/FreeRTOS/Source/queue.o
                0x20003e54                xQueueRegistry
 .bss.pxCurrentTCB
                0x20003e94        0x4 ./Middlewares/Third_Party/FreeRTOS/Source/tasks.o
                0x20003e94                pxCurrentTCB
 .bss.pxReadyTasksLists
                0x20003e98      0x460 ./Middlewares/Third_Party/FreeRTOS/Source/tasks.o
 .bss.xDelayedTaskList1
                0x200042f8       0x14 ./Middlewares/Third_Party/FreeRTOS/Source/tasks.o
 .bss.xDelayedTaskList2
                0x2000430c       0x14 ./Middlewares/Third_Party/FreeRTOS/Source/tasks.o
 .bss.pxDelayedTaskList
                0x20004320        0x4 ./Middlewares/Third_Party/FreeRTOS/Source/tasks.o
 .bss.pxOverflowDelayedTaskList
                0x20004324        0x4 ./Middlewares/Third_Party/FreeRTOS/Source/tasks.o
 .bss.xPendingReadyList
                0x20004328       0x14 ./Middlewares/Third_Party/FreeRTOS/Source/tasks.o
 .bss.xTasksWaitingTermination
                0x2000433c       0x14 ./Middlewares/Third_Party/FreeRTOS/Source/tasks.o
 .bss.uxDeletedTasksWaitingCleanUp
                0x20004350        0x4 ./Middlewares/Third_Party/FreeRTOS/Source/tasks.o
 .bss.xSuspendedTaskList
                0x20004354       0x14 ./Middlewares/Third_Party/FreeRTOS/Source/tasks.o
 .bss.uxCurrentNumberOfTasks
                0x20004368        0x4 ./Middlewares/Third_Party/FreeRTOS/Source/tasks.o
 .bss.xTickCount
                0x2000436c        0x4 ./Middlewares/Third_Party/FreeRTOS/Source/tasks.o
 .bss.uxTopReadyPriority
                0x20004370        0x4 ./Middlewares/Third_Party/FreeRTOS/Source/tasks.o
 .bss.xSchedulerRunning
                0x20004374        0x4 ./Middlewares/Third_Party/FreeRTOS/Source/tasks.o
 .bss.xPendedTicks
                0x20004378        0x4 ./Middlewares/Third_Party/FreeRTOS/Source/tasks.o
 .bss.xYieldPending
                0x2000437c        0x4 ./Middlewares/Third_Party/FreeRTOS/Source/tasks.o
 .bss.xNumOfOverflows
                0x20004380        0x4 ./Middlewares/Third_Party/FreeRTOS/Source/tasks.o
 .bss.uxTaskNumber
                0x20004384        0x4 ./Middlewares/Third_Party/FreeRTOS/Source/tasks.o
 .bss.xNextTaskUnblockTime
                0x20004388        0x4 ./Middlewares/Third_Party/FreeRTOS/Source/tasks.o
 .bss.xIdleTaskHandle
                0x2000438c        0x4 ./Middlewares/Third_Party/FreeRTOS/Source/tasks.o
 .bss.uxSchedulerSuspended
                0x20004390        0x4 ./Middlewares/Third_Party/FreeRTOS/Source/tasks.o
 .bss.xActiveTimerList1
                0x20004394       0x14 ./Middlewares/Third_Party/FreeRTOS/Source/timers.o
 .bss.xActiveTimerList2
                0x200043a8       0x14 ./Middlewares/Third_Party/FreeRTOS/Source/timers.o
 .bss.pxCurrentTimerList
                0x200043bc        0x4 ./Middlewares/Third_Party/FreeRTOS/Source/timers.o
 .bss.pxOverflowTimerList
                0x200043c0        0x4 ./Middlewares/Third_Party/FreeRTOS/Source/timers.o
 .bss.xTimerQueue
                0x200043c4        0x4 ./Middlewares/Third_Party/FreeRTOS/Source/timers.o
 .bss.xTimerTaskHandle
                0x200043c8        0x4 ./Middlewares/Third_Party/FreeRTOS/Source/timers.o
 .bss.xLastTime.2
                0x200043cc        0x4 ./Middlewares/Third_Party/FreeRTOS/Source/timers.o
 .bss.ucStaticTimerQueueStorage.1
                0x200043d0       0xa0 ./Middlewares/Third_Party/FreeRTOS/Source/timers.o
 .bss.xStaticTimerQueue.0
                0x20004470       0x50 ./Middlewares/Third_Party/FreeRTOS/Source/timers.o
 .bss.ucMaxSysCallPriority
                0x200044c0        0x1 ./Middlewares/Third_Party/FreeRTOS/Source/portable/GCC/ARM_CM4F/port.o
 *fill*         0x200044c1        0x3 
 .bss.ulMaxPRIGROUPValue
                0x200044c4        0x4 ./Middlewares/Third_Party/FreeRTOS/Source/portable/GCC/ARM_CM4F/port.o
 .bss.ucHeap    0x200044c8     0x2710 ./Middlewares/Third_Party/FreeRTOS/Source/portable/MemMang/heap_4.o
 .bss.xStart    0x20006bd8        0x8 ./Middlewares/Third_Party/FreeRTOS/Source/portable/MemMang/heap_4.o
 .bss.pxEnd     0x20006be0        0x4 ./Middlewares/Third_Party/FreeRTOS/Source/portable/MemMang/heap_4.o
 .bss.xFreeBytesRemaining
                0x20006be4        0x4 ./Middlewares/Third_Party/FreeRTOS/Source/portable/MemMang/heap_4.o
 .bss.xMinimumEverFreeBytesRemaining
                0x20006be8        0x4 ./Middlewares/Third_Party/FreeRTOS/Source/portable/MemMang/heap_4.o
 .bss.xNumberOfSuccessfulAllocations
                0x20006bec        0x4 ./Middlewares/Third_Party/FreeRTOS/Source/portable/MemMang/heap_4.o
 .bss.xNumberOfSuccessfulFrees
                0x20006bf0        0x4 ./Middlewares/Third_Party/FreeRTOS/Source/portable/MemMang/heap_4.o
 .bss.xBlockAllocatedBit
                0x20006bf4        0x4 ./Middlewares/Third_Party/FreeRTOS/Source/portable/MemMang/heap_4.o
 .bss.__sf      0x20006bf8      0x138 /Applications/STM32CubeIDE.app/Contents/Eclipse/plugins/com.st.stm32cube.ide.mcu.externaltools.gnu-tools-for-stm32.12.3.rel1.macos64_1.0.200.202406191456/tools/bin/../lib/gcc/arm-none-eabi/12.3.1/../../../../arm-none-eabi/lib/thumb/v7e-m+fp/hard/libc_nano.a(libc_a-findfp.o)
                0x20006bf8                __sf
 .bss.__lock___malloc_recursive_mutex
                0x20006d30        0x1 /Applications/STM32CubeIDE.app/Contents/Eclipse/plugins/com.st.stm32cube.ide.mcu.externaltools.gnu-tools-for-stm32.12.3.rel1.macos64_1.0.200.202406191456/tools/bin/../lib/gcc/arm-none-eabi/12.3.1/../../../../arm-none-eabi/lib/thumb/v7e-m+fp/hard/libc_nano.a(libc_a-lock.o)
                0x20006d30                __lock___malloc_recursive_mutex
 *fill*         0x20006d31        0x3 
 .bss.__malloc_free_list
                0x20006d34        0x4 /Applications/STM32CubeIDE.app/Contents/Eclipse/plugins/com.st.stm32cube.ide.mcu.externaltools.gnu-tools-for-stm32.12.3.rel1.macos64_1.0.200.202406191456/tools/bin/../lib/gcc/arm-none-eabi/12.3.1/../../../../arm-none-eabi/lib/thumb/v7e-m+fp/hard/libc_nano.a(libc_a-mallocr.o)
                0x20006d34                __malloc_free_list
 *(COMMON)
                0x20006d38                        . = ALIGN (0x4)
                0x20006d38                        _ebss = .
                0x20006d38                        __bss_end__ = _ebss

._user_heap_stack
                0x20006d38      0x600 load address 0x08006a8c
                0x20006d38                        . = ALIGN (0x8)
                [!provide]                        PROVIDE (end = .)
                0x20006d38                        PROVIDE (_end = .)
                0x20006f38                        . = (. + _Min_Heap_Size)
 *fill*         0x20006d38      0x200 
                0x20007338                        . = (. + _Min_Stack_Size)
 *fill*         0x20006f38      0x400 
                0x20007338                        . = ALIGN (0x8)

/DISCARD/
 libc.a(*)
 libm.a(*)
 libgcc.a(*)

.ARM.attributes
                0x00000000       0x30
 *(.ARM.attributes)
 .ARM.attributes
                0x00000000       0x22 /Applications/STM32CubeIDE.app/Contents/Eclipse/plugins/com.st.stm32cube.ide.mcu.externaltools.gnu-tools-for-stm32.12.3.rel1.macos64_1.0.200.202406191456/tools/bin/../lib/gcc/arm-none-eabi/12.3.1/thumb/v7e-m+fp/hard/crti.o
 .ARM.attributes
                0x00000022       0x34 /Applications/STM32CubeIDE.app/Contents/Eclipse/plugins/com.st.stm32cube.ide.mcu.externaltools.gnu-tools-for-stm32.12.3.rel1.macos64_1.0.200.202406191456/tools/bin/../lib/gcc/arm-none-eabi/12.3.1/thumb/v7e-m+fp/hard/crtbegin.o
 .ARM.attributes
                0x00000056       0x34 ./Core/Src/calculate.o
 .ARM.attributes
                0x0000008a       0x34 ./Core/Src/encoder.o
 .ARM.attributes
                0x000000be       0x34 ./Core/Src/main.o
 .ARM.attributes
                0x000000f2       0x34 ./Core/Src/self_gps.o
 .ARM.attributes
                0x00000126       0x34 ./Core/Src/servo.o
 .ARM.attributes
                0x0000015a       0x34 ./Core/Src/stepper.o
 .ARM.attributes
                0x0000018e       0x34 ./Core/Src/stm32l4xx_hal_msp.o
 .ARM.attributes
                0x000001c2       0x34 ./Core/Src/stm32l4xx_hal_timebase_tim.o
 .ARM.attributes
                0x000001f6       0x34 ./Core/Src/stm32l4xx_it.o
 .ARM.attributes
                0x0000022a       0x34 ./Core/Src/system_stm32l4xx.o
 .ARM.attributes
                0x0000025e       0x34 ./Core/Src/target_gps.o
 .ARM.attributes
                0x00000292       0x21 ./Core/Startup/startup_stm32l433cctx.o
 .ARM.attributes
                0x000002b3       0x34 ./Drivers/STM32L4xx_HAL_Driver/Src/stm32l4xx_hal.o
 .ARM.attributes
                0x000002e7       0x34 ./Drivers/STM32L4xx_HAL_Driver/Src/stm32l4xx_hal_cortex.o
 .ARM.attributes
                0x0000031b       0x34 ./Drivers/STM32L4xx_HAL_Driver/Src/stm32l4xx_hal_gpio.o
 .ARM.attributes
                0x0000034f       0x34 ./Drivers/STM32L4xx_HAL_Driver/Src/stm32l4xx_hal_i2c.o
 .ARM.attributes
                0x00000383       0x34 ./Drivers/STM32L4xx_HAL_Driver/Src/stm32l4xx_hal_i2c_ex.o
 .ARM.attributes
                0x000003b7       0x34 ./Drivers/STM32L4xx_HAL_Driver/Src/stm32l4xx_hal_pwr_ex.o
 .ARM.attributes
                0x000003eb       0x34 ./Drivers/STM32L4xx_HAL_Driver/Src/stm32l4xx_hal_rcc.o
 .ARM.attributes
                0x0000041f       0x34 ./Drivers/STM32L4xx_HAL_Driver/Src/stm32l4xx_hal_rcc_ex.o
 .ARM.attributes
                0x00000453       0x34 ./Drivers/STM32L4xx_HAL_Driver/Src/stm32l4xx_hal_tim.o
 .ARM.attributes
                0x00000487       0x34 ./Drivers/STM32L4xx_HAL_Driver/Src/stm32l4xx_hal_tim_ex.o
 .ARM.attributes
                0x000004bb       0x34 ./Drivers/STM32L4xx_HAL_Driver/Src/stm32l4xx_hal_uart.o
 .ARM.attributes
                0x000004ef       0x34 ./Middlewares/Third_Party/FreeRTOS/Source/CMSIS_RTOS_V2/cmsis_os2.o
 .ARM.attributes
                0x00000523       0x34 ./Middlewares/Third_Party/FreeRTOS/Source/list.o
 .ARM.attributes
                0x00000557       0x34 ./Middlewares/Third_Party/FreeRTOS/Source/queue.o
 .ARM.attributes
                0x0000058b       0x34 ./Middlewares/Third_Party/FreeRTOS/Source/tasks.o
 .ARM.attributes
                0x000005bf       0x34 ./Middlewares/Third_Party/FreeRTOS/Source/timers.o
 .ARM.attributes
                0x000005f3       0x34 ./Middlewares/Third_Party/FreeRTOS/Source/portable/GCC/ARM_CM4F/port.o
 .ARM.attributes
                0x00000627       0x34 ./Middlewares/Third_Party/FreeRTOS/Source/portable/MemMang/heap_4.o
 .ARM.attributes
                0x0000065b       0x34 /Applications/STM32CubeIDE.app/Contents/Eclipse/plugins/com.st.stm32cube.ide.mcu.externaltools.gnu-tools-for-stm32.12.3.rel1.macos64_1.0.200.202406191456/tools/bin/../lib/gcc/arm-none-eabi/12.3.1/../../../../arm-none-eabi/lib/thumb/v7e-m+fp/hard/libc_nano.a(libc_a-findfp.o)
 .ARM.attributes
                0x0000068f       0x34 /Applications/STM32CubeIDE.app/Contents/Eclipse/plugins/com.st.stm32cube.ide.mcu.externaltools.gnu-tools-for-stm32.12.3.rel1.macos64_1.0.200.202406191456/tools/bin/../lib/gcc/arm-none-eabi/12.3.1/../../../../arm-none-eabi/lib/thumb/v7e-m+fp/hard/libc_nano.a(libc_a-memset.o)
 .ARM.attributes
                0x000006c3       0x34 /Applications/STM32CubeIDE.app/Contents/Eclipse/plugins/com.st.stm32cube.ide.mcu.externaltools.gnu-tools-for-stm32.12.3.rel1.macos64_1.0.200.202406191456/tools/bin/../lib/gcc/arm-none-eabi/12.3.1/../../../../arm-none-eabi/lib/thumb/v7e-m+fp/hard/libc_nano.a(libc_a-reent.o)
 .ARM.attributes
                0x000006f7       0x34 /Applications/STM32CubeIDE.app/Contents/Eclipse/plugins/com.st.stm32cube.ide.mcu.externaltools.gnu-tools-for-stm32.12.3.rel1.macos64_1.0.200.202406191456/tools/bin/../lib/gcc/arm-none-eabi/12.3.1/../../../../arm-none-eabi/lib/thumb/v7e-m+fp/hard/libc_nano.a(libc_a-impure.o)
 .ARM.attributes
                0x0000072b       0x34 /Applications/STM32CubeIDE.app/Contents/Eclipse/plugins/com.st.stm32cube.ide.mcu.externaltools.gnu-tools-for-stm32.12.3.rel1.macos64_1.0.200.202406191456/tools/bin/../lib/gcc/arm-none-eabi/12.3.1/../../../../arm-none-eabi/lib/thumb/v7e-m+fp/hard/libc_nano.a(libc_a-init.o)
 .ARM.attributes
                0x0000075f       0x34 /Applications/STM32CubeIDE.app/Contents/Eclipse/plugins/com.st.stm32cube.ide.mcu.externaltools.gnu-tools-for-stm32.12.3.rel1.macos64_1.0.200.202406191456/tools/bin/../lib/gcc/arm-none-eabi/12.3.1/../../../../arm-none-eabi/lib/thumb/v7e-m+fp/hard/libc_nano.a(libc_a-lock.o)
 .ARM.attributes
                0x00000793       0x34 /Applications/STM32CubeIDE.app/Contents/Eclipse/plugins/com.st.stm32cube.ide.mcu.externaltools.gnu-tools-for-stm32.12.3.rel1.macos64_1.0.200.202406191456/tools/bin/../lib/gcc/arm-none-eabi/12.3.1/../../../../arm-none-eabi/lib/thumb/v7e-m+fp/hard/libc_nano.a(libc_a-memcpy-stub.o)
 .ARM.attributes
                0x000007c7       0x34 /Applications/STM32CubeIDE.app/Contents/Eclipse/plugins/com.st.stm32cube.ide.mcu.externaltools.gnu-tools-for-stm32.12.3.rel1.macos64_1.0.200.202406191456/tools/bin/../lib/gcc/arm-none-eabi/12.3.1/../../../../arm-none-eabi/lib/thumb/v7e-m+fp/hard/libc_nano.a(libc_a-freer.o)
 .ARM.attributes
                0x000007fb       0x34 /Applications/STM32CubeIDE.app/Contents/Eclipse/plugins/com.st.stm32cube.ide.mcu.externaltools.gnu-tools-for-stm32.12.3.rel1.macos64_1.0.200.202406191456/tools/bin/../lib/gcc/arm-none-eabi/12.3.1/../../../../arm-none-eabi/lib/thumb/v7e-m+fp/hard/libc_nano.a(libc_a-mallocr.o)
 .ARM.attributes
                0x0000082f       0x34 /Applications/STM32CubeIDE.app/Contents/Eclipse/plugins/com.st.stm32cube.ide.mcu.externaltools.gnu-tools-for-stm32.12.3.rel1.macos64_1.0.200.202406191456/tools/bin/../lib/gcc/arm-none-eabi/12.3.1/../../../../arm-none-eabi/lib/thumb/v7e-m+fp/hard/libc_nano.a(libc_a-mlock.o)
 .ARM.attributes
                0x00000863       0x22 /Applications/STM32CubeIDE.app/Contents/Eclipse/plugins/com.st.stm32cube.ide.mcu.externaltools.gnu-tools-for-stm32.12.3.rel1.macos64_1.0.200.202406191456/tools/bin/../lib/gcc/arm-none-eabi/12.3.1/thumb/v7e-m+fp/hard/libgcc.a(_aeabi_uldivmod.o)
 .ARM.attributes
                0x00000885       0x34 /Applications/STM32CubeIDE.app/Contents/Eclipse/plugins/com.st.stm32cube.ide.mcu.externaltools.gnu-tools-for-stm32.12.3.rel1.macos64_1.0.200.202406191456/tools/bin/../lib/gcc/arm-none-eabi/12.3.1/thumb/v7e-m+fp/hard/libgcc.a(_udivmoddi4.o)
 .ARM.attributes
                0x000008b9       0x22 /Applications/STM32CubeIDE.app/Contents/Eclipse/plugins/com.st.stm32cube.ide.mcu.externaltools.gnu-tools-for-stm32.12.3.rel1.macos64_1.0.200.202406191456/tools/bin/../lib/gcc/arm-none-eabi/12.3.1/thumb/v7e-m+fp/hard/libgcc.a(_dvmd_tls.o)
 .ARM.attributes
                0x000008db       0x22 /Applications/STM32CubeIDE.app/Contents/Eclipse/plugins/com.st.stm32cube.ide.mcu.externaltools.gnu-tools-for-stm32.12.3.rel1.macos64_1.0.200.202406191456/tools/bin/../lib/gcc/arm-none-eabi/12.3.1/thumb/v7e-m+fp/hard/crtn.o
OUTPUT(ats_software.elf elf32-littlearm)
LOAD linker stubs
LOAD /Applications/STM32CubeIDE.app/Contents/Eclipse/plugins/com.st.stm32cube.ide.mcu.externaltools.gnu-tools-for-stm32.12.3.rel1.macos64_1.0.200.202406191456/tools/bin/../lib/gcc/arm-none-eabi/12.3.1/../../../../arm-none-eabi/lib/thumb/v7e-m+fp/hard/libc.a
LOAD /Applications/STM32CubeIDE.app/Contents/Eclipse/plugins/com.st.stm32cube.ide.mcu.externaltools.gnu-tools-for-stm32.12.3.rel1.macos64_1.0.200.202406191456/tools/bin/../lib/gcc/arm-none-eabi/12.3.1/../../../../arm-none-eabi/lib/thumb/v7e-m+fp/hard/libm.a
LOAD /Applications/STM32CubeIDE.app/Contents/Eclipse/plugins/com.st.stm32cube.ide.mcu.externaltools.gnu-tools-for-stm32.12.3.rel1.macos64_1.0.200.202406191456/tools/bin/../lib/gcc/arm-none-eabi/12.3.1/thumb/v7e-m+fp/hard/libgcc.a

.debug_info     0x00000000    0x1eee0
 .debug_info    0x00000000      0x156 ./Core/Src/calculate.o
 .debug_info    0x00000156       0xfe ./Core/Src/encoder.o
 .debug_info    0x00000254     0x2662 ./Core/Src/main.o
 .debug_info    0x000028b6      0x133 ./Core/Src/self_gps.o
 .debug_info    0x000029e9      0x107 ./Core/Src/servo.o
 .debug_info    0x00002af0      0x135 ./Core/Src/stepper.o
 .debug_info    0x00002c25     0x11e8 ./Core/Src/stm32l4xx_hal_msp.o
 .debug_info    0x00003e0d      0xc33 ./Core/Src/stm32l4xx_hal_timebase_tim.o
 .debug_info    0x00004a40      0x6d1 ./Core/Src/stm32l4xx_it.o
 .debug_info    0x00005111      0x5bf ./Core/Src/system_stm32l4xx.o
 .debug_info    0x000056d0      0x133 ./Core/Src/target_gps.o
 .debug_info    0x00005803       0x30 ./Core/Startup/startup_stm32l433cctx.o
 .debug_info    0x00005833      0xa9f ./Drivers/STM32L4xx_HAL_Driver/Src/stm32l4xx_hal.o
 .debug_info    0x000062d2      0xd27 ./Drivers/STM32L4xx_HAL_Driver/Src/stm32l4xx_hal_cortex.o
 .debug_info    0x00006ff9      0x757 ./Drivers/STM32L4xx_HAL_Driver/Src/stm32l4xx_hal_gpio.o
 .debug_info    0x00007750     0x20d2 ./Drivers/STM32L4xx_HAL_Driver/Src/stm32l4xx_hal_i2c.o
 .debug_info    0x00009822      0x981 ./Drivers/STM32L4xx_HAL_Driver/Src/stm32l4xx_hal_i2c_ex.o
 .debug_info    0x0000a1a3      0x920 ./Drivers/STM32L4xx_HAL_Driver/Src/stm32l4xx_hal_pwr_ex.o
 .debug_info    0x0000aac3      0xbc3 ./Drivers/STM32L4xx_HAL_Driver/Src/stm32l4xx_hal_rcc.o
 .debug_info    0x0000b686      0xf0c ./Drivers/STM32L4xx_HAL_Driver/Src/stm32l4xx_hal_rcc_ex.o
 .debug_info    0x0000c592     0x2a9a ./Drivers/STM32L4xx_HAL_Driver/Src/stm32l4xx_hal_tim.o
 .debug_info    0x0000f02c     0x169e ./Drivers/STM32L4xx_HAL_Driver/Src/stm32l4xx_hal_tim_ex.o
 .debug_info    0x000106ca     0x3b77 ./Drivers/STM32L4xx_HAL_Driver/Src/stm32l4xx_hal_uart.o
 .debug_info    0x00014241     0x40b3 ./Middlewares/Third_Party/FreeRTOS/Source/CMSIS_RTOS_V2/cmsis_os2.o
 .debug_info    0x000182f4      0x2af ./Middlewares/Third_Party/FreeRTOS/Source/list.o
 .debug_info    0x000185a3     0x1b79 ./Middlewares/Third_Party/FreeRTOS/Source/queue.o
 .debug_info    0x0001a11c     0x28c1 ./Middlewares/Third_Party/FreeRTOS/Source/tasks.o
 .debug_info    0x0001c9dd     0x1b50 ./Middlewares/Third_Party/FreeRTOS/Source/timers.o
 .debug_info    0x0001e52d      0x4de ./Middlewares/Third_Party/FreeRTOS/Source/portable/GCC/ARM_CM4F/port.o
 .debug_info    0x0001ea0b      0x4d5 ./Middlewares/Third_Party/FreeRTOS/Source/portable/MemMang/heap_4.o

.debug_abbrev   0x00000000     0x3ec7
 .debug_abbrev  0x00000000       0xb1 ./Core/Src/calculate.o
 .debug_abbrev  0x000000b1       0xc2 ./Core/Src/encoder.o
 .debug_abbrev  0x00000173      0x35c ./Core/Src/main.o
 .debug_abbrev  0x000004cf       0xc4 ./Core/Src/self_gps.o
 .debug_abbrev  0x00000593       0xc4 ./Core/Src/servo.o
 .debug_abbrev  0x00000657       0xca ./Core/Src/stepper.o
 .debug_abbrev  0x00000721      0x1e3 ./Core/Src/stm32l4xx_hal_msp.o
 .debug_abbrev  0x00000904      0x1f4 ./Core/Src/stm32l4xx_hal_timebase_tim.o
 .debug_abbrev  0x00000af8      0x17e ./Core/Src/stm32l4xx_it.o
 .debug_abbrev  0x00000c76      0x11a ./Core/Src/system_stm32l4xx.o
 .debug_abbrev  0x00000d90       0xc4 ./Core/Src/target_gps.o
 .debug_abbrev  0x00000e54       0x24 ./Core/Startup/startup_stm32l433cctx.o
 .debug_abbrev  0x00000e78      0x242 ./Drivers/STM32L4xx_HAL_Driver/Src/stm32l4xx_hal.o
 .debug_abbrev  0x000010ba      0x31c ./Drivers/STM32L4xx_HAL_Driver/Src/stm32l4xx_hal_cortex.o
 .debug_abbrev  0x000013d6      0x1cb ./Drivers/STM32L4xx_HAL_Driver/Src/stm32l4xx_hal_gpio.o
 .debug_abbrev  0x000015a1      0x261 ./Drivers/STM32L4xx_HAL_Driver/Src/stm32l4xx_hal_i2c.o
 .debug_abbrev  0x00001802      0x1c3 ./Drivers/STM32L4xx_HAL_Driver/Src/stm32l4xx_hal_i2c_ex.o
 .debug_abbrev  0x000019c5      0x1f9 ./Drivers/STM32L4xx_HAL_Driver/Src/stm32l4xx_hal_pwr_ex.o
 .debug_abbrev  0x00001bbe      0x2cb ./Drivers/STM32L4xx_HAL_Driver/Src/stm32l4xx_hal_rcc.o
 .debug_abbrev  0x00001e89      0x2a1 ./Drivers/STM32L4xx_HAL_Driver/Src/stm32l4xx_hal_rcc_ex.o
 .debug_abbrev  0x0000212a      0x278 ./Drivers/STM32L4xx_HAL_Driver/Src/stm32l4xx_hal_tim.o
 .debug_abbrev  0x000023a2      0x283 ./Drivers/STM32L4xx_HAL_Driver/Src/stm32l4xx_hal_tim_ex.o
 .debug_abbrev  0x00002625      0x2d0 ./Drivers/STM32L4xx_HAL_Driver/Src/stm32l4xx_hal_uart.o
 .debug_abbrev  0x000028f5      0x548 ./Middlewares/Third_Party/FreeRTOS/Source/CMSIS_RTOS_V2/cmsis_os2.o
 .debug_abbrev  0x00002e3d       0xf5 ./Middlewares/Third_Party/FreeRTOS/Source/list.o
 .debug_abbrev  0x00002f32      0x3b6 ./Middlewares/Third_Party/FreeRTOS/Source/queue.o
 .debug_abbrev  0x000032e8      0x3fe ./Middlewares/Third_Party/FreeRTOS/Source/tasks.o
 .debug_abbrev  0x000036e6      0x368 ./Middlewares/Third_Party/FreeRTOS/Source/timers.o
 .debug_abbrev  0x00003a4e      0x25c ./Middlewares/Third_Party/FreeRTOS/Source/portable/GCC/ARM_CM4F/port.o
 .debug_abbrev  0x00003caa      0x21d ./Middlewares/Third_Party/FreeRTOS/Source/portable/MemMang/heap_4.o

.debug_aranges  0x00000000     0x1a58
 .debug_aranges
                0x00000000       0x20 ./Core/Src/calculate.o
 .debug_aranges
                0x00000020       0x28 ./Core/Src/encoder.o
 .debug_aranges
                0x00000048       0x80 ./Core/Src/main.o
 .debug_aranges
                0x000000c8       0x28 ./Core/Src/self_gps.o
 .debug_aranges
                0x000000f0       0x28 ./Core/Src/servo.o
 .debug_aranges
                0x00000118       0x28 ./Core/Src/stepper.o
 .debug_aranges
                0x00000140       0x40 ./Core/Src/stm32l4xx_hal_msp.o
 .debug_aranges
                0x00000180       0x30 ./Core/Src/stm32l4xx_hal_timebase_tim.o
 .debug_aranges
                0x000001b0       0x50 ./Core/Src/stm32l4xx_it.o
 .debug_aranges
                0x00000200       0x28 ./Core/Src/system_stm32l4xx.o
 .debug_aranges
                0x00000228       0x28 ./Core/Src/target_gps.o
 .debug_aranges
                0x00000250       0x28 ./Core/Startup/startup_stm32l433cctx.o
 .debug_aranges
                0x00000278      0x130 ./Drivers/STM32L4xx_HAL_Driver/Src/stm32l4xx_hal.o
 .debug_aranges
                0x000003a8      0x128 ./Drivers/STM32L4xx_HAL_Driver/Src/stm32l4xx_hal_cortex.o
 .debug_aranges
                0x000004d0       0x58 ./Drivers/STM32L4xx_HAL_Driver/Src/stm32l4xx_hal_gpio.o
 .debug_aranges
                0x00000528      0x2a0 ./Drivers/STM32L4xx_HAL_Driver/Src/stm32l4xx_hal_i2c.o
 .debug_aranges
                0x000007c8       0x48 ./Drivers/STM32L4xx_HAL_Driver/Src/stm32l4xx_hal_i2c_ex.o
 .debug_aranges
                0x00000810      0x128 ./Drivers/STM32L4xx_HAL_Driver/Src/stm32l4xx_hal_pwr_ex.o
 .debug_aranges
                0x00000938       0x90 ./Drivers/STM32L4xx_HAL_Driver/Src/stm32l4xx_hal_rcc.o
 .debug_aranges
                0x000009c8       0xf0 ./Drivers/STM32L4xx_HAL_Driver/Src/stm32l4xx_hal_rcc_ex.o
 .debug_aranges
                0x00000ab8      0x3e0 ./Drivers/STM32L4xx_HAL_Driver/Src/stm32l4xx_hal_tim.o
 .debug_aranges
                0x00000e98      0x180 ./Drivers/STM32L4xx_HAL_Driver/Src/stm32l4xx_hal_tim_ex.o
 .debug_aranges
                0x00001018      0x228 ./Drivers/STM32L4xx_HAL_Driver/Src/stm32l4xx_hal_uart.o
 .debug_aranges
                0x00001240      0x2b0 ./Middlewares/Third_Party/FreeRTOS/Source/CMSIS_RTOS_V2/cmsis_os2.o
 .debug_aranges
                0x000014f0       0x40 ./Middlewares/Third_Party/FreeRTOS/Source/list.o
 .debug_aranges
                0x00001530      0x158 ./Middlewares/Third_Party/FreeRTOS/Source/queue.o
 .debug_aranges
                0x00001688      0x208 ./Middlewares/Third_Party/FreeRTOS/Source/tasks.o
 .debug_aranges
                0x00001890       0xf0 ./Middlewares/Third_Party/FreeRTOS/Source/timers.o
 .debug_aranges
                0x00001980       0x80 ./Middlewares/Third_Party/FreeRTOS/Source/portable/GCC/ARM_CM4F/port.o
 .debug_aranges
                0x00001a00       0x58 ./Middlewares/Third_Party/FreeRTOS/Source/portable/MemMang/heap_4.o

.debug_rnglists
                0x00000000     0x147a
 .debug_rnglists
                0x00000000       0x13 ./Core/Src/calculate.o
 .debug_rnglists
                0x00000013       0x19 ./Core/Src/encoder.o
 .debug_rnglists
                0x0000002c       0x5f ./Core/Src/main.o
 .debug_rnglists
                0x0000008b       0x19 ./Core/Src/self_gps.o
 .debug_rnglists
                0x000000a4       0x19 ./Core/Src/servo.o
 .debug_rnglists
                0x000000bd       0x19 ./Core/Src/stepper.o
 .debug_rnglists
                0x000000d6       0x2d ./Core/Src/stm32l4xx_hal_msp.o
 .debug_rnglists
                0x00000103       0x20 ./Core/Src/stm32l4xx_hal_timebase_tim.o
 .debug_rnglists
                0x00000123       0x37 ./Core/Src/stm32l4xx_it.o
 .debug_rnglists
                0x0000015a       0x1a ./Core/Src/system_stm32l4xx.o
 .debug_rnglists
                0x00000174       0x19 ./Core/Src/target_gps.o
 .debug_rnglists
                0x0000018d       0x19 ./Core/Startup/startup_stm32l433cctx.o
 .debug_rnglists
                0x000001a6       0xdf ./Drivers/STM32L4xx_HAL_Driver/Src/stm32l4xx_hal.o
 .debug_rnglists
                0x00000285       0xda ./Drivers/STM32L4xx_HAL_Driver/Src/stm32l4xx_hal_cortex.o
 .debug_rnglists
                0x0000035f       0x3f ./Drivers/STM32L4xx_HAL_Driver/Src/stm32l4xx_hal_gpio.o
 .debug_rnglists
                0x0000039e      0x228 ./Drivers/STM32L4xx_HAL_Driver/Src/stm32l4xx_hal_i2c.o
 .debug_rnglists
                0x000005c6       0x35 ./Drivers/STM32L4xx_HAL_Driver/Src/stm32l4xx_hal_i2c_ex.o
 .debug_rnglists
                0x000005fb       0xdf ./Drivers/STM32L4xx_HAL_Driver/Src/stm32l4xx_hal_pwr_ex.o
 .debug_rnglists
                0x000006da       0x6d ./Drivers/STM32L4xx_HAL_Driver/Src/stm32l4xx_hal_rcc.o
 .debug_rnglists
                0x00000747       0xba ./Drivers/STM32L4xx_HAL_Driver/Src/stm32l4xx_hal_rcc_ex.o
 .debug_rnglists
                0x00000801      0x328 ./Drivers/STM32L4xx_HAL_Driver/Src/stm32l4xx_hal_tim.o
 .debug_rnglists
                0x00000b29      0x139 ./Drivers/STM32L4xx_HAL_Driver/Src/stm32l4xx_hal_tim_ex.o
 .debug_rnglists
                0x00000c62      0x1db ./Drivers/STM32L4xx_HAL_Driver/Src/stm32l4xx_hal_uart.o
 .debug_rnglists
                0x00000e3d      0x212 ./Middlewares/Third_Party/FreeRTOS/Source/CMSIS_RTOS_V2/cmsis_os2.o
 .debug_rnglists
                0x0000104f       0x2b ./Middlewares/Third_Party/FreeRTOS/Source/list.o
 .debug_rnglists
                0x0000107a      0x109 ./Middlewares/Third_Party/FreeRTOS/Source/queue.o
 .debug_rnglists
                0x00001183      0x1a0 ./Middlewares/Third_Party/FreeRTOS/Source/tasks.o
 .debug_rnglists
                0x00001323       0xb8 ./Middlewares/Third_Party/FreeRTOS/Source/timers.o
 .debug_rnglists
                0x000013db       0x5d ./Middlewares/Third_Party/FreeRTOS/Source/portable/GCC/ARM_CM4F/port.o
 .debug_rnglists
                0x00001438       0x42 ./Middlewares/Third_Party/FreeRTOS/Source/portable/MemMang/heap_4.o

.debug_macro    0x00000000     0x61db
 .debug_macro   0x00000000      0x1a8 ./Core/Src/calculate.o
 .debug_macro   0x000001a8      0xab4 ./Core/Src/calculate.o
 .debug_macro   0x00000c5c      0x189 ./Core/Src/calculate.o
 .debug_macro   0x00000de5       0x22 ./Core/Src/calculate.o
 .debug_macro   0x00000e07       0x8e ./Core/Src/calculate.o
 .debug_macro   0x00000e95       0x51 ./Core/Src/calculate.o
 .debug_macro   0x00000ee6      0x103 ./Core/Src/calculate.o
 .debug_macro   0x00000fe9       0x6a ./Core/Src/calculate.o
 .debug_macro   0x00001053      0x1df ./Core/Src/calculate.o
 .debug_macro   0x00001232      0x16f ./Core/Src/calculate.o
 .debug_macro   0x000013a1      0x15a ./Core/Src/calculate.o
 .debug_macro   0x000014fb       0xc9 ./Core/Src/calculate.o
 .debug_macro   0x000015c4       0x1c ./Core/Src/calculate.o
 .debug_macro   0x000015e0       0x26 ./Core/Src/calculate.o
 .debug_macro   0x00001606       0x61 ./Core/Src/calculate.o
 .debug_macro   0x00001667       0x2a ./Core/Src/calculate.o
 .debug_macro   0x00001691       0x43 ./Core/Src/calculate.o
 .debug_macro   0x000016d4       0x34 ./Core/Src/calculate.o
 .debug_macro   0x00001708       0x16 ./Core/Src/calculate.o
 .debug_macro   0x0000171e       0x43 ./Core/Src/calculate.o
 .debug_macro   0x00001761       0x34 ./Core/Src/calculate.o
 .debug_macro   0x00001795       0x10 ./Core/Src/calculate.o
 .debug_macro   0x000017a5       0x58 ./Core/Src/calculate.o
 .debug_macro   0x000017fd       0x8e ./Core/Src/calculate.o
 .debug_macro   0x0000188b       0x1c ./Core/Src/calculate.o
 .debug_macro   0x000018a7      0x177 ./Core/Src/calculate.o
 .debug_macro   0x00001a1e       0x10 ./Core/Src/calculate.o
 .debug_macro   0x00001a2e       0x35 ./Core/Src/calculate.o
 .debug_macro   0x00001a63      0x4bf ./Core/Src/calculate.o
 .debug_macro   0x00001f22       0xb5 ./Core/Src/calculate.o
 .debug_macro   0x00001fd7       0xaa ./Core/Src/calculate.o
 .debug_macro   0x00002081       0x66 ./Core/Src/calculate.o
 .debug_macro   0x000020e7       0x10 ./Core/Src/calculate.o
 .debug_macro   0x000020f7       0x74 ./Core/Src/calculate.o
 .debug_macro   0x0000216b       0xdd ./Core/Src/calculate.o
 .debug_macro   0x00002248      0x1a8 ./Core/Src/encoder.o
 .debug_macro   0x000023f0      0x35a ./Core/Src/main.o
 .debug_macro   0x0000274a      0x16f ./Core/Src/main.o
 .debug_macro   0x000028b9      0x1a8 ./Core/Src/self_gps.o
 .debug_macro   0x00002a61      0x1a8 ./Core/Src/servo.o
 .debug_macro   0x00002c09      0x1a8 ./Core/Src/stepper.o
 .debug_macro   0x00002db1      0x1e3 ./Core/Src/stm32l4xx_hal_msp.o
 .debug_macro   0x00002f94      0x1d9 ./Core/Src/stm32l4xx_hal_timebase_tim.o
 .debug_macro   0x0000316d      0x1ed ./Core/Src/stm32l4xx_it.o
 .debug_macro   0x0000335a      0x1d9 ./Core/Src/system_stm32l4xx.o
 .debug_macro   0x00003533      0x1a8 ./Core/Src/target_gps.o
 .debug_macro   0x000036db      0x227 ./Drivers/STM32L4xx_HAL_Driver/Src/stm32l4xx_hal.o
 .debug_macro   0x00003902      0x1d9 ./Drivers/STM32L4xx_HAL_Driver/Src/stm32l4xx_hal_cortex.o
 .debug_macro   0x00003adb      0x1e0 ./Drivers/STM32L4xx_HAL_Driver/Src/stm32l4xx_hal_gpio.o
 .debug_macro   0x00003cbb      0x2a5 ./Drivers/STM32L4xx_HAL_Driver/Src/stm32l4xx_hal_i2c.o
 .debug_macro   0x00003f60      0x1d9 ./Drivers/STM32L4xx_HAL_Driver/Src/stm32l4xx_hal_i2c_ex.o
 .debug_macro   0x00004139      0x1fd ./Drivers/STM32L4xx_HAL_Driver/Src/stm32l4xx_hal_pwr_ex.o
 .debug_macro   0x00004336      0x21b ./Drivers/STM32L4xx_HAL_Driver/Src/stm32l4xx_hal_rcc.o
 .debug_macro   0x00004551      0x20f ./Drivers/STM32L4xx_HAL_Driver/Src/stm32l4xx_hal_rcc_ex.o
 .debug_macro   0x00004760      0x1da ./Drivers/STM32L4xx_HAL_Driver/Src/stm32l4xx_hal_tim.o
 .debug_macro   0x0000493a      0x1d9 ./Drivers/STM32L4xx_HAL_Driver/Src/stm32l4xx_hal_tim_ex.o
 .debug_macro   0x00004b13      0x204 ./Drivers/STM32L4xx_HAL_Driver/Src/stm32l4xx_hal_uart.o
 .debug_macro   0x00004d17      0x3e2 ./Middlewares/Third_Party/FreeRTOS/Source/CMSIS_RTOS_V2/cmsis_os2.o
 .debug_macro   0x000050f9       0x10 ./Middlewares/Third_Party/FreeRTOS/Source/CMSIS_RTOS_V2/cmsis_os2.o
 .debug_macro   0x00005109       0x20 ./Middlewares/Third_Party/FreeRTOS/Source/CMSIS_RTOS_V2/cmsis_os2.o
 .debug_macro   0x00005129       0xf5 ./Middlewares/Third_Party/FreeRTOS/Source/CMSIS_RTOS_V2/cmsis_os2.o
 .debug_macro   0x0000521e       0x16 ./Middlewares/Third_Party/FreeRTOS/Source/CMSIS_RTOS_V2/cmsis_os2.o
 .debug_macro   0x00005234       0x91 ./Middlewares/Third_Party/FreeRTOS/Source/CMSIS_RTOS_V2/cmsis_os2.o
 .debug_macro   0x000052c5       0x8d ./Middlewares/Third_Party/FreeRTOS/Source/CMSIS_RTOS_V2/cmsis_os2.o
 .debug_macro   0x00005352       0x9a ./Middlewares/Third_Party/FreeRTOS/Source/CMSIS_RTOS_V2/cmsis_os2.o
 .debug_macro   0x000053ec       0x22 ./Middlewares/Third_Party/FreeRTOS/Source/CMSIS_RTOS_V2/cmsis_os2.o
 .debug_macro   0x0000540e       0x56 ./Middlewares/Third_Party/FreeRTOS/Source/CMSIS_RTOS_V2/cmsis_os2.o
 .debug_macro   0x00005464      0x199 ./Middlewares/Third_Party/FreeRTOS/Source/list.o
 .debug_macro   0x000055fd      0x228 ./Middlewares/Third_Party/FreeRTOS/Source/queue.o
 .debug_macro   0x00005825       0x16 ./Middlewares/Third_Party/FreeRTOS/Source/queue.o
 .debug_macro   0x0000583b       0x87 ./Middlewares/Third_Party/FreeRTOS/Source/queue.o
 .debug_macro   0x000058c2      0x291 ./Middlewares/Third_Party/FreeRTOS/Source/tasks.o
 .debug_macro   0x00005b53       0x10 ./Middlewares/Third_Party/FreeRTOS/Source/tasks.o
 .debug_macro   0x00005b63      0x1ee ./Middlewares/Third_Party/FreeRTOS/Source/timers.o
 .debug_macro   0x00005d51       0x97 ./Middlewares/Third_Party/FreeRTOS/Source/timers.o
 .debug_macro   0x00005de8      0x233 ./Middlewares/Third_Party/FreeRTOS/Source/portable/GCC/ARM_CM4F/port.o
 .debug_macro   0x0000601b      0x1c0 ./Middlewares/Third_Party/FreeRTOS/Source/portable/MemMang/heap_4.o

.debug_line     0x00000000    0x1f189
 .debug_line    0x00000000      0x66b ./Core/Src/calculate.o
 .debug_line    0x0000066b      0x67c ./Core/Src/encoder.o
 .debug_line    0x00000ce7      0xcaa ./Core/Src/main.o
 .debug_line    0x00001991      0x67e ./Core/Src/self_gps.o
 .debug_line    0x0000200f      0x678 ./Core/Src/servo.o
 .debug_line    0x00002687      0x67c ./Core/Src/stepper.o
 .debug_line    0x00002d03      0x7d8 ./Core/Src/stm32l4xx_hal_msp.o
 .debug_line    0x000034db      0x78e ./Core/Src/stm32l4xx_hal_timebase_tim.o
 .debug_line    0x00003c69      0x7b2 ./Core/Src/stm32l4xx_it.o
 .debug_line    0x0000441b      0x7b0 ./Core/Src/system_stm32l4xx.o
 .debug_line    0x00004bcb      0x682 ./Core/Src/target_gps.o
 .debug_line    0x0000524d       0x7a ./Core/Startup/startup_stm32l433cctx.o
 .debug_line    0x000052c7      0xb0b ./Drivers/STM32L4xx_HAL_Driver/Src/stm32l4xx_hal.o
 .debug_line    0x00005dd2      0xcd4 ./Drivers/STM32L4xx_HAL_Driver/Src/stm32l4xx_hal_cortex.o
 .debug_line    0x00006aa6      0xb43 ./Drivers/STM32L4xx_HAL_Driver/Src/stm32l4xx_hal_gpio.o
 .debug_line    0x000075e9     0x3a3e ./Drivers/STM32L4xx_HAL_Driver/Src/stm32l4xx_hal_i2c.o
 .debug_line    0x0000b027      0x933 ./Drivers/STM32L4xx_HAL_Driver/Src/stm32l4xx_hal_i2c_ex.o
 .debug_line    0x0000b95a      0xc18 ./Drivers/STM32L4xx_HAL_Driver/Src/stm32l4xx_hal_pwr_ex.o
 .debug_line    0x0000c572      0xfc2 ./Drivers/STM32L4xx_HAL_Driver/Src/stm32l4xx_hal_rcc.o
 .debug_line    0x0000d534     0x13af ./Drivers/STM32L4xx_HAL_Driver/Src/stm32l4xx_hal_rcc_ex.o
 .debug_line    0x0000e8e3     0x3bea ./Drivers/STM32L4xx_HAL_Driver/Src/stm32l4xx_hal_tim.o
 .debug_line    0x000124cd     0x1b0c ./Drivers/STM32L4xx_HAL_Driver/Src/stm32l4xx_hal_tim_ex.o
 .debug_line    0x00013fd9     0x31d5 ./Drivers/STM32L4xx_HAL_Driver/Src/stm32l4xx_hal_uart.o
 .debug_line    0x000171ae     0x2374 ./Middlewares/Third_Party/FreeRTOS/Source/CMSIS_RTOS_V2/cmsis_os2.o
 .debug_line    0x00019522      0x73a ./Middlewares/Third_Party/FreeRTOS/Source/list.o
 .debug_line    0x00019c5c     0x1704 ./Middlewares/Third_Party/FreeRTOS/Source/queue.o
 .debug_line    0x0001b360     0x1dff ./Middlewares/Third_Party/FreeRTOS/Source/tasks.o
 .debug_line    0x0001d15f      0xdc2 ./Middlewares/Third_Party/FreeRTOS/Source/timers.o
 .debug_line    0x0001df21      0x903 ./Middlewares/Third_Party/FreeRTOS/Source/portable/GCC/ARM_CM4F/port.o
 .debug_line    0x0001e824      0x965 ./Middlewares/Third_Party/FreeRTOS/Source/portable/MemMang/heap_4.o

.debug_str      0x00000000    0xe26f5
 .debug_str     0x00000000     0xa418 ./Core/Src/calculate.o
                               0xa629 (size before relaxing)
 .debug_str     0x0000a418       0x60 ./Core/Src/encoder.o
                               0xa5d5 (size before relaxing)
 .debug_str     0x0000a478    0xcc5e0 ./Core/Src/main.o
                              0xd6f24 (size before relaxing)
 .debug_str     0x000d6a58       0x17 ./Core/Src/self_gps.o
                               0xa5f6 (size before relaxing)
 .debug_str     0x000d6a6f       0x14 ./Core/Src/servo.o